03-24 09:57:59.029 26251 32542 V MoEngage_v7716: ActivityStopTask : executing task
03-24 09:57:59.029 26251 32542 V MoEngage_v7716: ActivityLifecycleStop : com.yatra.flights.activity.LocationSearchActivity stopped
03-24 09:57:59.029 26251 32542 D MoEngage_v7716: ActivityStopTask: activity counter 2
03-24 09:57:59.029 26251 32542 V MoEngage_v7716: ActivityStopTask : completed execution
03-24 09:57:59.029 26251 32542 V MoEngage_v7716: Task completed : ACTIVITY_STOP
03-24 09:57:59.070 26251 26251 D TextView: SYANI: Clipboard API is calling: clearFilter()
03-24 09:57:59.070 26251 26251 D TextView: SYANI: Clipboard API is calling: unregisterClipboardEventListener()
03-24 09:57:59.071 26251 26251 D ViewRootImpl@87d7127[LocationSearchActivity]: mHardwareRenderer.destroy()#4
03-24 09:57:59.072 26251 26251 D ViewRootImpl@87d7127[LocationSearchActivity]: dispatchDetachedFromWindow
03-24 09:57:59.072  2948  3991 D WindowManager: disposeInputChannel mInputChannel: 1634378 com.yatra.base/com.yatra.flights.activity.LocationSearchActivity (server)
03-24 09:57:59.073  2948  3991 I WindowManager_SurfaceController: Destroying surface Surface(name=com.yatra.base/com.yatra.flights.activity.LocationSearchActivity) called by com.android.server.wm.WindowStateAnimator.destroySurface:3070 com.android.server.wm.WindowStateAnimator.destroySurfaceLocked:1138 com.android.server.wm.WindowState.removeLocked:1923 com.android.server.wm.WindowManagerService.removeWindowInnerLocked:2998 com.android.server.wm.WindowManagerService.removeWindowInnerLocked:2958 com.android.server.wm.WindowManagerService.removeWindowLocked:2938 com.android.server.wm.WindowManagerService.removeWindowLocked:2740 com.android.server.wm.WindowManagerService.removeWindowLocked:2735 
03-24 09:57:59.073  2412  2423 I SurfaceFlinger: id=892 Removed com.yatra.base/com.yatra.flights.activity.LocationSearchActivity (4/5)
03-24 09:57:59.073  2412  2421 I SurfaceFlinger: id=892 Removed com.yatra.base/com.yatra.flights.activity.LocationSearchActivity (-2/5)
03-24 09:57:59.076  2948  3991 D InputTransport: Input channel destroyed: fd=404
03-24 09:57:59.077 26251 26251 D InputTransport: Input channel destroyed: fd=159
03-24 09:57:59.103  4339  4339 I SKBD    : mz writeDBdataToFileOnFinishInput()
03-24 09:57:59.388  2948  3058 D InputReader: Input event(4): value=1 when=35193072895000
03-24 09:57:59.388  2948  3058 D InputReader: Input event(4): value=1 when=35193072895000
03-24 09:57:59.388  2948  3058 I InputReader: Touch event's action is 0x0 (deviceType=0) [pCnt=1, s=0.1755 ] when=35193072895000
03-24 09:57:59.388  2948  3057 I InputDispatcher: Delivering touch to (3216): action: 0x4, toolType: 1
03-24 09:57:59.388  2948  3057 I InputDispatcher: Delivering touch to (26251): action: 0x0, toolType: 1
03-24 09:57:59.389 26251 26251 D ViewRootImpl@5f3fd63[FlightBookingActivity]: ViewPostImeInputStage processPointer 0
03-24 09:57:59.422  2948  3058 D InputReader: Input event(4): value=0 when=35193106697000
03-24 09:57:59.422  2948  3058 D InputReader: Input event(4): value=0 when=35193106697000
03-24 09:57:59.422  2948  3058 I InputReader: Touch event's action is 0x1 (deviceType=0) [pCnt=1, s=] when=35193106697000
03-24 09:57:59.422  2948  3057 I InputDispatcher: Delivering touch to (26251): action: 0x1, toolType: 1
03-24 09:57:59.422 26251 26251 D ViewRootImpl@5f3fd63[FlightBookingActivity]: ViewPostImeInputStage processPointer 1
03-24 09:57:59.427  2948  3992 I ActivityManager: START u0 {act=null typ=null flg=0x0 cmp=ComponentInfo{com.yatra.base/com.yatra.flights.activity.LocationSearchActivity}} from uid 10178 on display 0
03-24 09:57:59.429  2948  3992 D ActivityManager: ActivityRecord() Constructor : multiScreenAttrs=MultiScreenAttrs{mDisplayId=0, mBaseDisplayId=0, mBaseActivity=false}
03-24 09:57:59.439  2948  3992 D CustomFrequencyManagerService: acquireDVFSLockLocked : type : DVFS_MIN_LIMIT  frequency : 1482000  uid : 1000  pid : 2948  pkgName : AMS_ACT_START@CPU_MIN@56
03-24 09:57:59.440  2948  3992 D ActivityManagerPerformance: AMP_acquire() ACT_START
03-24 09:57:59.440  2948  3992 D ActivityManager: moveToFront() : reason=sourceStackToFront isAttached=true null
03-24 09:57:59.441  2948  3992 D ActivityTrigger: Activity is Triggerred in full screen 
03-24 09:57:59.442  2948  3992 D ActivityManager: moveToFront() : reason=startedActivity setFocusedActivity isAttached=true TaskRecord{96adba9d0 #194 A=com.yatra.base U=0 StackId=1 sz=3}
03-24 09:57:59.443  2948  3992 D InputDispatcher: Focused application set to: xxxx
03-24 09:57:59.444  2948  3992 D InputDispatcher: Focus left window: 26251
03-24 09:57:59.445  2948  3992 D ActivityManager: resumeTopActivityInnerLocked() : #1 prevTask=TaskRecord{96adba9d0 #194 A=com.yatra.base U=0 StackId=1 sz=3} next=ActivityRecord{504d62ad0 u0 com.yatra.base/com.yatra.flights.activity.LocationSearchActivity t194} mFocusedStack=ActivityStack{9122ec4d0 stackId=1, 1 tasks}
03-24 09:57:59.445  2948  3992 D ActivityTrigger: ActivityTrigger activityPauseTrigger 
03-24 09:57:59.446  2948  3992 D GameManagerService: sem_perfomance_mode: 3
03-24 09:57:59.451 26251 26251 D ViewRootImpl@5f3fd63[FlightBookingActivity]: MSG_WINDOW_FOCUS_CHANGED 0
03-24 09:57:59.453 26251 26251 D ytlog   : pauseCollectingLifecycleData called
03-24 09:57:59.454 26251 26251 D ytlog   : pauseCollectingLifecycleData called
03-24 09:57:59.454 26251 26251 D ytlog   : pauseCollectingLifecycleData called
03-24 09:57:59.454  2948  3481 D ActivityManager: isCustomScaleDownAnimationAllowed() : true
03-24 09:57:59.454  2948  3481 D ActivityManager: setAppIconInfo(), x : 646, y : 1532, width : 200, height : 309, isHomeItem : false
03-24 09:57:59.455  2948  3481 D ActivityManager: resumeTopActivityInnerLocked() : #1 prevTask=TaskRecord{96adba9d0 #194 A=com.yatra.base U=0 StackId=1 sz=3} next=ActivityRecord{504d62ad0 u0 com.yatra.base/com.yatra.flights.activity.LocationSearchActivity t194} mFocusedStack=ActivityStack{9122ec4d0 stackId=1, 1 tasks}
03-24 09:57:59.456  2948  3481 D ActivityManager: applyOptionsLocked(), pendingOptions : null
03-24 09:57:59.462  2948  3481 D GameManagerService: sem_perfomance_mode: 3
03-24 09:57:59.462  2948  3481 D MARsPolicyManager: handlePackageResumedFG pkgName = com.yatra.base, userId = 0
03-24 09:57:59.463  2948  2948 D GameManagerService: NotifyRunnable. pkg: com.yatra.base, type: 4, isMinimized: false, isTunableApp: false
03-24 09:57:59.463  2948  2948 D GameManagerService: unexpected mPrevNotiType: -1
03-24 09:57:59.483 26251 30654 D ytlog   : ResponseContainer [resCode=200, resMessage=Success, interactionId=4f85f286-da82-4150-a7a1-17f6e9b9030d, sessionId=ef5dd9610bb29e6d15218293704969919, interactionType=FlightMonthlyFareData, action=null, requestCode=null]
03-24 09:57:59.493  2948  2975 D SamsungAlarmManager: Cancel Alarm calling from uid:10022 pid :4031 / op:PendingIntent{a776ef7: PendingIntentRecord{eb39663 com.google.android.gms broadcastIntent}}
03-24 09:57:59.517  2948  2975 D SamsungAlarmManager: Cancel Alarm calling from uid:10022 pid :3884 / op:PendingIntent{18e0082: PendingIntentRecord{75f1ecc com.google.android.gms broadcastIntent}}
03-24 09:57:59.525 26251 26251 V MoEngage_v7716: MoEDispatcher:onStart ----
03-24 09:57:59.525 26251 26251 V MoEngage_v7716: ------Start of bundle extras------
03-24 09:57:59.525 26251 26251 V MoEngage_v7716: [ isDepart_key = false ]
03-24 09:57:59.525 26251 26251 V MoEngage_v7716: -------End of bundle extras-------
03-24 09:57:59.525 26251 26251 V MoEngage_v7716: Trying to add START_ACTIVITY to the queue
03-24 09:57:59.525 26251 26251 V MoEngage_v7716: START_ACTIVITY added to queue
03-24 09:57:59.525 26251 26251 V MoEngage_v7716: MoEDispatcher: Fetch or query in app message
03-24 09:57:59.525 26251 26251 V MoEngage_v7716: InAppManager: isFetchRequired: Next server sync will happen in 657 seconds. Is synced in this session ? --> true
03-24 09:57:59.525 26251 26251 V MoEngage_v7716: Trying to add CHECK_IN_APPS to the queue
03-24 09:57:59.525 26251 32542 V MoEngage_v7716: ActivityStartTask : started execution
03-24 09:57:59.525 26251 26251 V MoEngage_v7716: CHECK_IN_APPS added to queue
03-24 09:57:59.525 26251 32542 V MoEngage_v7716: ActivityLifecycleStart : com.yatra.flights.activity.LocationSearchActivity started
03-24 09:57:59.525 26251 26251 V MoEngage_v7716: Trying to add SHOW_SELF_HANDLED_INAPP to the queue
03-24 09:57:59.526 26251 26251 V MoEngage_v7716: SHOW_SELF_HANDLED_INAPP added to queue
03-24 09:57:59.526 26251 26251 V MoEngage_v7716: Location: isSyncRequired: Next server sync will happen in 657 seconds
03-24 09:57:59.526 26251 26251 V MoEngage_v7716: InAppManager: registerInAppmanager -- 
03-24 09:57:59.527 26251 26251 D Adobe   : Start ----------------------------------------------------------
03-24 09:57:59.527 26251 26251 D Adobe   : TrackState key : value areadobe.event.screenload:1
03-24 09:57:59.527 26251 26251 D Adobe   : TrackState key : value areadobe.content.platform:app android
03-24 09:57:59.527 26251 26251 D Adobe   : TrackState key : value areadobe.content.pageType:business
03-24 09:57:59.527 26251 26251 D Adobe   : TrackState key : value areadobe.content.siteSection:flight home
03-24 09:57:59.527 26251 26251 D Adobe   : TrackState key : value areadobe.content.siteSubSectionLevel1:select destination
03-24 09:57:59.527 26251 26251 D Adobe   : TrackState key : value areadobe.user.mcvid:41961425672373672691171310670694127665
03-24 09:57:59.527 26251 26251 D Adobe   : TrackState key : value areadobe.content.pagename:yt:flight:home:destination
03-24 09:57:59.527 26251 26251 D Adobe   : TrackState key : value areadobe.user.loginstatus:logged-in
03-24 09:57:59.527 26251 26251 D Adobe   : TrackState key : value areadobe.user.registrationToken:apa91bgoto9nllnnt9utwx_n-pxr8cj7bhpe84ryf_3gr5fw34sauyeqclfyhf1j4tzpt97syrzl9-qlnu6pwhnh771ktyvghufupdju0ewbvwha6pblazi
03-24 09:57:59.527 26251 26251 D Adobe   : TrackState key : value areadobe.user.email:hH8XQtT1cC3nut5mPsfqtaOW+70gG5yEPAKlcplXxnA=
03-24 09:57:59.527 26251 26251 D Adobe   : TrackState key : value areadobe.content.LOB:flight
03-24 09:57:59.527 26251 26251 D Adobe   : TrackState key : value areadobe.user.number:rMwqHWQV+9H8O/lAhLb0rQ==
03-24 09:57:59.528 26251 26251 D Adobe   : TrackState key : value areadobe.content.sessionid:ef5dd9610bb29e6d15218293704969919
03-24 09:57:59.528 26251 26251 D Adobe   : TrackState state name yt:flight:home:destination
03-24 09:57:59.528 26251 26251 D Adobe   : ---------------------------------------------------------- End
03-24 09:57:59.528 26251 32542 V MoEngage_v7716: MoEProvider: Deleted 0 record(s) for URI: content://com.yatra.base.moengage.provider/inapps
03-24 09:57:59.528 26251 32542 V MoEngage_v7716: MoEDAO:removeExpiredData: Number of IN APP records deleted: 0
03-24 09:57:59.530 26251 32542 V MoEngage_v7716: MoEProvider: Deleted 0 record(s) for URI: content://com.yatra.base.moengage.provider/messages
03-24 09:57:59.530 26251 32542 V MoEngage_v7716: MoEDAO:removeExpiredData: Number of PromotionalMessage records deleted: 0
03-24 09:57:59.531 26251 32542 V MoEngage_v7716: MoEProvider: Deleted 0 record(s) for URI: content://com.yatra.base.moengage.provider/ubox
03-24 09:57:59.531 26251 32542 V MoEngage_v7716: MoEDAO:removeExpiredData: Number of Unified Inbox records deleted: 0
03-24 09:57:59.533 26251 26251 V MoEngage_v7716: Activity onResume called for com.yatra.flights.activity.LocationSearchActivity@b70fa5c
03-24 09:57:59.534 26251 32542 V MoEngage_v7716: MoEProvider: Deleted 0 record(s) for URI: content://com.yatra.base.moengage.provider/campaignlist
03-24 09:57:59.534 26251 32542 V MoEngage_v7716: MoEDAO:removeExpiredData: Number of CampaignList records deleted: 0
03-24 09:57:59.545 26251 26251 D ytlog   : collectLifecycleData called for LocationSearchActivity
03-24 09:57:59.547  4031 32547 I System.out: (HTTPLog)-Static: isSBSettingEnabled false
03-24 09:57:59.547  4031 32547 I System.out: (HTTPLog)-Static: isSBSettingEnabled false
03-24 09:57:59.549  2510  2967 D EnterpriseController: netId is 0
03-24 09:57:59.549  2510  2967 D Netd    : getNetworkForDns: using netid 513 for uid 10022
03-24 09:57:59.549  2510  2967 D DnsProxyListener: DNSDBG::dns addrinfo af 0
03-24 09:57:59.550 26251 26251 D ViewRootImpl@a2c88a7[LocationSearchActivity]: ThreadedRenderer.create() translucent=false
03-24 09:57:59.551  2948  3464 D WindowManager: addWindow: android.view.IWindow$Stub$Proxy@d21c8fc displayId=0
03-24 09:57:59.552  2948  3988 D SamsungAlarmManager: setInexact Intent (T:2/F:0/AC:false) 20180324T102251 - CU:10022/CP:3884
03-24 09:57:59.553  2948  3464 D InputTransport: Input channel constructed: fd=387
03-24 09:57:59.553  2948  3464 D InputTransport: Input channel constructed: fd=404
03-24 09:57:59.553  2948  3464 D WindowManager: openInputChannel mInputChannel: 1171dda com.yatra.base/com.yatra.flights.activity.LocationSearchActivity (server)
03-24 09:57:59.554  2948  3464 D InputTransport: Input channel destroyed: fd=404
03-24 09:57:59.554 26251 26251 D InputTransport: Input channel constructed: fd=156
03-24 09:57:59.554 26251 26251 D ViewRootImpl@a2c88a7[LocationSearchActivity]: setView = DecorView@66669f2[LocationSearchActivity] touchMode=true
03-24 09:57:59.555  2948  3993 D ActivityManager: post active user change for 0 fullscreen true isHomeActivity() false
03-24 09:57:59.556 26251 26251 D ytlog   : Sending API Latency to GA  Service Name getFares.htm time taken 1131515192 Interaction Id 4f85f286-da82-4150-a7a1-17f6e9b9030d session id ef5dd9610bb29e6d15218293704969919
03-24 09:57:59.556 26251 32642 I System.out: (HTTPLog)-Static: isSBSettingEnabled false
03-24 09:57:59.556 26251 32642 I System.out: (HTTPLog)-Static: isSBSettingEnabled false
03-24 09:57:59.567  2948  2948 I Telecom : TelecomFeature: getContactsPackageName: com.samsung.android.contacts: TSI.gDDP@AsM
03-24 09:57:59.567  2948  2948 I Telecom : com.android.server.telecom.TelecomServiceImpl: getUiDefaultPackage : com.samsung.android.contacts: TSI.gDDP@AsM
03-24 09:57:59.568  2948  2948 I Telecom : TelecomFeature: getContactsPackageName: com.samsung.android.contacts
03-24 09:57:59.571  2948  3985 D SamsungAlarmManager: Cancel Alarm calling from uid:10022 pid :4031 / op:PendingIntent{28c520b: PendingIntentRecord{eb39663 com.google.android.gms broadcastIntent}}
03-24 09:57:59.574 26251 26251 W Activity: AppLock checkAppLockState locked:false verifying:false pkgName = com.yatra.base isInMultiWindowMode:false
03-24 09:57:59.578 26251 26251 D ViewRootImpl@a2c88a7[LocationSearchActivity]: dispatchAttachedToWindow
03-24 09:57:59.584  2510  2967 D EnterpriseController: netId is 0
03-24 09:57:59.584  2510  2967 D Netd    : getNetworkForDns: using netid 513 for uid 10103
03-24 09:57:59.584  2510  2967 D DnsProxyListener: DNSDBG::dns addrinfo af 0
03-24 09:57:59.594  2948  3108 D SamsungAlarmManager: Cancel Alarm calling from uid:10022 pid :3884 / op:PendingIntent{fd93da6: PendingIntentRecord{75f1ecc com.google.android.gms broadcastIntent}}
03-24 09:57:59.595  2948  3108 I SamsungAlarmManager: setLocked to kernel - T:2 / 20180324T095800, SetElapsed=231228708, nowELAPSED=231228303
03-24 09:57:59.611  2948  4773 D SamsungAlarmManager: setInexact Intent (T:2/F:0/AC:false) 20180324T102251 - CU:10022/CP:3884
03-24 09:57:59.644  2948  2948 D SSRM:g  : printTemperature(AP = 370, PST = 361 (W:30), BAT = 327, USB = 0, CHG = 0)
03-24 09:57:59.657  2948  2974 V WindowManager: Relayout Window{1171ddad0 u0 com.yatra.base/com.yatra.flights.activity.LocationSearchActivity}: viewVisibility=0 req=1079x1856 WM.LayoutParams{(0,0)(fillxfill) sim=#113 ty=1 fl=#81810100 wanim=0x1030465 vsysui=0x600 needsMenuKey=2 naviIconColor=0}
03-24 09:57:59.658  2412  2412 I SurfaceFlinger: id=896 createSurf (1x1),1 flag=404, com.yatra.base/com.yatra.flights.activity.LocationSearchActivity
03-24 09:57:59.660  2948  2992 D WindowManager: set systemUiVisibility of statusbar : systemUiFlags= 0x608 fullscreenStackSysUiFlag= 0x0
03-24 09:57:59.665  2948  2974 D InputDispatcher: Focus entered window: 26251
03-24 09:57:59.668  2948 27780 D WindowManager: adjustSystemUiVisibilityLw : vis= 0x608
03-24 09:57:59.670 26251 26251 D ViewRootImpl@a2c88a7[LocationSearchActivity]: Relayout returned: oldFrame=[0,0][0,0] newFrame=[0,0][1080,1920] result=0x27 surface={isValid=true -1070766080} surfaceGenerationChanged=true
03-24 09:57:59.670 26251 26251 D ViewRootImpl@a2c88a7[LocationSearchActivity]: mHardwareRenderer.initialize() mSurface={isValid=true -1070766080} hwInitialized=true
03-24 09:57:59.675 26251 30596 D mali_winsys: EGLint new_window_surface(egl_winsys_display*, void*, EGLSurface, EGLConfig, egl_winsys_surface**, egl_color_buffer_format*, EGLBoolean) returns 0x3000,  [1080x1920]-format:1
03-24 09:57:59.815 26251 26251 D AbsListView:  in onLayout changed 
03-24 09:57:59.820 26251 32542 V MoEngage_v7716: ActivityStartTask : completed execution
03-24 09:57:59.820 26251 32542 V MoEngage_v7716: Task completed : START_ACTIVITY
03-24 09:57:59.820 26251 32548 V MoEngage_v7716: ShowSelfHandledInAppTask : executing task
03-24 09:57:59.820 26251 32548 I MoEngage_v7716: InAppManager: getInAppMessageToShow for type: SELF_HANDLED ALIGN_TYPE: null
03-24 09:57:59.820 26251 32548 V MoEngage_v7716: ShowSelfHandledInAppTask : completed task
03-24 09:57:59.820 26251 32548 V MoEngage_v7716: Task completed : SHOW_SELF_HANDLED_INAPP
03-24 09:57:59.820 26251 32542 V MoEngage_v7716: CheckInAppTask  :execution started
03-24 09:57:59.821 26251 32542 I MoEngage_v7716: InAppManager: getInAppMessageToShow for type: GENERAL ALIGN_TYPE: null
03-24 09:57:59.821 26251 32542 V MoEngage_v7716: CheckInAppTask  :execution completed
03-24 09:57:59.821 26251 32542 V MoEngage_v7716: Task completed : CHECK_IN_APPS
03-24 09:57:59.821 26251 32542 V MoEngage_v7716: CheckInAppTask : executing postExecute
03-24 09:57:59.821 26251 32542 V MoEngage_v7716: CheckInAppTask : completed postExecute
03-24 09:57:59.844  2948  6363 D WindowManager: finishDrawingWindow: Window{1171ddad0 u0 com.yatra.base/com.yatra.flights.activity.LocationSearchActivity} mDrawState=DRAW_PENDING
03-24 09:57:59.845 26251 26251 D ViewRootImpl@a2c88a7[LocationSearchActivity]: MSG_RESIZED_REPORT: frame=Rect(0, 0 - 1080, 1920) ci=Rect(0, 63 - 0, 0) vi=Rect(0, 63 - 0, 0) or=1
03-24 09:57:59.845 26251 26251 D ViewRootImpl@a2c88a7[LocationSearchActivity]: MSG_WINDOW_FOCUS_CHANGED 1
03-24 09:57:59.845 26251 26251 D ViewRootImpl@a2c88a7[LocationSearchActivity]: mHardwareRenderer.initializeIfNeeded()#2 mSurface={isValid=true -1070766080}
03-24 09:57:59.853  2948  3001 I ActivityManager: Displayed com.yatra.base/com.yatra.flights.activity.LocationSearchActivity: +398ms
03-24 09:57:59.854 26251 26251 V InputMethodManager: Starting input: tba=android.view.inputmethod.EditorInfo@5799f7c nm : com.yatra.base ic=com.android.internal.widget.EditableInputConnection@948e005
03-24 09:57:59.854 26251 26251 I InputMethodManager: [IMM] startInputInner - mService.startInputOrWindowGainedFocus
03-24 09:57:59.855  2412  2412 I SurfaceFlinger: id=897 createSurf (1080x1920),-1 flag=20004, com.yatra.base/com.yatra.flights.activity.LocationSearchActivity_dim
03-24 09:57:59.856  2948  3485 D InputMethodManagerService: windowGainedFocus mCurrentFocusedUserId - 0 and mSecureKeypadEnabled-false
03-24 09:57:59.859  2948  3485 V InputMethodManagerService: windowGainedFocus: reason=WINDOW_FOCUS_GAIN client=android.os.BinderProxy@67b3bb7 inputContext=com.android.internal.view.IInputContext$Stub$Proxy@39e67cf missingMethods= attribute=android.view.inputmethod.EditorInfo@72d755c nm = com.yatra.base controlFlags=#107 softInputMode=#113 windowFlags=#81810100
03-24 09:57:59.859  2948  3485 V InputMethodManagerService: Window asks to hide input
03-24 09:57:59.859  2948  3485 V InputMethodManagerService: hideCurrentInputLocked - !shouldHideSoftInput
03-24 09:57:59.859  2948  3485 D InputTransport: Input channel constructed: fd=404
03-24 09:57:59.859  2948  3485 D InputTransport: Input channel destroyed: fd=404
03-24 09:57:59.859  4339  4339 I SKBD    : SamsungKeypad onFinishInput took nanoTime: 88385
03-24 09:57:59.860 26251 26251 D InputTransport: Input channel constructed: fd=136
03-24 09:57:59.860  4339  4339 I SKBD    : SamsungKeypad [IMI] onStartInput - caller packageName : com.yatra.base
03-24 09:57:59.860  4339  4339 I SKBD    : tz PrivateImeOptionsControllerImpl getDefaultInputrange()
03-24 09:57:59.860 26251 26251 D InputTransport: Input channel destroyed: fd=172
03-24 09:57:59.860  4339  4339 I SKBD    : SKBD_SYNC import DLM start onstart input
03-24 09:57:59.860  4339  4339 I SKBD    : SamsungKeypad onStartInput took nanoTime: 216000
03-24 09:57:59.868  2948  3083 D WindowManager: finishDrawingWindow: Window{1171ddad0 u0 com.yatra.base/com.yatra.flights.activity.LocationSearchActivity} mDrawState=HAS_DRAWN
03-24 09:57:59.889 26251 26251 D ViewRootImpl@5f3fd63[FlightBookingActivity]: mHardwareRenderer.destroy()#1
03-24 09:57:59.891  2948  6362 V WindowManager: Relayout Window{6f1725fd0 u0 com.yatra.base/com.yatra.flights.activity.FlightBookingActivity}: viewVisibility=8 req=1080x1920 WM.LayoutParams{(0,0)(fillxfill) sim=#10 ty=1 fl=#81810100 wanim=0x1030465 vsysui=0x700 needsMenuKey=2 naviIconColor=0}
03-24 09:57:59.896 26251 26251 D ViewRootImpl@5f3fd63[FlightBookingActivity]: Relayout returned: oldFrame=[0,0][1080,1920] newFrame=[0,0][1080,1920] result=0x5 surface={isValid=false 0} surfaceGenerationChanged=true
03-24 09:57:59.903  2412  2412 D SurfaceFlinger:   Display[0] configurations (* current):
03-24 09:57:59.903  2412  2412 D SurfaceFlinger:     * 0: 1080x1920, xdpi=403.411011, ydpi=403.040985, refresh=16949152
03-24 09:57:59.903  2412  2412 D SurfaceFlinger:   numHwLayers=5, flags=00000000
03-24 09:57:59.903  2412  2412 D SurfaceFlinger:     type   |  handle  | hint | flag | tr | blnd |   format    |     source crop (l,t,r,b)      |          frame         | name 
03-24 09:57:59.903  2412  2412 D SurfaceFlinger: -----------+----------+------+------+----+------+-------------+--------------------------------+------------------------+------
03-24 09:57:59.903  2412  2412 D SurfaceFlinger:        HWC | f338d400 | 0000 | 0020 | 00 | 0100 | RGBA_8888   |    2.0,    0.0, 1080.0, 1920.0 |    0,    0, 1078, 1920 | com.yatra.base/com.yatra.flights.activity.FlightBookingActivity
03-24 09:57:59.903  2412  2412 D SurfaceFlinger:       GLES | 00000000 | 0000 | 0200 | 00 | 0105 | ? ffffffff  |    0.0,    0.0,   -1.0,   -1.0 |    0,    0, 1080, 1920 | com.yatra.base/com.yatra.flights.activity.LocationSearchActivity_dim
03-24 09:57:59.903  2412  2412 D SurfaceFlinger:       GLES | f3184780 | 0000 | 0020 | 00 | 0100 | RGBA_8888   |    0.0,    0.0,  167.0, 1920.0 |  913,    0, 1080, 1920 | com.yatra.base/com.yatra.flights.activity.LocationSearchActivity
03-24 09:57:59.903  2412  2412 D SurfaceFlinger:        HWC | f338c1e0 | 0000 | 0000 | 00 | 0105 | RGBA_8888
03-24 09:57:59.903  2412  2412 D SurfaceFlinger:    |    0.0,    0.0, 1080.0,   63.0 |    0,    0, 1080,   63 | StatusBar
03-24 09:57:59.903  2412  2412 D SurfaceFlinger:  FB TARGET | f3184500 | 0000 | 0000 | 00 | 0105 | RGBA_8888   |    0.0,    0.0, 1080.0, 1920.0 |    0,    0, 1080, 1920 | HWC_FRAMEBUFFER_TARGET
03-24 09:57:59.973  2948 27779 D SamsungAlarmManager: Cancel Alarm calling from uid:10022 pid :4031 / op:PendingIntent{fa981c7: PendingIntentRecord{c3c5b06 com.google.android.gms broadcastIntent}}
03-24 09:57:59.990  2948  3985 D SamsungAlarmManager: Cancel Alarm calling from uid:10022 pid :4031 / op:PendingIntent{d4370de: PendingIntentRecord{c3c5b06 com.google.android.gms broadcastIntent}}
03-24 09:57:59.994  2948  3099 D SamsungAlarmManager: setExact Intent (T:2/F:0/AC:false) 20180324T113927 - CU:10022/CP:4031
03-24 09:57:59.999  2948  3044 D SamsungAlarmManager: Expired : 12
03-24 09:57:59.999  2948  3044 I SamsungAlarmManager: setLocked to kernel - T:2 / 20180324T095841, SetElapsed=231269710, nowELAPSED=231228708
03-24 09:58:00.000  2948  3044 V SamsungAlarmManager: Sending to uid : 1000 action=android.intent.action.TIME_TICK alarm=Alarm{bcee2bf type 3 when 231228708 android}
03-24 09:58:00.000  2948  3044 V SamsungAlarmManager: Sending to uid : 10044 action=null alarm=Alarm{ee6ed8c type 0 when 1521865669492 com.android.vending}
03-24 09:58:00.007  2948  3044 V SamsungAlarmManager: Sending to uid : 10022 action=com.google.android.location.ALARM_WAKEUP_LOCATOR alarm=Alarm{afbfcd5 type 2 when 231220532 com.google.android.gms}
03-24 09:58:00.014  2948  3044 V SamsungAlarmManager: Sending to uid : 10073 action=com.samsung.action.EVERY_MINUTE_CLOCK_UPDATE alarm=Alarm{418ebdb type 1 when 1521865680000 com.sec.android.app.launcher}
03-24 09:58:00.019 29432 32646 I Finsky  : [5596] com.google.android.finsky.flushlogs.FlushLogsReceiver$FlushLogsService.onHandleIntent(10): Flushing event logs for [SJPNielkhDeoUse-5M4o9IrY4TY]
03-24 09:58:00.019 29432 29477 I PlayCommon: [5513] com.google.android.play.b.h.e(263): Preparing logs for uploading
03-24 09:58:00.020 29432 29477 I PlayCommon: [5513] com.google.android.play.b.h.e(267): No file ready to send
03-24 09:58:00.021  2948  2948 D SamsungAlarmManager: setExact Intent (T:3/F:1/AC:false) 20180324T095900 - CU:1000/CP:2948
03-24 09:58:00.022  3216  3216 D KeyguardUpdateMonitor: received broadcast android.intent.action.TIME_TICK
03-24 09:58:00.022 29432 31942 I PlayCommon: [5589] com.google.android.play.b.h.e(263): Preparing logs for uploading
03-24 09:58:00.022  3216  3216 D KeyguardUpdateMonitor: handleTimeUpdate#start
03-24 09:58:00.023 29432 31942 I PlayCommon: [5589] com.google.android.play.b.h.e(267): No file ready to send
03-24 09:58:00.031  3216  3216 D KeyguardUpdateMonitor: handleTimeUpdate#end
03-24 09:58:00.031  3216  3216 D SystemUI_Clock: Clock received ACTION_TIME_TICK : start
03-24 09:58:00.033  2948  6367 D SamsungAlarmManager: setExact Intent (T:2/F:1/AC:false) 20180324T095805 - CU:10022/CP:3884
03-24 09:58:00.033  2948  6367 I SamsungAlarmManager: setLocked to kernel - T:2 / 20180324T095805, SetElapsed=231233737, nowELAPSED=231228742
03-24 09:58:00.034  3216  3216 D SystemUI_Clock: Clock received ACTION_TIME_TICK : end
03-24 09:58:00.034  2948  3118 I WifiHAL : Got channel list with 13 channels
03-24 09:58:00.034  3884  4481 D TelephonyManager: getAllCellInfo : Caller (PID / UID / TID): 3884 / 10022 / 4481
03-24 09:58:00.036 20743 20743 I wpa_supplicant: wlan0: Setting scan request: 0 sec 0 usec
03-24 09:58:00.036 20743 20743 I wpa_supplicant: P2P: Current p2p state = IDLE
03-24 09:58:00.040  3216  3216 D TextClock: TextClock received ACTION_TIME_TICK : start
03-24 09:58:00.040  3216  3216 D TextClock: TextClock received ACTION_TIME_TICK : end
03-24 09:58:00.041 20743 20743 I wpa_supplicant: Scan requested (ret=0) - scan timeout 30 seconds
03-24 09:58:00.042  2948  3118 D SamsungAlarmManager: setInexact Listener (T:2/F:8/AC:false) 20180324T095815 - CU:1000/CP:2948
03-24 09:58:00.043  3999  3999 I Launcher: onReceive: com.samsung.action.EVERY_MINUTE_CLOCK_UPDATE
03-24 09:58:00.047  3216  3216 D TextClock: TextClock received ACTION_TIME_TICK : start
03-24 09:58:00.048  3216  3216 D TextClock: TextClock received ACTION_TIME_TICK : end
03-24 09:58:00.051  2948  3992 D SamsungAlarmManager: setInexact Intent (T:1/F:0/AC:false) 20180324T095900 - CU:10073/CP:3999
03-24 09:58:00.052  3999  3999 I IconView: applyFromApplicationInfo - start GetLive : com.sec.android.app.clockpackage
03-24 09:58:00.057  3216  3216 D TextClock: TextClock received ACTION_TIME_TICK : start
03-24 09:58:00.058  3216  3216 D TextClock: TextClock received ACTION_TIME_TICK : end
03-24 09:58:00.059  3999  3999 D Qmage   : NewFromStream
03-24 09:58:00.060  3999  3999 D Qmage   : ParseHeader
03-24 09:58:00.060  3999  3999 D Qmage   : decode QG
03-24 09:58:00.060  3999  3999 D Qmage   : QuramQmageDecParseHeader s
03-24 09:58:00.060  3999  3999 D Qmage   : QuramQmageDecParseHeader e
03-24 09:58:00.060  3999  3999 D Qmage   : colorType 4
03-24 09:58:00.060  3999  3999 D Qmage   : kPremul_SkAlphaType
03-24 09:58:00.060  3999  3999 D Qmage   : requestedInfo kPremul_SkAlphaType
03-24 09:58:00.060  3216  3216 D SystemUI_DateView: DateView received ACTION_TIME_TICK : start
03-24 09:58:00.060  3999  3999 D Qmage   : requestedInfo k32_SkColorType
03-24 09:58:00.060  3999  3999 D Qmage   : conversion_possible s
03-24 09:58:00.060  3999  3999 D Qmage   : Qmage colorType: 4
03-24 09:58:00.060  3999  3999 D Qmage   : Qmage width height: 144, 144
03-24 09:58:00.060  3999  3999 D Qmage   : Qmage bpp: 4
03-24 09:58:00.060  3999  3999 D Qmage   : storage.reset: 82944
03-24 09:58:00.060  3999  3999 D Qmage   : SampleConf.Crop : 1
03-24 09:58:00.060  3999  3999 D Qmage   : SampleConf.Scale : 0
03-24 09:58:00.060  3999  3999 D Qmage   : QuramQmageDecodeFrame.start
03-24 09:58:00.060  3216  3216 D SystemUI_DateView: DateView received ACTION_TIME_TICK : end
03-24 09:58:00.060  3999  4746 D Qmage   : NewFromStream
03-24 09:58:00.060  3999  4746 D Qmage   : ParseHeader
03-24 09:58:00.060  3999  4746 D Qmage   : decode QG
03-24 09:58:00.060  3999  4746 D Qmage   : QuramQmageDecParseHeader s
03-24 09:58:00.061  3999  4746 D Qmage   : QuramQmageDecParseHeader e
03-24 09:58:00.061  3999  4746 D Qmage   : colorType 4
03-24 09:58:00.061  3999  4746 D Qmage   : kPremul_SkAlphaType
03-24 09:58:00.061  3999  4746 D Qmage   : requestedInfo kPremul_SkAlphaType
03-24 09:58:00.061  3999  4746 D Qmage   : requestedInfo k32_SkColorType
03-24 09:58:00.061  3999  4746 D Qmage   : conversion_possible s
03-24 09:58:00.061  3999  4746 D Qmage   : Qmage colorType: 4
03-24 09:58:00.061  3999  4746 D Qmage   : Qmage width height: 144, 144
03-24 09:58:00.061  3999  4746 D Qmage   : Qmage bpp: 4
03-24 09:58:00.061  3999  4746 D Qmage   : storage.reset: 82944
03-24 09:58:00.061  3999  4746 D Qmage   : SampleConf.Crop : 1
03-24 09:58:00.061  3999  4746 D Qmage   : SampleConf.Scale : 0
03-24 09:58:00.061  3999  4746 D Qmage   : QuramQmageDecodeFrame.start
03-24 09:58:00.061  3999  3999 D Qmage   : QuramQmageDecodeFrame.end
03-24 09:58:00.061  3216  3216 D SystemUI_Clock: Clock received ACTION_TIME_TICK : start
03-24 09:58:00.062  3999  4746 D Qmage   : QuramQmageDecodeFrame.end
03-24 09:58:00.062  3999  3999 D Qmage   : destroyReadStruct
03-24 09:58:00.063  3999  4746 D Qmage   : destroyReadStruct
03-24 09:58:00.063  3999  3999 D ApplicationPackageManager: we has com.sec.android.app.clockpackage class. reuse it 
03-24 09:58:00.063  3999  3999 D LiveIconLoader: getLiveIcon was called in ClockPackage
03-24 09:58:00.064  3999  4746 D ApplicationPackageManager: we has com.sec.android.app.clockpackage class. reuse it 
03-24 09:58:00.064  3999  4746 D LiveIconLoader: getLiveIcon was called in ClockPackage
03-24 09:58:00.064  3216  3216 D SystemUI_Clock: Clock received ACTION_TIME_TICK : end
03-24 09:58:00.066  3999  4746 D LiveIconLoader: getLiveIcon res = com.sec.android.app.clockpackage
03-24 09:58:00.067  3999  3999 D LiveIconLoader: getLiveIcon res = com.sec.android.app.clockpackage
03-24 09:58:00.067  3999  4746 D LiveIconLoader: stdIconSize : 126 , targetIconSize : 152
03-24 09:58:00.067  3999  4746 D LiveIconLoader: mIconDpi : 640 , mTargetIconDpi : 420
03-24 09:58:00.068  3999  4746 D Qmage   : NewFromStream
03-24 09:58:00.068  3999  4746 D Qmage   : ParseHeader
03-24 09:58:00.068  3999  4746 D Qmage   : decode QG
03-24 09:58:00.068  3999  4746 D Qmage   : QuramQmageDecParseHeader s
03-24 09:58:00.068  3999  4746 D Qmage   : QuramQmageDecParseHeader e
03-24 09:58:00.068  3999  4746 D Qmage   : colorType 4
03-24 09:58:00.068  3999  3999 D LiveIconLoader: stdIconSize : 126 , targetIconSize : 152
03-24 09:58:00.068  3999  4746 D Qmage   : kPremul_SkAlphaType
03-24 09:58:00.068  3999  3999 D LiveIconLoader: mIconDpi : 640 , mTargetIconDpi : 420
03-24 09:58:00.068  3999  4746 D Qmage   : requestedInfo kPremul_SkAlphaType
03-24 09:58:00.068  3999  4746 D Qmage   : requestedInfo k32_SkColorType
03-24 09:58:00.068  3999  4746 D Qmage   : conversion_possible s
03-24 09:58:00.068  3999  4746 D Qmage   : Qmage colorType: 4
03-24 09:58:00.068  3999  4746 D Qmage   : Qmage width height: 144, 144
03-24 09:58:00.068  3999  4746 D Qmage   : Qmage bpp: 4
03-24 09:58:00.068  3999  4746 D Qmage   : storage.reset: 82944
03-24 09:58:00.068  3999  4746 D Qmage   : SampleConf.Crop : 1
03-24 09:58:00.068  3999  4746 D Qmage   : SampleConf.Scale : 0
03-24 09:58:00.068  3999  4746 D Qmage   : QuramQmageDecodeFrame.start
03-24 09:58:00.068  3999  3999 D Qmage   : NewFromStream
03-24 09:58:00.068  3999  3999 D Qmage   : ParseHeader
03-24 09:58:00.068  3999  3999 D Qmage   : decode QG
03-24 09:58:00.068  3999  3999 D Qmage   : QuramQmageDecParseHeader s
03-24 09:58:00.068  3999  3999 D Qmage   : QuramQmageDecParseHeader e
03-24 09:58:00.068  3999  3999 D Qmage   : colorType 4
03-24 09:58:00.068  3999  3999 D Qmage   : kPremul_SkAlphaType
03-24 09:58:00.069  3999  3999 D Qmage   : requestedInfo kPremul_SkAlphaType
03-24 09:58:00.069  3999  3999 D Qmage   : requestedInfo k32_SkColorType
03-24 09:58:00.069  3999  3999 D Qmage   : conversion_possible s
03-24 09:58:00.069  3999  3999 D Qmage   : Qmage colorType: 4
03-24 09:58:00.069  3999  3999 D Qmage   : Qmage width height: 144, 144
03-24 09:58:00.069  3999  3999 D Qmage   : Qmage bpp: 4
03-24 09:58:00.069  3999  3999 D Qmage   : storage.reset: 82944
03-24 09:58:00.069  3999  3999 D Qmage   : SampleConf.Crop : 1
03-24 09:58:00.069  3999  3999 D Qmage   : SampleConf.Scale : 0
03-24 09:58:00.069  3999  3999 D Qmage   : QuramQmageDecodeFrame.start
03-24 09:58:00.069  3999  4746 D Qmage   : QuramQmageDecodeFrame.end
03-24 09:58:00.070  3999  3999 D Qmage   : QuramQmageDecodeFrame.end
03-24 09:58:00.071  3999  4746 D Qmage   : destroyReadStruct
03-24 09:58:00.071  3999  3999 D Qmage   : destroyReadStruct
03-24 09:58:00.075  3216  3216 D TextClock: TextClock received ACTION_TIME_TICK : start
03-24 09:58:00.075  3216  3216 D TextClock: TextClock received ACTION_TIME_TICK : end
03-24 09:58:00.077  3216  3216 D TextClock: TextClock received ACTION_TIME_TICK : start
03-24 09:58:00.077  3216  3216 D TextClock: TextClock received ACTION_TIME_TICK : end
03-24 09:58:00.079  3216  3216 D TextClock: TextClock received ACTION_TIME_TICK : start
03-24 09:58:00.080  3216  3216 D TextClock: TextClock received ACTION_TIME_TICK : end
03-24 09:58:00.081  3216  3216 D TextClock: TextClock received ACTION_TIME_TICK : start
03-24 09:58:00.082  3216  3216 D TextClock: TextClock received ACTION_TIME_TICK : end
03-24 09:58:00.084  3999  4746 I ApplicationPackageManager: load= live icon for com.sec.android.app.clockpackage, from overlay = false
03-24 09:58:00.085  3999  3999 I ApplicationPackageManager: load= live icon for com.sec.android.app.clockpackage, from overlay = false
03-24 09:58:00.085 25055 25055 D [WeatherWidget(15261)]  WeatherService: {[B73D43639EB27FAA34EF41A6129C1FA787B8DDA06B4FC8C3DFFF289A8228DE1D07957C4CB0877FB29CB85D37C68D39BF076A5D6720D2DA7CE46EF7EA2858EC07]}
03-24 09:58:00.086 25055 25055 D [WeatherWidget(15261)]  : {[3AE6950019B083611567B0F9442DB03E36B37708FCADB7FDDBA670B1362D994454BFFFDA2568816BBDDA6DD60F644DCF]}
03-24 09:58:00.086  3999  4746 I LiveIconFactory: onFutureDone: done: com.sec.android.app.clockpackage,UserHandle{0}
03-24 09:58:00.086  3999  4746 D LiveIconManager: onResponseLiveIcon: 
03-24 09:58:00.087 25055 25055 D [WeatherWidget(15261)]  DB L2: {[610591C4E30FED4A153FF198DAC84EFEE3319B0D622FD4A19809E90ED3C1398368D658B139FCCB8B9564F5B4E9CB634EEBF060A764E5650FA26DF8ABB25CFF54]}
03-24 09:58:00.088 25055 25055 D [WeatherWidget(15261)]  : {[E9BDC1AC9F9B078A92B3F309630276C89F9B6E52C087A495B97355481F2FDE5BB5CA68D930EF37FBAC9AD97DB5922F3E614D17E6B33C3EC6B4A375DD631A428A]}
03-24 09:58:00.088  3999  3999 I LiveIconManager: getLiveIcon: complete(sync_created)
03-24 09:58:00.088  3999  3999 I IconView: applyFromApplicationInfo - end GetLive : com.sec.android.app.clockpackage
03-24 09:58:00.089 25055 25055 D [WeatherWidget(15261)]  DB L2: {[610591C4E30FED4A153FF198DAC84EFE259FA03515F619060291D19B9A2E73CB46DA064369D1073FED4BA9669B425DCA85C5DD12CF085E0761475010E2C23B38]}
03-24 09:58:00.089  3999  3999 I IconView: applyFromApplicationInfo - start GetLive : com.samsung.android.calendar
03-24 09:58:00.089  3999  3999 I IconView: applyFromApplicationInfo - end GetLive : com.samsung.android.calendar
03-24 09:58:00.089 25055 25055 D [WeatherWidget(15261)]  DB L2: {[610591C4E30FED4A153FF198DAC84EFE1A65FB0EE8B7C5763A9CB231BC13495CAF613EFA9447403F6BB9CE09A1869F2F8BBBE5C4CD96497E202BB95C34571651]}
03-24 09:58:00.092 25055 25055 D [WeatherWidget(15261)]  : {[3AE6950019B083611567B0F9442DB03EF4A0ECA9EDEEE1C6764DEF6294C10F4F0BAD60A0CC696E8D15537EBE77D0F441F941FE30DFEB6E45A2BAA0295B86238B6B5477898ADD292C8EB7917680951853]}
03-24 09:58:00.093 25055 25055 D [WeatherWidget(15261)]  : {[A1AF0F6A1A65A89C43D705938923D0FE0259CBA56E4484DDAF167EE897E0098DE850AA1CD21F02772909809D64B9BF9AE6E5F7F21958CF0F4DB66F85A12726FE5C67FD274DB0DCCF9FE44A27DC8692114DA5E0D4A6393BA970C494D272C92A259867715B334424E32037681E1BCE2B76]}
03-24 09:58:00.093 25055 25055 D [WeatherWidget(15261)]  : {[6002C44AFB8B8A7E8476445AF05D525CE2C157D06901632F47E42813CC40FF36]}
03-24 09:58:00.094  3216  3216 D DateTimeView: DateTimeView received ACTION_TIME_TICK : start
03-24 09:58:00.094  3216  3216 D DateTimeView: DateTimeView received ACTION_TIME_TICK : end
03-24 09:58:00.096  3999  4751 D Qmage   : NewFromStream
03-24 09:58:00.096  3999  4751 D Qmage   : ParseHeader
03-24 09:58:00.096  3999  4751 D Qmage   : decode QG
03-24 09:58:00.096  3999  4751 D Qmage   : QuramQmageDecParseHeader s
03-24 09:58:00.096  3999  4751 D Qmage   : QuramQmageDecParseHeader e
03-24 09:58:00.096  3999  4751 D Qmage   : colorType 4
03-24 09:58:00.096  3999  4751 D Qmage   : kPremul_SkAlphaType
03-24 09:58:00.096  3999  4751 D Qmage   : requestedInfo kPremul_SkAlphaType
03-24 09:58:00.096  3999  4751 D Qmage   : requestedInfo k32_SkColorType
03-24 09:58:00.096  3999  4751 D Qmage   : conversion_possible s
03-24 09:58:00.096  3999  4751 D Qmage   : Qmage colorType: 4
03-24 09:58:00.096  3999  4751 D Qmage   : Qmage width height: 144, 144
03-24 09:58:00.096  3999  4751 D Qmage   : Qmage bpp: 4
03-24 09:58:00.096  3999  4751 D Qmage   : storage.reset: 82944
03-24 09:58:00.096  3999  4751 D Qmage   : SampleConf.Crop : 1
03-24 09:58:00.096  3999  4751 D Qmage   : SampleConf.Scale : 0
03-24 09:58:00.096  3999  4751 D Qmage   : QuramQmageDecodeFrame.start
03-24 09:58:00.098  3999  4751 D Qmage   : QuramQmageDecodeFrame.end
03-24 09:58:00.099  3999  4751 D Qmage   : destroyReadStruct
03-24 09:58:00.100  3999  4751 D ApplicationPackageManager: we has com.samsung.android.calendar class. reuse it 
03-24 09:58:00.101  3999  4751 D Qmage   : NewFromStream
03-24 09:58:00.101  3999  4751 D Qmage   : ParseHeader
03-24 09:58:00.101  3999  4751 D Qmage   : decode QG
03-24 09:58:00.101  3999  4751 D Qmage   : QuramQmageDecParseHeader s
03-24 09:58:00.101  3999  4751 D Qmage   : QuramQmageDecParseHeader e
03-24 09:58:00.101  3999  4751 D Qmage   : colorType 4
03-24 09:58:00.101  3999  4751 D Qmage   : kPremul_SkAlphaType
03-24 09:58:00.101  3999  4751 D Qmage   : requestedInfo kPremul_SkAlphaType
03-24 09:58:00.101  3999  4751 D Qmage   : requestedInfo k32_SkColorType
03-24 09:58:00.101  3999  4751 D Qmage   : conversion_possible s
03-24 09:58:00.101  3999  4751 D Qmage   : Qmage colorType: 4
03-24 09:58:00.101  3999  4751 D Qmage   : Qmage width height: 144, 144
03-24 09:58:00.101  3999  4751 D Qmage   : Qmage bpp: 4
03-24 09:58:00.101  3999  4751 D Qmage   : storage.reset: 82944
03-24 09:58:00.101  3999  4751 D Qmage   : SampleConf.Crop : 1
03-24 09:58:00.101  3999  4751 D Qmage   : SampleConf.Scale : 0
03-24 09:58:00.101  3999  4751 D Qmage   : QuramQmageDecodeFrame.start
03-24 09:58:00.103  3999  4751 D Qmage   : QuramQmageDecodeFrame.end
03-24 09:58:00.104  3999  4751 D Qmage   : destroyReadStruct
03-24 09:58:00.111  3999  4751 I ApplicationPackageManager: load= live icon for com.samsung.android.calendar, from overlay = false
03-24 09:58:00.112  3999  4751 I LiveIconFactory: onFutureDone: done: com.samsung.android.calendar,UserHandle{0}
03-24 09:58:00.112  3999  4751 D LiveIconManager: onResponseLiveIcon: 
03-24 09:58:00.138 28001 28026 D [ACT]:ao: processing priority = NORMAL
03-24 09:58:00.177 28050 28081 D [ACT]:ao: processing priority = NORMAL
03-24 09:58:00.257  2948  3001 I WindowManager_SurfaceController: Destroying surface Surface(name=com.yatra.base/com.yatra.flights.activity.LocationSearchActivity_dim) called by com.android.server.wm.WindowStateAnimator.finishExit:606 com.android.server.wm.AppWindowAnimator.stepAnimationLocked:557 com.android.server.wm.WindowAnimator.updateAppWindowsLocked:228 com.android.server.wm.WindowAnimator.animateLocked:946 com.android.server.wm.WindowAnimator.-wrap0:-1 com.android.server.wm.WindowAnimator$1.doFrame:181 android.view.Choreographer$CallbackRecord.run:957 android.view.Choreographer.doCallbacks:734 
03-24 09:58:00.257  2412 13186 I SurfaceFlinger: id=897 Removed com.yatra.base/com.yatra.flights.activity.LocationSearchActivity_dim (3/6)
03-24 09:58:00.258  2412  3056 I SurfaceFlinger: id=897 Removed com.yatra.base/com.yatra.flights.activity.LocationSearchActivity_dim (-2/6)
03-24 09:58:00.264  2948  3001 D CustomFrequencyManagerService: acquireDVFSLockLocked : type : DVFS_MIN_LIMIT  frequency : 1482000  uid : 1000  pid : 2948  pkgName : AMS_RESUME_TAIL@CPU_MIN@20
03-24 09:58:00.265  2948  3001 D ActivityManagerPerformance: AMP_acquire() TAIL
03-24 09:58:00.265  2948  3001 D CustomFrequencyManagerService: FrequencyrequestList.getNextMaxCPUCoreRequest, index: 1
03-24 09:58:00.265  2948  3001 D CustomFrequencyManagerService: releaseDVFSLockLocked : Getting Lock type frm List : DVFS_MIN_LIMIT  frequency : 1482000  uid : 1000  pid : 2948  tag : AMS_ACT_START@CPU_MIN@56
03-24 09:58:00.265  2948  3001 D ActivityManagerPerformance: AMP_release() ACT_START
03-24 09:58:00.266  2948  2991 D ActivityTrigger: ActivityTrigger activityStopTrigger 
03-24 09:58:00.270 26251 26251 V MoEngage_v7716: Activity onStop called for com.yatra.flights.activity.FlightBookingActivity@ba05b19
03-24 09:58:00.270 26251 26251 V MoEngage_v7716: InAppManager: unregisterInAppManager -- 
03-24 09:58:00.270 26251 26251 V MoEngage_v7716: Trying to add ACTIVITY_STOP to the queue
03-24 09:58:00.270 26251 26251 V MoEngage_v7716: ACTIVITY_STOP added to queue
03-24 09:58:00.270 26251 26251 V MoEngage_v7716: Activity onStop called for com.yatra.flights.activity.FlightBookingActivity@ba05b19
03-24 09:58:00.270 26251 26251 V MoEngage_v7716: InAppManager: unregisterInAppManager -- 
03-24 09:58:00.270 26251 32542 V MoEngage_v7716: ActivityStopTask : executing task
03-24 09:58:00.271 26251 32542 V MoEngage_v7716: ActivityLifecycleStop : com.yatra.flights.activity.FlightBookingActivity stopped
03-24 09:58:00.271 26251 32542 D MoEngage_v7716: ActivityStopTask: activity counter 1
03-24 09:58:00.271 26251 26251 V MoEngage_v7716: Trying to add ACTIVITY_STOP to the queue
03-24 09:58:00.271 26251 32542 V MoEngage_v7716: ActivityStopTask : completed execution
03-24 09:58:00.271 26251 26251 V MoEngage_v7716: ACTIVITY_STOP added to queue
03-24 09:58:00.271 26251 32542 V MoEngage_v7716: Task completed : ACTIVITY_STOP
03-24 09:58:00.271 26251 32548 V MoEngage_v7716: ActivityStopTask : executing task
03-24 09:58:00.271 26251 32548 V MoEngage_v7716: ActivityLifecycleStop : com.yatra.flights.activity.FlightBookingActivity stopped
03-24 09:58:00.271 26251 32548 D MoEngage_v7716: ActivityStopTask: activity counter 1
03-24 09:58:00.271 26251 32548 V MoEngage_v7716: ActivityStopTask : completed execution
03-24 09:58:00.271 26251 32548 V MoEngage_v7716: Task completed : ACTIVITY_STOP
03-24 09:58:00.274  2948  3993 V WindowManager: Relayout Window{6f1725fd0 u0 com.yatra.base/com.yatra.flights.activity.FlightBookingActivity}: viewVisibility=8 req=1080x1920 WM.LayoutParams{(0,0)(fillxfill) sim=#20 ty=1 fl=#81810100 wanim=0x1030465 vsysui=0x700 needsMenuKey=2 naviIconColor=0}
03-24 09:58:00.275  2948  3993 I WindowManager_SurfaceController: Destroying surface Surface(name=com.yatra.base/com.yatra.flights.activity.FlightBookingActivity) called by com.android.server.wm.WindowStateAnimator.destroySurface:3070 com.android.server.wm.WindowStateAnimator.destroySurfaceLocked:1138 com.android.server.wm.WindowState.destroyOrSaveSurface:2798 com.android.server.wm.WindowManagerService.tryStartExitingAnimation:3687 com.android.server.wm.WindowManagerService.relayoutWindow:3489 com.android.server.wm.Session.relayout:240 android.view.IWindowSession$Stub.onTransact:288 com.android.server.wm.Session.onTransact:161 
03-24 09:58:00.275  2412  2423 I SurfaceFlinger: id=894 Removed com.yatra.base/com.yatra.flights.activity.FlightBookingActivity (2/5)
03-24 09:58:00.275  2412  3056 I SurfaceFlinger: id=894 Removed com.yatra.base/com.yatra.flights.activity.FlightBookingActivity (-2/5)
03-24 09:58:00.278 26251 26251 D ViewRootImpl@5f3fd63[FlightBookingActivity]: Relayout returned: oldFrame=[0,0][1080,1920] newFrame=[0,0][1080,1920] result=0x5 surface={isValid=false 0} surfaceGenerationChanged=false
03-24 09:58:00.748  2948  6362 D BatteryService: !@BatteryListener : batteryPropertiesChanged!
03-24 09:58:00.748  2948  6362 D BatteryService: level:54, scale:100, status:2, health:2, present:true, voltage: 3910, temperature: 327, technology: Li-ion, AC powered:false, USB powered:true, POGO powered:false, Wireless powered:false, icon:17303707, invalid charger:0, maxChargingCurrent:0, maxChargingVoltage:0, chargeCounter:0
03-24 09:58:00.748  2948  6362 D BatteryService: online:6, current avg:446, charge type:1, power sharing:false, high voltage charger:false, capacity:280000, batterySWSelfDischarging:false, misc_event:0, current_event:0, current_now:468
03-24 09:58:00.748  2948  2948 D BatteryService: Sending ACTION_BATTERY_CHANGED.
03-24 09:58:00.750  3216  3216 D KeyguardUpdateMonitor: received broadcast android.intent.action.BATTERY_CHANGED
03-24 09:58:00.750  3216  3216 D KeyguardUpdateMonitor: handleBatteryUpdate
03-24 09:58:00.752  3216  3216 D PowerUI : priorPlugType = 2 mPlugType =  2
03-24 09:58:00.752  3216  3216 D PowerUI.Notification: Charging estimate time is not supported and connected cable is not a fast/slow charger, so return!
03-24 09:58:00.753 30625 30625 D PowerPlanningReceiver: onReceive : android.intent.action.BATTERY_CHANGED
03-24 09:58:00.753 30625 30625 D PowerPlanningReceiver: ACTION_BAT_MAN_BATTERY_CHANGED = com.samsung.android.app.powerplanning.service.PowerPlanningService@264608c
03-24 09:58:00.753  2948  2948 D SamsungPhoneWindowManager: ACTION_BATTERY_CHANGED - Level :: 54, battStatus :: 2
03-24 09:58:00.753  3216  3216 D BatteryMeterDrawable: isSomethingChanged - false
03-24 09:58:00.754  2948  2948 V UiModeManager: updateLocked: null action, mDockState=0, category=null
03-24 09:58:00.754  2948  2948 D UiModeManager: updateConfigurationLocked: mDockState=0; mCarMode=false; mNightMode=1; uiMode=17
03-24 09:58:00.754  2948  2948 D GameManagerService: new battery level: 54
03-24 09:58:00.754  3216  3216 D BatteryMeterDrawable: isSomethingChanged - false
03-24 09:58:00.754  3216  3216 D BatteryController: onReceive - ACTION_BATTERY_CHANGED : mLevel = 54
03-24 09:58:00.754 30625 30625 D com.samsung.android.app.powerplanning.utils.BatteryUtils: getUpsTime Actual Battery values are used 6450
03-24 09:58:00.754 30625 30625 D PowerPlanningReceiver: Battery update received, Percentage: 54, UPS hours: 6450
03-24 09:58:00.874  2948  2948 D CustomFrequencyManagerService: releaseDVFSLockLocked : Getting Lock type frm List : DVFS_MIN_LIMIT  frequency : 1482000  uid : 1000  pid : 2948  tag : AMS_RESUME_TAIL@CPU_MIN@20
03-24 09:58:00.907 20743 20743 I wpa_supplicant: nl80211: Received scan results (6 BSSes)
03-24 09:58:00.908  2948  3118 D SamsungAlarmManager: Cancel Alarm calling from uid:1000 pid :2948 / listener:android.app.AlarmManager$ListenerWrapper@3c6bdb6
03-24 09:58:00.908  2510  2964 D Netd    : Iface wlan0 link up
03-24 09:58:00.909  2948  2999 D Tethering: interfaceLinkStateChanged wlan0, true
03-24 09:58:00.909  2948  2999 D Tethering: interfaceStatusChanged wlan0, true
03-24 09:58:00.915  3379  3379 D EventHandler_FLP: WIFI_SCAN_RESULTS
03-24 09:58:00.916  2948  3385 D SLocation: getCurrentCellId failed! network is unavailable
03-24 09:58:01.120  3884 32649 I System.out: (HTTPLog)-Static: isSBSettingEnabled false
03-24 09:58:01.121  3884 32649 I System.out: (HTTPLog)-Static: isSBSettingEnabled false
03-24 09:58:01.122  2510  2967 D EnterpriseController: netId is 0
03-24 09:58:01.122  2510  2967 D Netd    : getNetworkForDns: using netid 513 for uid 10022
03-24 09:58:01.122  2510  2967 D DnsProxyListener: DNSDBG::dns addrinfo af 0
03-24 09:58:01.188  2948  3058 D InputReader: Input event(4): value=1 when=35194872733000
03-24 09:58:01.188  2948  3058 D InputReader: Input event(4): value=1 when=35194872733000
03-24 09:58:01.188  2948  3058 I InputReader: Touch event's action is 0x0 (deviceType=0) [pCnt=1, s=0.1756 ] when=35194872733000
03-24 09:58:01.188  2948  3057 I InputDispatcher: Delivering touch to (3216): action: 0x4, toolType: 1
03-24 09:58:01.188  2948  3057 I InputDispatcher: Delivering touch to (26251): action: 0x0, toolType: 1
03-24 09:58:01.190 26251 26251 D ViewRootImpl@a2c88a7[LocationSearchActivity]: ViewPostImeInputStage processPointer 0
03-24 09:58:01.225  2948  3098 D wifi    : onLinkStatsResults: radio_stat.on_time = 116
03-24 09:58:01.225  2948  3098 D wifi    : onLinkStatsResults: radio_stat.tx_time = 0
03-24 09:58:01.225  2948  3098 D wifi    : onLinkStatsResults: radio_stat.rx_time = 0
03-24 09:58:01.225  2948  3098 D wifi    : android_net_wifi_getLinkLayerStats: radio_stat.on_time = 116
03-24 09:58:01.225  2948  3098 D wifi    : android_net_wifi_getLinkLayerStats: radio_stat.tx_time = 0
