03-24 09:57:56.658  2948 27776 D ActivityTrigger: ActivityTrigger activityPauseTrigger 
03-24 09:57:56.658  2948 27776 D GameManagerService: sem_perfomance_mode: 3
03-24 09:57:56.664 26251 26251 D ViewRootImpl@5f3fd63[FlightBookingActivity]: MSG_WINDOW_FOCUS_CHANGED 0
03-24 09:57:56.667 26251 26251 D ytlog   : pauseCollectingLifecycleData called
03-24 09:57:56.667 26251 26251 D ytlog   : pauseCollectingLifecycleData called
03-24 09:57:56.667 26251 26251 D ytlog   : pauseCollectingLifecycleData called
03-24 09:57:56.667  2948  6362 D ActivityManager: isCustomScaleDownAnimationAllowed() : true
03-24 09:57:56.667  2948  6362 D ActivityManager: setAppIconInfo(), x : 646, y : 1532, width : 200, height : 309, isHomeItem : false
03-24 09:57:56.668  2948  6362 D ActivityManager: resumeTopActivityInnerLocked() : #1 prevTask=TaskRecord{96adba9d0 #194 A=com.yatra.base U=0 StackId=1 sz=3} next=ActivityRecord{c6f525cd0 u0 com.yatra.base/com.yatra.flights.activity.LocationSearchActivity t194} mFocusedStack=ActivityStack{9122ec4d0 stackId=1, 1 tasks}
03-24 09:57:56.668  2948  6362 D ActivityManager: applyOptionsLocked(), pendingOptions : null
03-24 09:57:56.675  2948  6362 D GameManagerService: sem_perfomance_mode: 3
03-24 09:57:56.676  2948  6362 D MARsPolicyManager: handlePackageResumedFG pkgName = com.yatra.base, userId = 0
03-24 09:57:56.676  2948  2948 D GameManagerService: NotifyRunnable. pkg: com.yatra.base, type: 4, isMinimized: false, isTunableApp: false
03-24 09:57:56.676  2948  2948 D GameManagerService: unexpected mPrevNotiType: -1
03-24 09:57:56.706  2948  3985 D SamsungAlarmManager: Cancel Alarm calling from uid:10022 pid :4031 / op:PendingIntent{33716e1: PendingIntentRecord{eb39663 com.google.android.gms broadcastIntent}}
03-24 09:57:56.732  2948  3989 D SamsungAlarmManager: Cancel Alarm calling from uid:10022 pid :3884 / op:PendingIntent{da190f4: PendingIntentRecord{75f1ecc com.google.android.gms broadcastIntent}}
03-24 09:57:56.749  2948  4773 D SamsungAlarmManager: setInexact Intent (T:2/F:0/AC:false) 20180324T102251 - CU:10022/CP:3884
03-24 09:57:56.765  3884 29468 W Conscrypt: Could not set socket write timeout: java.lang.reflect.InvocationTargetException
03-24 09:57:56.766  3884 29468 W Conscrypt: 	at java.lang.reflect.Method.invoke(Native Method)
03-24 09:57:56.766  3884 29468 W Conscrypt: 	at com.google.android.gms.org.conscrypt.Platform.setSocketWriteTimeout(com.google.android.gms@12221430@12.2.21 (430-188803320):13)
03-24 09:57:56.766  3884 29468 W Conscrypt: Caused by: android.system.ErrnoException: setsockopt failed: EBADF (Bad file descriptor)
03-24 09:57:56.766  3884 29468 W Conscrypt: 	at libcore.io.Posix.setsockoptTimeval(Native Method)
03-24 09:57:56.766  3884 29468 W Conscrypt: 	at libcore.io.ForwardingOs.setsockoptTimeval(ForwardingOs.java:157)
03-24 09:57:56.781  2948  2948 I Telecom : TelecomFeature: getContactsPackageName: com.samsung.android.contacts: TSI.gDDP@AsI
03-24 09:57:56.781  2948  2948 I Telecom : com.android.server.telecom.TelecomServiceImpl: getUiDefaultPackage : com.samsung.android.contacts: TSI.gDDP@AsI
03-24 09:57:56.781  2948  2948 I Telecom : TelecomFeature: getContactsPackageName: com.samsung.android.contacts
03-24 09:57:56.784 26251 26251 V MoEngage_v7716: MoEDispatcher:onStart ----
03-24 09:57:56.784 26251 26251 V MoEngage_v7716: ------Start of bundle extras------
03-24 09:57:56.785 26251 26251 V MoEngage_v7716: [ isDepart_key = true ]
03-24 09:57:56.785 26251 26251 V MoEngage_v7716: -------End of bundle extras-------
03-24 09:57:56.785 26251 26251 V MoEngage_v7716: Trying to add START_ACTIVITY to the queue
03-24 09:57:56.785 26251 26251 V MoEngage_v7716: START_ACTIVITY added to queue
03-24 09:57:56.785 26251 26251 V MoEngage_v7716: MoEDispatcher: Fetch or query in app message
03-24 09:57:56.785 26251 32548 V MoEngage_v7716: ActivityStartTask : started execution
03-24 09:57:56.785 26251 26251 V MoEngage_v7716: InAppManager: isFetchRequired: Next server sync will happen in 660 seconds. Is synced in this session ? --> true
03-24 09:57:56.785 26251 32548 V MoEngage_v7716: ActivityLifecycleStart : com.yatra.flights.activity.LocationSearchActivity started
03-24 09:57:56.785 26251 26251 V MoEngage_v7716: Trying to add CHECK_IN_APPS to the queue
03-24 09:57:56.785 26251 26251 V MoEngage_v7716: CHECK_IN_APPS added to queue
03-24 09:57:56.785 26251 26251 V MoEngage_v7716: Trying to add SHOW_SELF_HANDLED_INAPP to the queue
03-24 09:57:56.785 26251 26251 V MoEngage_v7716: SHOW_SELF_HANDLED_INAPP added to queue
03-24 09:57:56.785 26251 26251 V MoEngage_v7716: Location: isSyncRequired: Next server sync will happen in 660 seconds
03-24 09:57:56.786 26251 26251 V MoEngage_v7716: InAppManager: registerInAppmanager -- 
03-24 09:57:56.787 26251 26251 D Adobe   : Start ----------------------------------------------------------
03-24 09:57:56.787 26251 26251 D Adobe   : TrackState key : value areadobe.event.screenload:1
03-24 09:57:56.787 26251 26251 D Adobe   : TrackState key : value areadobe.content.platform:app android
03-24 09:57:56.787 26251 26251 D Adobe   : TrackState key : value areadobe.content.pageType:business
03-24 09:57:56.787 26251 26251 D Adobe   : TrackState key : value areadobe.content.siteSection:flight home
03-24 09:57:56.787 26251 26251 D Adobe   : TrackState key : value areadobe.content.siteSubSectionLevel1:select origin
03-24 09:57:56.787 26251 26251 D Adobe   : TrackState key : value areadobe.user.mcvid:41961425672373672691171310670694127665
03-24 09:57:56.787 26251 26251 D Adobe   : TrackState key : value areadobe.content.pagename:yt:flight:home:origin
03-24 09:57:56.787 26251 26251 D Adobe   : TrackState key : value areadobe.user.loginstatus:logged-in
03-24 09:57:56.787 26251 26251 D Adobe   : TrackState key : value areadobe.user.registrationToken:apa91bgoto9nllnnt9utwx_n-pxr8cj7bhpe84ryf_3gr5fw34sauyeqclfyhf1j4tzpt97syrzl9-qlnu6pwhnh771ktyvghufupdju0ewbvwha6pblazi
03-24 09:57:56.787 26251 26251 D Adobe   : TrackState key : value areadobe.user.email:hH8XQtT1cC3nut5mPsfqtaOW+70gG5yEPAKlcplXxnA=
03-24 09:57:56.787 26251 26251 D Adobe   : TrackState key : value areadobe.content.LOB:flight
03-24 09:57:56.787 26251 26251 D Adobe   : TrackState key : value areadobe.user.number:rMwqHWQV+9H8O/lAhLb0rQ==
03-24 09:57:56.787 26251 26251 D Adobe   : TrackState key : value areadobe.content.sessionid:ef5dd9610bb29e6d15218293704969919
03-24 09:57:56.787 26251 26251 D Adobe   : TrackState state name yt:flight:home:origin
03-24 09:57:56.787 26251 26251 D Adobe   : ---------------------------------------------------------- End
03-24 09:57:56.787 26251 32548 V MoEngage_v7716: MoEProvider: Deleted 0 record(s) for URI: content://com.yatra.base.moengage.provider/inapps
03-24 09:57:56.787 26251 32548 V MoEngage_v7716: MoEDAO:removeExpiredData: Number of IN APP records deleted: 0
03-24 09:57:56.791 26251 32548 V MoEngage_v7716: MoEProvider: Deleted 0 record(s) for URI: content://com.yatra.base.moengage.provider/messages
03-24 09:57:56.791 26251 32548 V MoEngage_v7716: MoEDAO:removeExpiredData: Number of PromotionalMessage records deleted: 0
03-24 09:57:56.793 26251 32548 V MoEngage_v7716: MoEProvider: Deleted 0 record(s) for URI: content://com.yatra.base.moengage.provider/ubox
03-24 09:57:56.793 26251 32548 V MoEngage_v7716: MoEDAO:removeExpiredData: Number of Unified Inbox records deleted: 0
03-24 09:57:56.794 26251 26251 V MoEngage_v7716: Activity onResume called for com.yatra.flights.activity.LocationSearchActivity@a4f0bab
03-24 09:57:56.795 26251 32548 V MoEngage_v7716: MoEProvider: Deleted 0 record(s) for URI: content://com.yatra.base.moengage.provider/campaignlist
03-24 09:57:56.795 26251 32548 V MoEngage_v7716: MoEDAO:removeExpiredData: Number of CampaignList records deleted: 0
03-24 09:57:56.808 26251 32633 I System.out: (HTTPLog)-Static: isSBSettingEnabled false
03-24 09:57:56.809 26251 32633 I System.out: (HTTPLog)-Static: isSBSettingEnabled false
03-24 09:57:56.820 26251 26251 D ytlog   : collectLifecycleData called for LocationSearchActivity
03-24 09:57:56.826 26251 26251 D ViewRootImpl@87d7127[LocationSearchActivity]: ThreadedRenderer.create() translucent=false
03-24 09:57:56.827  2948  3992 D WindowManager: addWindow: android.view.IWindow$Stub$Proxy@63aa1ea displayId=0
03-24 09:57:56.828  2948  3992 D InputTransport: Input channel constructed: fd=404
03-24 09:57:56.828  2948  3992 D InputTransport: Input channel constructed: fd=414
03-24 09:57:56.828  2948  3992 D WindowManager: openInputChannel mInputChannel: 1634378 com.yatra.base/com.yatra.flights.activity.LocationSearchActivity (server)
03-24 09:57:56.829  2948  3992 D InputTransport: Input channel destroyed: fd=414
03-24 09:57:56.829 26251 26251 D InputTransport: Input channel constructed: fd=159
03-24 09:57:56.829 26251 26251 D ViewRootImpl@87d7127[LocationSearchActivity]: setView = DecorView@10d3fd4[LocationSearchActivity] touchMode=true
03-24 09:57:56.830  2948  3481 D ActivityManager: post active user change for 0 fullscreen true isHomeActivity() false
03-24 09:57:56.830  2948  4771 D SamsungAlarmManager: Cancel Alarm calling from uid:10022 pid :4031 / op:PendingIntent{ca27a51: PendingIntentRecord{eb39663 com.google.android.gms broadcastIntent}}
03-24 09:57:56.831 26251 26251 W Activity: AppLock checkAppLockState locked:false verifying:false pkgName = com.yatra.base isInMultiWindowMode:false
03-24 09:57:56.832 26251 32548 V MoEngage_v7716: ActivityStartTask : completed execution
03-24 09:57:56.832 26251 32548 V MoEngage_v7716: Task completed : START_ACTIVITY
03-24 09:57:56.833 26251 32542 V MoEngage_v7716: ShowSelfHandledInAppTask : executing task
03-24 09:57:56.833 26251 32542 I MoEngage_v7716: InAppManager: getInAppMessageToShow for type: SELF_HANDLED ALIGN_TYPE: null
03-24 09:57:56.833 26251 32542 V MoEngage_v7716: ShowSelfHandledInAppTask : completed task
03-24 09:57:56.833 26251 32542 V MoEngage_v7716: Task completed : SHOW_SELF_HANDLED_INAPP
03-24 09:57:56.833 26251 32548 V MoEngage_v7716: CheckInAppTask  :execution started
03-24 09:57:56.833 26251 32548 I MoEngage_v7716: InAppManager: getInAppMessageToShow for type: GENERAL ALIGN_TYPE: null
03-24 09:57:56.833 26251 32548 V MoEngage_v7716: CheckInAppTask  :execution completed
03-24 09:57:56.833 26251 32548 V MoEngage_v7716: Task completed : CHECK_IN_APPS
03-24 09:57:56.833 26251 32548 V MoEngage_v7716: CheckInAppTask : executing postExecute
03-24 09:57:56.833 26251 32548 V MoEngage_v7716: CheckInAppTask : completed postExecute
03-24 09:57:56.843 26251 26251 D ViewRootImpl@87d7127[LocationSearchActivity]: dispatchAttachedToWindow
03-24 09:57:56.859  2948  3988 D SamsungAlarmManager: Cancel Alarm calling from uid:10022 pid :3884 / op:PendingIntent{1451f24: PendingIntentRecord{75f1ecc com.google.android.gms broadcastIntent}}
03-24 09:57:56.875  2948  2974 D SamsungAlarmManager: setInexact Intent (T:2/F:0/AC:false) 20180324T102251 - CU:10022/CP:3884
03-24 09:57:56.913  3884 29468 W Conscrypt: Could not set socket write timeout: java.lang.reflect.InvocationTargetException
03-24 09:57:56.913  3884 29468 W Conscrypt: 	at java.lang.reflect.Method.invoke(Native Method)
03-24 09:57:56.913  3884 29468 W Conscrypt: 	at com.google.android.gms.org.conscrypt.Platform.setSocketWriteTimeout(com.google.android.gms@12221430@12.2.21 (430-188803320):13)
03-24 09:57:56.913  3884 29468 W Conscrypt: Caused by: android.system.ErrnoException: setsockopt failed: EBADF (Bad file descriptor)
03-24 09:57:56.913  3884 29468 W Conscrypt: 	at libcore.io.Posix.setsockoptTimeval(Native Method)
03-24 09:57:56.913  3884 29468 W Conscrypt: 	at libcore.io.ForwardingOs.setsockoptTimeval(ForwardingOs.java:157)
03-24 09:57:56.935  2948  3485 V WindowManager: Relayout Window{1634378d0 u0 com.yatra.base/com.yatra.flights.activity.LocationSearchActivity}: viewVisibility=0 req=1079x1856 WM.LayoutParams{(0,0)(fillxfill) sim=#113 ty=1 fl=#81810100 wanim=0x1030465 vsysui=0x600 needsMenuKey=2 naviIconColor=0}
03-24 09:57:56.936  2412  2412 I SurfaceFlinger: id=892 createSurf (1x1),1 flag=404, com.yatra.base/com.yatra.flights.activity.LocationSearchActivity
03-24 09:57:56.938  2948  2992 D WindowManager: set systemUiVisibility of statusbar : systemUiFlags= 0x608 fullscreenStackSysUiFlag= 0x0
03-24 09:57:56.942  2948  3485 D InputDispatcher: Focus entered window: 26251
03-24 09:57:56.945  2948 13154 D WindowManager: adjustSystemUiVisibilityLw : vis= 0x608
03-24 09:57:56.946 26251 26251 D ViewRootImpl@87d7127[LocationSearchActivity]: Relayout returned: oldFrame=[0,0][0,0] newFrame=[0,0][1080,1920] result=0x27 surface={isValid=true -1070059520} surfaceGenerationChanged=true
03-24 09:57:56.946 26251 26251 D ViewRootImpl@87d7127[LocationSearchActivity]: mHardwareRenderer.initialize() mSurface={isValid=true -1070059520} hwInitialized=true
03-24 09:57:56.950 26251 30596 D mali_winsys: EGLint new_window_surface(egl_winsys_display*, void*, EGLSurface, EGLConfig, egl_winsys_surface**, egl_color_buffer_format*, EGLBoolean) returns 0x3000,  [1080x1920]-format:1
03-24 09:57:57.091 26251 26251 D AbsListView:  in onLayout changed 
03-24 09:57:57.132  2948  3463 D WindowManager: finishDrawingWindow: Window{1634378d0 u0 com.yatra.base/com.yatra.flights.activity.LocationSearchActivity} mDrawState=DRAW_PENDING
03-24 09:57:57.132 26251 26251 D ViewRootImpl@87d7127[LocationSearchActivity]: MSG_RESIZED_REPORT: frame=Rect(0, 0 - 1080, 1920) ci=Rect(0, 63 - 0, 0) vi=Rect(0, 63 - 0, 0) or=1
03-24 09:57:57.132 26251 26251 D ViewRootImpl@87d7127[LocationSearchActivity]: MSG_WINDOW_FOCUS_CHANGED 1
03-24 09:57:57.133 26251 26251 D ViewRootImpl@87d7127[LocationSearchActivity]: mHardwareRenderer.initializeIfNeeded()#2 mSurface={isValid=true -1070059520}
03-24 09:57:57.140  2948  3001 I ActivityManager: Displayed com.yatra.base/com.yatra.flights.activity.LocationSearchActivity: +472ms
03-24 09:57:57.143 26251 26251 V InputMethodManager: Starting input: tba=android.view.inputmethod.EditorInfo@9402ada nm : com.yatra.base ic=com.android.internal.widget.EditableInputConnection@bfcdb0b
03-24 09:57:57.143 26251 26251 I InputMethodManager: [IMM] startInputInner - mService.startInputOrWindowGainedFocus
03-24 09:57:57.144  2948  3988 D InputMethodManagerService: windowGainedFocus mCurrentFocusedUserId - 0 and mSecureKeypadEnabled-false
03-24 09:57:57.144  2948  3988 V InputMethodManagerService: windowGainedFocus: reason=WINDOW_FOCUS_GAIN client=android.os.BinderProxy@67b3bb7 inputContext=com.android.internal.view.IInputContext$Stub$Proxy@e05beec missingMethods= attribute=android.view.inputmethod.EditorInfo@f2662b5 nm = com.yatra.base controlFlags=#107 softInputMode=#113 windowFlags=#81810100
03-24 09:57:57.144  2948  3988 V InputMethodManagerService: Window asks to hide input
03-24 09:57:57.144  2948  3988 V InputMethodManagerService: hideCurrentInputLocked - !shouldHideSoftInput
03-24 09:57:57.144  2948  3988 D InputTransport: Input channel constructed: fd=387
03-24 09:57:57.145  4339  4339 I SKBD    : SamsungKeypad onFinishInput took nanoTime: 71539
03-24 09:57:57.145  4339  4339 I SKBD    : SamsungKeypad [IMI] onStartInput - caller packageName : com.yatra.base
03-24 09:57:57.145  4339  4339 I SKBD    : tz PrivateImeOptionsControllerImpl getDefaultInputrange()
03-24 09:57:57.145  4339  4339 I SKBD    : SKBD_SYNC import DLM start onstart input
03-24 09:57:57.145  4339  4339 I SKBD    : SamsungKeypad onStartInput took nanoTime: 235731
03-24 09:57:57.145  2412  2412 I SurfaceFlinger: id=893 createSurf (1080x1920),-1 flag=20004, com.yatra.base/com.yatra.flights.activity.LocationSearchActivity_dim
03-24 09:57:57.147  2948  3988 D InputTransport: Input channel destroyed: fd=387
03-24 09:57:57.147 26251 26251 D InputTransport: Input channel constructed: fd=161
03-24 09:57:57.147 26251 26251 D InputTransport: Input channel destroyed: fd=138
03-24 09:57:57.156  2948  6363 D WindowManager: finishDrawingWindow: Window{1634378d0 u0 com.yatra.base/com.yatra.flights.activity.LocationSearchActivity} mDrawState=HAS_DRAWN
03-24 09:57:57.167 26251 26251 D ViewRootImpl@5f3fd63[FlightBookingActivity]: mHardwareRenderer.destroy()#1
03-24 09:57:57.169  2948 27776 V WindowManager: Relayout Window{6f1725fd0 u0 com.yatra.base/com.yatra.flights.activity.FlightBookingActivity}: viewVisibility=8 req=1080x1920 WM.LayoutParams{(0,0)(fillxfill) sim=#110 ty=1 fl=#81810100 wanim=0x1030465 vsysui=0x700 needsMenuKey=2 naviIconColor=0}
03-24 09:57:57.173 26251 26251 D ViewRootImpl@5f3fd63[FlightBookingActivity]: Relayout returned: oldFrame=[0,0][1080,1920] newFrame=[0,0][1080,1920] result=0x5 surface={isValid=false 0} surfaceGenerationChanged=true
03-24 09:57:57.197  2412  2412 D SurfaceFlinger:   Display[0] configurations (* current):
03-24 09:57:57.197  2412  2412 D SurfaceFlinger:     * 0: 1080x1920, xdpi=403.411011, ydpi=403.040985, refresh=16949152
03-24 09:57:57.197  2412  2412 D SurfaceFlinger:   numHwLayers=5, flags=00000000
03-24 09:57:57.197  2412  2412 D SurfaceFlinger:     type   |  handle  | hint | flag | tr | blnd |   format    |     source crop (l,t,r,b)      |          frame         | name 
03-24 09:57:57.197  2412  2412 D SurfaceFlinger: -----------+----------+------+------+----+------+-------------+--------------------------------+------------------------+------
03-24 09:57:57.197  2412  2412 D SurfaceFlinger:        HWC | f338cd20 | 0000 | 0020 | 00 | 0100 | RGBA_8888   |    2.0,    0.0, 1080.0, 1920.0 |    0,    0, 1078, 1920 | com.yatra.base/com.yatra.flights.activity.FlightBookingActivity
03-24 09:57:57.197  2412  2412 D SurfaceFlinger:       GLES | 00000000 | 0000 | 0200 | 00 | 0105 | ? ffffffff  |    0.0,    0.0,   -1.0,   -1.0 |    0,    0, 1080, 1920 | com.yatra.base/com.yatra.flights.activity.LocationSearchActivity_dim
03-24 09:57:57.197  2412  2412 D SurfaceFlinger:       GLES | f338c280 | 0000 | 0020 | 00 | 0100 | RGBA_8888   |    0.0,    0.0,  163.0, 1920.0 |  917,    0, 1080, 1920 | com.yatra.base/com.yatra.flights.activity.LocationSearchActivity
03-24 09:57:57.197  2412  2412 D SurfaceFlinger:        HWC | f31846e0 | 0000 | 0000 | 00 | 0105 | RGBA_8888
03-24 09:57:57.197  2412  2412 D SurfaceFlinger:    |    0.0,    0.0, 1080.0,   63.0 |    0,    0, 1080,   63 | StatusBar
03-24 09:57:57.197  2412  2412 D SurfaceFlinger:  FB TARGET | f31843c0 | 0000 | 0000 | 00 | 0105 | RGBA_8888   |    0.0,    0.0, 1080.0, 1920.0 |    0,    0, 1080, 1920 | HWC_FRAMEBUFFER_TARGET
03-24 09:57:57.199  3698  3698 D io_stats: !@ 179,0 r 205433 7963680 w 307578 6208356 d 32267 55252200 f 150827 150732 iot 315980 279459 th 51200 0 0 pt 0 inp 0 0 35190.883
03-24 09:57:57.234  2948  3463 W NetworkIdentity: Active mobile network without subscriber!
03-24 09:57:57.234  2948  3463 W NetworkIdentity: Active mobile network without subscriber!
03-24 09:57:57.234  2948  3463 W NetworkIdentity: Active mobile network without subscriber!
03-24 09:57:57.234  2948  3463 W NetworkIdentity: Active mobile network without subscriber!
03-24 09:57:57.234  2948  3463 W NetworkIdentity: Active mobile network without subscriber!
03-24 09:57:57.235  2948  3463 W NetworkIdentity: Active mobile network without subscriber!
03-24 09:57:57.235  2948  3463 W NetworkIdentity: Active mobile network without subscriber!
03-24 09:57:57.235  2948  3463 W NetworkIdentity: Active mobile network without subscriber!
03-24 09:57:57.235  2948  3463 W NetworkIdentity: Active mobile network without subscriber!
03-24 09:57:57.235  2948  3463 W NetworkIdentity: Active mobile network without subscriber!
03-24 09:57:57.237  2948  3989 W NetworkIdentity: Active mobile network without subscriber!
03-24 09:57:57.237  2948  3989 W NetworkIdentity: Active mobile network without subscriber!
03-24 09:57:57.237  2948  3989 W NetworkIdentity: Active mobile network without subscriber!
03-24 09:57:57.237  2948  3989 W NetworkIdentity: Active mobile network without subscriber!
03-24 09:57:57.237  2948  3989 W NetworkIdentity: Active mobile network without subscriber!
03-24 09:57:57.237  2948  3989 W NetworkIdentity: Active mobile network without subscriber!
03-24 09:57:57.237  2948  3989 W NetworkIdentity: Active mobile network without subscriber!
03-24 09:57:57.237  2948  3989 W NetworkIdentity: Active mobile network without subscriber!
03-24 09:57:57.237  2948  3989 W NetworkIdentity: Active mobile network without subscriber!
03-24 09:57:57.237  2948  3989 W NetworkIdentity: Active mobile network without subscriber!
03-24 09:57:57.250  2948  2948 D CustomFrequencyManagerService: releaseDVFSLockLocked : Getting Lock type frm List : DVFS_MIN_LIMIT  frequency : 839000  uid : 1000  pid : 2948  tag : GESTURE_DETECTED@CPU_MIN@50
03-24 09:57:57.551  2948  3001 I WindowManager_SurfaceController: Destroying surface Surface(name=com.yatra.base/com.yatra.flights.activity.LocationSearchActivity_dim) called by com.android.server.wm.WindowStateAnimator.finishExit:606 com.android.server.wm.AppWindowAnimator.stepAnimationLocked:557 com.android.server.wm.WindowAnimator.updateAppWindowsLocked:228 com.android.server.wm.WindowAnimator.animateLocked:946 com.android.server.wm.WindowAnimator.-wrap0:-1 com.android.server.wm.WindowAnimator$1.doFrame:181 android.view.Choreographer$CallbackRecord.run:957 android.view.Choreographer.doCallbacks:734 
03-24 09:57:57.551  2412  2421 I SurfaceFlinger: id=893 Removed com.yatra.base/com.yatra.flights.activity.LocationSearchActivity_dim (3/6)
03-24 09:57:57.551  2412 13186 I SurfaceFlinger: id=893 Removed com.yatra.base/com.yatra.flights.activity.LocationSearchActivity_dim (-2/6)
03-24 09:57:57.557  2948  3001 D CustomFrequencyManagerService: acquireDVFSLockLocked : type : DVFS_MIN_LIMIT  frequency : 1482000  uid : 1000  pid : 2948  pkgName : AMS_RESUME_TAIL@CPU_MIN@20
03-24 09:57:57.557  2948  3001 D ActivityManagerPerformance: AMP_acquire() TAIL
03-24 09:57:57.557  2948  3001 D CustomFrequencyManagerService: FrequencyrequestList.getNextMaxCPUCoreRequest, index: 1
03-24 09:57:57.558  2948  3001 D CustomFrequencyManagerService: releaseDVFSLockLocked : Getting Lock type frm List : DVFS_MIN_LIMIT  frequency : 1482000  uid : 1000  pid : 2948  tag : AMS_ACT_START@CPU_MIN@56
03-24 09:57:57.558  2948  3001 D ActivityManagerPerformance: AMP_release() ACT_START
03-24 09:57:57.558  2948  2991 D ActivityTrigger: ActivityTrigger activityStopTrigger 
03-24 09:57:57.563 26251 26251 V MoEngage_v7716: Activity onStop called for com.yatra.flights.activity.FlightBookingActivity@ba05b19
03-24 09:57:57.563 26251 26251 V MoEngage_v7716: InAppManager: unregisterInAppManager -- 
03-24 09:57:57.563 26251 26251 V MoEngage_v7716: Trying to add ACTIVITY_STOP to the queue
03-24 09:57:57.563 26251 26251 V MoEngage_v7716: ACTIVITY_STOP added to queue
03-24 09:57:57.563 26251 32548 V MoEngage_v7716: ActivityStopTask : executing task
03-24 09:57:57.563 26251 26251 V MoEngage_v7716: Activity onStop called for com.yatra.flights.activity.FlightBookingActivity@ba05b19
03-24 09:57:57.563 26251 32548 V MoEngage_v7716: ActivityLifecycleStop : com.yatra.flights.activity.FlightBookingActivity stopped
03-24 09:57:57.563 26251 32548 D MoEngage_v7716: ActivityStopTask: activity counter 2
03-24 09:57:57.563 26251 32548 V MoEngage_v7716: ActivityStopTask : completed execution
03-24 09:57:57.563 26251 26251 V MoEngage_v7716: InAppManager: unregisterInAppManager -- 
03-24 09:57:57.563 26251 32548 V MoEngage_v7716: Task completed : ACTIVITY_STOP
03-24 09:57:57.563 26251 26251 V MoEngage_v7716: Trying to add ACTIVITY_STOP to the queue
03-24 09:57:57.564 26251 26251 V MoEngage_v7716: ACTIVITY_STOP added to queue
03-24 09:57:57.564 26251 32548 V MoEngage_v7716: ActivityStopTask : executing task
03-24 09:57:57.564 26251 32548 V MoEngage_v7716: ActivityLifecycleStop : com.yatra.flights.activity.FlightBookingActivity stopped
03-24 09:57:57.564 26251 32548 D MoEngage_v7716: ActivityStopTask: activity counter 1
03-24 09:57:57.564 26251 32548 V MoEngage_v7716: ActivityStopTask : completed execution
03-24 09:57:57.564 26251 32548 V MoEngage_v7716: Task completed : ACTIVITY_STOP
03-24 09:57:57.568  2948  3099 V WindowManager: Relayout Window{6f1725fd0 u0 com.yatra.base/com.yatra.flights.activity.FlightBookingActivity}: viewVisibility=8 req=1080x1920 WM.LayoutParams{(0,0)(fillxfill) sim=#20 ty=1 fl=#81810100 wanim=0x1030465 vsysui=0x700 needsMenuKey=2 naviIconColor=0}
03-24 09:57:57.569  2948  3099 I WindowManager_SurfaceController: Destroying surface Surface(name=com.yatra.base/com.yatra.flights.activity.FlightBookingActivity) called by com.android.server.wm.WindowStateAnimator.destroySurface:3070 com.android.server.wm.WindowStateAnimator.destroySurfaceLocked:1138 com.android.server.wm.WindowState.destroyOrSaveSurface:2798 com.android.server.wm.WindowManagerService.tryStartExitingAnimation:3687 com.android.server.wm.WindowManagerService.relayoutWindow:3489 com.android.server.wm.Session.relayout:240 android.view.IWindowSession$Stub.onTransact:288 com.android.server.wm.Session.onTransact:161 
03-24 09:57:57.569  2412  3056 I SurfaceFlinger: id=890 Removed com.yatra.base/com.yatra.flights.activity.FlightBookingActivity (2/5)
03-24 09:57:57.569  2412 13186 I SurfaceFlinger: id=890 Removed com.yatra.base/com.yatra.flights.activity.FlightBookingActivity (-2/5)
03-24 09:57:57.572 26251 26251 D ViewRootImpl@5f3fd63[FlightBookingActivity]: Relayout returned: oldFrame=[0,0][1080,1920] newFrame=[0,0][1080,1920] result=0x5 surface={isValid=false 0} surfaceGenerationChanged=false
03-24 09:57:57.582  2510  2967 D EnterpriseController: netId is 0
03-24 09:57:57.582  2510  2967 D Netd    : getNetworkForDns: using netid 513 for uid 10103
03-24 09:57:57.582  2510  2967 D DnsProxyListener: DNSDBG::dns addrinfo af 0
03-24 09:57:58.138 28001 28026 D [ACT]:ao: processing priority = HIGH
03-24 09:57:58.166  2948  2948 D CustomFrequencyManagerService: releaseDVFSLockLocked : Getting Lock type frm List : DVFS_MIN_LIMIT  frequency : 1482000  uid : 1000  pid : 2948  tag : AMS_RESUME_TAIL@CPU_MIN@20
03-24 09:57:58.176 28050 28081 D [ACT]:ao: processing priority = HIGH
03-24 09:57:58.218  2948  3098 D wifi    : onLinkStatsResults: radio_stat.on_time = 116
03-24 09:57:58.219  2948  3098 D wifi    : onLinkStatsResults: radio_stat.tx_time = 0
03-24 09:57:58.219  2948  3098 D wifi    : onLinkStatsResults: radio_stat.rx_time = 0
03-24 09:57:58.219  2948  3098 D wifi    : android_net_wifi_getLinkLayerStats: radio_stat.on_time = 116
03-24 09:57:58.219  2948  3098 D wifi    : android_net_wifi_getLinkLayerStats: radio_stat.tx_time = 0
03-24 09:57:58.219  2948  3098 D wifi    : android_net_wifi_getLinkLayerStats: radio_stat.rx_time = 0
03-24 09:57:58.222  2948  3098 D WifiStateMachine: Current network is: "JusticeLeague" , ID is: 3
03-24 09:57:58.222  2948  3098 D WifiStateMachine: Current network is still qualified due to heavy traffic, txSuccessRate=30.56476138882942 rxSuccessRate=31.32257502271774
03-24 09:57:58.222  2948  3098 D WifiStateMachine: Current network is 5GHz, bail out...
03-24 09:57:58.272  2948  3058 D InputReader: Input event(4): value=1 when=35191956744000
03-24 09:57:58.272  2948  3058 D InputReader: Input event(4): value=1 when=35191956744000
03-24 09:57:58.272  2948  3058 I InputReader: Touch event's action is 0x0 (deviceType=0) [pCnt=1, s=0.1754 ] when=35191956744000
03-24 09:57:58.272  2948  3057 I InputDispatcher: Delivering touch to (3216): action: 0x4, toolType: 1
03-24 09:57:58.272  2948  3057 I InputDispatcher: Delivering touch to (26251): action: 0x0, toolType: 1
03-24 09:57:58.273 26251 26251 D ViewRootImpl@87d7127[LocationSearchActivity]: ViewPostImeInputStage processPointer 0
03-24 09:57:58.297  2948  3058 D InputReader: Input event(4): value=0 when=35191981667000
03-24 09:57:58.297  2948  3058 D InputReader: Input event(4): value=0 when=35191981667000
03-24 09:57:58.297  2948  3058 I InputReader: Touch event's action is 0x1 (deviceType=0) [pCnt=1, s=] when=35191981667000
03-24 09:57:58.297  2948  3057 I InputDispatcher: Delivering touch to (26251): action: 0x1, toolType: 1
03-24 09:57:58.297 26251 26251 D ViewRootImpl@87d7127[LocationSearchActivity]: ViewPostImeInputStage processPointer 1
03-24 09:57:58.297 26251 26251 D AbsListView: onTouchUp() mTouchMode : 0
03-24 09:57:58.370  2948  4773 W MultiScreenManagerService: moveTaskBackToDisplayIfNeeded(): The task has more than one activity
03-24 09:57:58.371  2948  4773 D ActivityManager: moveToFront() : reason=finishActivity adjustFocus setFocusedActivity isAttached=true TaskRecord{96adba9d0 #194 A=com.yatra.base U=0 StackId=1 sz=3}
03-24 09:57:58.374  2948  4773 D InputDispatcher: Focused application set to: xxxx
03-24 09:57:58.375  2948  4773 D ActivityTrigger: ActivityTrigger activityPauseTrigger 
03-24 09:57:58.376  2948  4773 D GameManagerService: sem_perfomance_mode: 3
03-24 09:57:58.381 26251 26251 D ytlog   : pauseCollectingLifecycleData called
03-24 09:57:58.382  2948  3984 D ActivityManager: isCustomScaleDownAnimationAllowed() : true
03-24 09:57:58.382  2948  3984 D ActivityManager: setAppIconInfo(), x : 646, y : 1532, width : 200, height : 309, isHomeItem : false
03-24 09:57:58.382  2948  3984 D ActivityManager: resumeTopActivityInnerLocked() : #1 prevTask=TaskRecord{96adba9d0 #194 A=com.yatra.base U=0 StackId=1 sz=3} next=ActivityRecord{65c87fd0 u0 com.yatra.base/com.yatra.flights.activity.FlightBookingActivity t194} mFocusedStack=ActivityStack{9122ec4d0 stackId=1, 1 tasks}
03-24 09:57:58.389  2948  3984 D CustomFrequencyManagerService: acquireDVFSLockLocked : type : DVFS_MIN_LIMIT  frequency : 1352000  uid : 1000  pid : 2948  pkgName : AMS_ACT_RESUME@CPU_MIN@26
03-24 09:57:58.391  2948  3984 D ActivityManagerPerformance: AMP_acquire() ACT_RESUME
03-24 09:57:58.391  2948  3984 D ActivityManager: applyOptionsLocked(), pendingOptions : null
03-24 09:57:58.399  2948  3984 D GameManagerService: sem_perfomance_mode: 3
03-24 09:57:58.399  2948  3984 D MARsPolicyManager: handlePackageResumedFG pkgName = com.yatra.base, userId = 0
03-24 09:57:58.399  2948  2948 D GameManagerService: NotifyRunnable. pkg: com.yatra.base, type: 4, isMinimized: false, isTunableApp: false
03-24 09:57:58.399  2948  2948 D GameManagerService: unexpected mPrevNotiType: -1
03-24 09:57:58.410 26251 26251 V MoEngage_v7716: MoEDispatcher:onStart ----
03-24 09:57:58.410 26251 26251 V MoEngage_v7716: Trying to add START_ACTIVITY to the queue
03-24 09:57:58.410 26251 26251 V MoEngage_v7716: START_ACTIVITY added to queue
03-24 09:57:58.411 26251 26251 V MoEngage_v7716: MoEDispatcher: Fetch or query in app message
03-24 09:57:58.411 26251 32548 V MoEngage_v7716: ActivityStartTask : started execution
03-24 09:57:58.411 26251 26251 V MoEngage_v7716: InAppManager: isFetchRequired: Next server sync will happen in 658 seconds. Is synced in this session ? --> true
03-24 09:57:58.411 26251 32548 V MoEngage_v7716: ActivityLifecycleStart : com.yatra.flights.activity.FlightBookingActivity started
03-24 09:57:58.411 26251 26251 V MoEngage_v7716: Trying to add CHECK_IN_APPS to the queue
03-24 09:57:58.411 26251 26251 V MoEngage_v7716: CHECK_IN_APPS added to queue
03-24 09:57:58.411 26251 26251 V MoEngage_v7716: Trying to add SHOW_SELF_HANDLED_INAPP to the queue
03-24 09:57:58.411 26251 26251 V MoEngage_v7716: SHOW_SELF_HANDLED_INAPP added to queue
03-24 09:57:58.411 26251 26251 V MoEngage_v7716: Location: isSyncRequired: Next server sync will happen in 658 seconds
03-24 09:57:58.411 26251 26251 V MoEngage_v7716: InAppManager: registerInAppmanager -- 
03-24 09:57:58.411 26251 26251 V MoEngage_v7716: MoEDispatcher:onStart ----
03-24 09:57:58.411 26251 26251 V MoEngage_v7716: Trying to add START_ACTIVITY to the queue
03-24 09:57:58.411 26251 26251 V MoEngage_v7716: START_ACTIVITY added to queue
03-24 09:57:58.412 26251 26251 V MoEngage_v7716: MoEDispatcher: Fetch or query in app message
03-24 09:57:58.412 26251 26251 V MoEngage_v7716: InAppManager: isFetchRequired: Next server sync will happen in 658 seconds. Is synced in this session ? --> true
03-24 09:57:58.412 26251 26251 V MoEngage_v7716: Trying to add CHECK_IN_APPS to the queue
03-24 09:57:58.412 26251 26251 V MoEngage_v7716: CHECK_IN_APPS added to queue
03-24 09:57:58.412 26251 26251 V MoEngage_v7716: Trying to add SHOW_SELF_HANDLED_INAPP to the queue
03-24 09:57:58.412 26251 26251 V MoEngage_v7716: SHOW_SELF_HANDLED_INAPP added to queue
03-24 09:57:58.412 26251 26251 V MoEngage_v7716: Location: isSyncRequired: Next server sync will happen in 658 seconds
03-24 09:57:58.412 26251 26251 V MoEngage_v7716: InAppManager: registerInAppmanager -- 
03-24 09:57:58.413 26251 32548 V MoEngage_v7716: MoEProvider: Deleted 0 record(s) for URI: content://com.yatra.base.moengage.provider/inapps
03-24 09:57:58.413 26251 32548 V MoEngage_v7716: MoEDAO:removeExpiredData: Number of IN APP records deleted: 0
03-24 09:57:58.415 26251 26251 D Adobe   : Start ----------------------------------------------------------
03-24 09:57:58.415 26251 26251 D Adobe   : TrackState key : value areadobe.event.screenload:1
03-24 09:57:58.415 26251 26251 D Adobe   : TrackState key : value areadobe.content.platform:app android
03-24 09:57:58.415 26251 26251 D Adobe   : TrackState key : value areadobe.content.pageType:business
03-24 09:57:58.415 26251 26251 D Adobe   : TrackState key : value areadobe.content.siteSection:flight home
03-24 09:57:58.415 26251 26251 D Adobe   : TrackState key : value areadobe.content.pagename:yt:flight:home
03-24 09:57:58.415 26251 26251 D Adobe   : TrackState key : value areadobe.user.mcvid:41961425672373672691171310670694127665
03-24 09:57:58.415 26251 26251 D Adobe   : TrackState key : value areadobe.user.loginstatus:logged-in
03-24 09:57:58.415 26251 26251 D Adobe   : TrackState key : value areadobe.user.registrationToken:apa91bgoto9nllnnt9utwx_n-pxr8cj7bhpe84ryf_3gr5fw34sauyeqclfyhf1j4tzpt97syrzl9-qlnu6pwhnh771ktyvghufupdju0ewbvwha6pblazi
03-24 09:57:58.415 26251 26251 D Adobe   : TrackState key : value areadobe.user.email:hH8XQtT1cC3nut5mPsfqtaOW+70gG5yEPAKlcplXxnA=
03-24 09:57:58.415 26251 26251 D Adobe   : TrackState key : value areadobe.content.LOB:flight
03-24 09:57:58.415 26251 26251 D Adobe   : TrackState key : value areadobe.user.number:rMwqHWQV+9H8O/lAhLb0rQ==
03-24 09:57:58.415 26251 26251 D Adobe   : TrackState key : value areadobe.content.sessionid:ef5dd9610bb29e6d15218293704969919
03-24 09:57:58.415 26251 26251 D Adobe   : TrackState state name yt:flight:home
03-24 09:57:58.415 26251 26251 D Adobe   : ---------------------------------------------------------- End
03-24 09:57:58.415 26251 32548 V MoEngage_v7716: MoEProvider: Deleted 0 record(s) for URI: content://com.yatra.base.moengage.provider/messages
03-24 09:57:58.415 26251 32548 V MoEngage_v7716: MoEDAO:removeExpiredData: Number of PromotionalMessage records deleted: 0
03-24 09:57:58.417 26251 32548 V MoEngage_v7716: MoEProvider: Deleted 0 record(s) for URI: content://com.yatra.base.moengage.provider/ubox
03-24 09:57:58.417 26251 32548 V MoEngage_v7716: MoEDAO:removeExpiredData: Number of Unified Inbox records deleted: 0
03-24 09:57:58.419 26251 26251 V MoEngage_v7716: Activity onResume called for com.yatra.flights.activity.FlightBookingActivity@ba05b19
03-24 09:57:58.419 26251 26251 D ytlog   : collectLifecycleData called for FlightBookingActivity
03-24 09:57:58.419 26251 26251 V MoEngage_v7716: Activity onResume called for com.yatra.flights.activity.FlightBookingActivity@ba05b19
03-24 09:57:58.419 26251 26251 D ytlog   : collectLifecycleData called for FlightBookingActivity
03-24 09:57:58.420 26251 32548 V MoEngage_v7716: MoEProvider: Deleted 0 record(s) for URI: content://com.yatra.base.moengage.provider/campaignlist
03-24 09:57:58.420 26251 32548 V MoEngage_v7716: MoEDAO:removeExpiredData: Number of CampaignList records deleted: 0
03-24 09:57:58.421 26251 26251 E Request Parameters::: {origin=CCU, showOnwardFares=true, destination=HYD, showReturnFares=true, flightType=R}
03-24 09:57:58.422 26251 26251 D ytlog   :  Post Method Request String is deviceId=ef5dd9610bb29e6d&showOnwardFares=true&destination=HYD&appVersion=236&showReturnFares=true&flightType=R&osVersion=24&origin=CCU&sessionId=ef5dd9610bb29e6d15218293704969919
03-24 09:57:58.424 26251 26251 D ytlog   : collectLifecycleData called for FlightBookingActivity
03-24 09:57:58.426 26251 30654 D ytlog   : URL:https://172.16.6.15:2438/ccwebapp/mobile/flight/mdomandroid/getFares.htm
03-24 09:57:58.435  2948  2974 D SamsungAlarmManager: Cancel Alarm calling from uid:10022 pid :4031 / op:PendingIntent{a78239d: PendingIntentRecord{eb39663 com.google.android.gms broadcastIntent}}
03-24 09:57:58.437 26251 32638 I System.out: (HTTPLog)-Static: isSBSettingEnabled false
03-24 09:57:58.437 26251 32638 I System.out: (HTTPLog)-Static: isSBSettingEnabled false
03-24 09:57:58.445 26251 30654 D ytlog   : Sso token:::BEARER ZGQyZTgwOGQtMzkzMS00NDk0LTljNWQtZGIyOWVmZTdjZjll
03-24 09:57:58.446 26251 30654 I System.out: (HTTPLog)-Static: isSBSettingEnabled false
03-24 09:57:58.446 26251 30654 I System.out: (HTTPLog)-Static: isSBSettingEnabled false
03-24 09:57:58.448 26251 32554 V MoEngage_v7716: NudgeView: fetchAndShowNudge: Checking for Nudge
03-24 09:57:58.448 26251 32554 I MoEngage_v7716: InAppManager: getInAppMessageToShow for type: GENERAL ALIGN_TYPE: EMBED
03-24 09:57:58.449  2948 27776 D ActivityManager: post active user change for 0 fullscreen true isHomeActivity() false
03-24 09:57:58.450 26251 26251 I ContainerHSingleton: getting value
03-24 09:57:58.471  2948  3991 D SamsungAlarmManager: Cancel Alarm calling from uid:10022 pid :3884 / op:PendingIntent{86f3012: PendingIntentRecord{75f1ecc com.google.android.gms broadcastIntent}}
03-24 09:57:58.480  2948  9620 D SamsungAlarmManager: Cancel Alarm calling from uid:10022 pid :4031 / op:PendingIntent{db85c99: PendingIntentRecord{eb39663 com.google.android.gms broadcastIntent}}
03-24 09:57:58.502  2948 13155 D SamsungAlarmManager: setInexact Intent (T:2/F:0/AC:false) 20180324T102251 - CU:10022/CP:3884
03-24 09:57:58.511  2948  3992 D SamsungAlarmManager: Cancel Alarm calling from uid:10022 pid :3884 / op:PendingIntent{b0c3b5e: PendingIntentRecord{75f1ecc com.google.android.gms broadcastIntent}}
03-24 09:57:58.517  2948  3988 V WindowManager: Relayout Window{6f1725fd0 u0 com.yatra.base/com.yatra.flights.activity.FlightBookingActivity}: viewVisibility=0 req=1080x1920 WM.LayoutParams{(0,0)(fillxfill) sim=#10 ty=1 fl=#81810100 wanim=0x1030465 vsysui=0x700 needsMenuKey=2 naviIconColor=0}
03-24 09:57:58.517  2412  2412 I SurfaceFlinger: id=894 createSurf (1080x1920),1 flag=404, com.yatra.base/com.yatra.flights.activity.FlightBookingActivity
03-24 09:57:58.519  2948  2992 D WindowManager: set systemUiVisibility of statusbar : systemUiFlags= 0x708 fullscreenStackSysUiFlag= 0x0
03-24 09:57:58.522  2948  3988 D InputDispatcher: Focus left window: 26251
03-24 09:57:58.522  2948  3988 D InputDispatcher: Focus entered window: 26251
03-24 09:57:58.523  2948  4771 D WindowManager: adjustSystemUiVisibilityLw : vis= 0x708
03-24 09:57:58.524 26251 26251 D ViewRootImpl@5f3fd63[FlightBookingActivity]: Relayout returned: oldFrame=[0,0][1080,1920] newFrame=[0,0][1080,1920] result=0x7 surface={isValid=true -1069551616} surfaceGenerationChanged=true
03-24 09:57:58.524 26251 26251 D ViewRootImpl@5f3fd63[FlightBookingActivity]: mHardwareRenderer.initialize() mSurface={isValid=true -1069551616} hwInitialized=true
03-24 09:57:58.525 26251 30596 D mali_winsys: EGLint new_window_surface(egl_winsys_display*, void*, EGLSurface, EGLConfig, egl_winsys_surface**, egl_color_buffer_format*, EGLBoolean) returns 0x3000,  [1080x1920]-format:1
03-24 09:57:58.531 26251 26251 W Activity: AppLock checkAppLockState locked:false verifying:false pkgName = com.yatra.base isInMultiWindowMode:false
03-24 09:57:58.532 26251 32548 V MoEngage_v7716: ActivityStartTask : completed execution
03-24 09:57:58.532 26251 32548 V MoEngage_v7716: Task completed : START_ACTIVITY
03-24 09:57:58.532 26251 32542 V MoEngage_v7716: ShowSelfHandledInAppTask : executing task
03-24 09:57:58.533 26251 32542 I MoEngage_v7716: InAppManager: getInAppMessageToShow for type: SELF_HANDLED ALIGN_TYPE: null
03-24 09:57:58.533 26251 32542 V MoEngage_v7716: ShowSelfHandledInAppTask : completed task
03-24 09:57:58.533 26251 32542 V MoEngage_v7716: Task completed : SHOW_SELF_HANDLED_INAPP
03-24 09:57:58.533 26251 32548 V MoEngage_v7716: CheckInAppTask  :execution started
03-24 09:57:58.533 26251 32548 I MoEngage_v7716: InAppManager: getInAppMessageToShow for type: GENERAL ALIGN_TYPE: null
03-24 09:57:58.533 26251 32548 V MoEngage_v7716: CheckInAppTask  :execution completed
03-24 09:57:58.533 26251 32548 V MoEngage_v7716: Task completed : CHECK_IN_APPS
03-24 09:57:58.533 26251 32548 V MoEngage_v7716: CheckInAppTask : executing postExecute
03-24 09:57:58.533 26251 32548 V MoEngage_v7716: CheckInAppTask : completed postExecute
03-24 09:57:58.533 26251 32542 V MoEngage_v7716: ShowSelfHandledInAppTask : executing task
03-24 09:57:58.533  2948  3485 D SamsungAlarmManager: setInexact Intent (T:2/F:0/AC:false) 20180324T102251 - CU:10022/CP:3884
03-24 09:57:58.533 26251 32542 I MoEngage_v7716: InAppManager: getInAppMessageToShow for type: SELF_HANDLED ALIGN_TYPE: null
03-24 09:57:58.533 26251 32542 V MoEngage_v7716: ShowSelfHandledInAppTask : completed task
03-24 09:57:58.533 26251 32542 V MoEngage_v7716: Task completed : SHOW_SELF_HANDLED_INAPP
03-24 09:57:58.533 26251 32548 V MoEngage_v7716: CheckInAppTask  :execution started
03-24 09:57:58.533 26251 32548 I MoEngage_v7716: InAppManager: getInAppMessageToShow for type: GENERAL ALIGN_TYPE: null
03-24 09:57:58.533 26251 32548 V MoEngage_v7716: CheckInAppTask  :execution completed
03-24 09:57:58.534 26251 32548 V MoEngage_v7716: Task completed : CHECK_IN_APPS
03-24 09:57:58.534 26251 32548 V MoEngage_v7716: CheckInAppTask : executing postExecute
03-24 09:57:58.534 26251 32548 V MoEngage_v7716: CheckInAppTask : completed postExecute
03-24 09:57:58.534 26251 32542 V MoEngage_v7716: ActivityStartTask : started execution
03-24 09:57:58.534 26251 32542 V MoEngage_v7716: ActivityLifecycleStart : com.yatra.flights.activity.FlightBookingActivity started
03-24 09:57:58.536 26251 32542 V MoEngage_v7716: MoEProvider: Deleted 0 record(s) for URI: content://com.yatra.base.moengage.provider/inapps
03-24 09:57:58.536 26251 32542 V MoEngage_v7716: MoEDAO:removeExpiredData: Number of IN APP records deleted: 0
03-24 09:57:58.537 26251 32542 V MoEngage_v7716: MoEProvider: Deleted 0 record(s) for URI: content://com.yatra.base.moengage.provider/messages
03-24 09:57:58.537 26251 32542 V MoEngage_v7716: MoEDAO:removeExpiredData: Number of PromotionalMessage records deleted: 0
03-24 09:57:58.540 26251 32542 V MoEngage_v7716: MoEProvider: Deleted 0 record(s) for URI: content://com.yatra.base.moengage.provider/ubox
03-24 09:57:58.540 26251 32542 V MoEngage_v7716: MoEDAO:removeExpiredData: Number of Unified Inbox records deleted: 0
03-24 09:57:58.541 26251 32542 V MoEngage_v7716: MoEProvider: Deleted 0 record(s) for URI: content://com.yatra.base.moengage.provider/campaignlist
03-24 09:57:58.541 26251 32542 V MoEngage_v7716: MoEDAO:removeExpiredData: Number of CampaignList records deleted: 0
03-24 09:57:58.590  2948  3485 D WindowManager: finishDrawingWindow: Window{6f1725fd0 u0 com.yatra.base/com.yatra.flights.activity.FlightBookingActivity} mDrawState=DRAW_PENDING
03-24 09:57:58.591 26251 26251 D ViewRootImpl@5f3fd63[FlightBookingActivity]: MSG_WINDOW_FOCUS_CHANGED 1
03-24 09:57:58.591 26251 26251 D ViewRootImpl@5f3fd63[FlightBookingActivity]: mHardwareRenderer.initializeIfNeeded()#2 mSurface={isValid=true -1069551616}
03-24 09:57:58.593 26251 26251 V InputMethodManager: Starting input: tba=android.view.inputmethod.EditorInfo@25319ad nm : com.yatra.base ic=null
03-24 09:57:58.593 26251 26251 I InputMethodManager: [IMM] startInputInner - mService.startInputOrWindowGainedFocus
03-24 09:57:58.593  2948  6363 D InputMethodManagerService: windowGainedFocus mCurrentFocusedUserId - 0 and mSecureKeypadEnabled-false
03-24 09:57:58.598  2412  2412 I SurfaceFlinger: id=895 createSurf (1080x1920),-1 flag=20004, com.yatra.base/com.yatra.flights.activity.LocationSearchActivity_dim
03-24 09:57:58.601  2948  6363 V InputMethodManagerService: windowGainedFocus: reason=WINDOW_FOCUS_GAIN client=android.os.BinderProxy@67b3bb7 inputContext=null missingMethods= attribute=android.view.inputmethod.EditorInfo@c3c9e09 nm = com.yatra.base controlFlags=#105 softInputMode=#10 windowFlags=#81810100
03-24 09:57:58.601  2948  6363 V InputMethodManagerService: Unspecified window will hide input
03-24 09:57:58.601  2948  6363 V InputMethodManagerService: hideCurrentInputLocked - !shouldHideSoftInput
03-24 09:57:58.601  2948  6363 D InputTransport: Input channel constructed: fd=387
03-24 09:57:58.601  2948  6363 D InputTransport: Input channel destroyed: fd=387
03-24 09:57:58.601 26251 26251 D InputTransport: Input channel constructed: fd=172
03-24 09:57:58.601 26251 26251 D InputTransport: Input channel destroyed: fd=161
03-24 09:57:58.602  4339  4339 I SKBD    : SamsungKeypad onFinishInput took nanoTime: 127116
03-24 09:57:58.602  4339  4339 I SKBD    : SamsungKeypad [IMI] onStartInput - caller packageName : com.yatra.base
03-24 09:57:58.604 26251 26251 W IInputConnectionWrapper: finishComposingText on inactive InputConnection
03-24 09:57:58.604 26251 26251 D ViewRootImpl@87d7127[LocationSearchActivity]: MSG_WINDOW_FOCUS_CHANGED 0
03-24 09:57:58.606 26251 32542 V MoEngage_v7716: ActivityStartTask : completed execution
03-24 09:57:58.606 26251 32542 V MoEngage_v7716: Task completed : START_ACTIVITY
03-24 09:57:58.620  2412  2412 D SurfaceFlinger:   Display[0] configurations (* current):
03-24 09:57:58.620  2412  2412 D SurfaceFlinger:     * 0: 1080x1920, xdpi=403.411011, ydpi=403.040985, refresh=16949152
03-24 09:57:58.620  2412  2412 D SurfaceFlinger:   numHwLayers=5, flags=00000000
03-24 09:57:58.620  2412  2412 D SurfaceFlinger:     type   |  handle  | hint | flag | tr | blnd |   format    |     source crop (l,t,r,b)      |          frame         | name 
03-24 09:57:58.620  2412  2412 D SurfaceFlinger: -----------+----------+------+------+----+------+-------------+--------------------------------+------------------------+------
03-24 09:57:58.620  2412  2412 D SurfaceFlinger:        HWC | f338c140 | 0000 | 0020 | 00 | 0100 | RGBA_8888   |   75.0,    0.0, 1080.0, 1920.0 |    0,    0, 1005, 1920 | com.yatra.base/com.yatra.flights.activity.FlightBookingActivity
03-24 09:57:58.620  2412  2412 D SurfaceFlinger:       GLES | 00000000 | 0000 | 0200 | 00 | 0105 | ? ffffffff  |    0.0,    0.0,   -1.0,   -1.0 |    0,    0, 1080, 1920 | com.yatra.base/com.yatra.flights.activity.LocationSearchActivity_dim
03-24 09:57:58.620  2412  2412 D SurfaceFlinger:       GLES | f338d360 | 0000 | 0020 | 00 | 0100 | RGBA_8888   |    0.0,    0.0, 1074.0, 1920.0 |    6,    0, 1080, 1920 | com.yatra.base/com.yatra.flights.activity.LocationSearchActivity
03-24 09:57:58.620  2412  2412 D SurfaceFlinger:        HWC | f338c820 | 0000 | 0000 | 00 | 0105 | RGBA_8888
03-24 09:57:58.620  2412  2412 D SurfaceFlinger:    |    0.0,    0.0, 1080.0,   63.0 |    0,    0, 1080,   63 | StatusBar
03-24 09:57:58.620  2412  2412 D SurfaceFlinger:  FB TARGET | f3184500 | 0000 | 0000 | 00 | 0105 | RGBA_8888   |    0.0,    0.0, 1080.0, 1920.0 |    0,    0, 1080, 1920 | HWC_FRAMEBUFFER_TARGET
03-24 09:57:58.638 26251 30596 D OpenGLRenderer: endAllActiveAnimators on 0xbe865580 (ListView) with handle 0xbefc7e70
03-24 09:57:58.638 26251 26251 D ViewRootImpl@87d7127[LocationSearchActivity]: mHardwareRenderer.destroy()#1
03-24 09:57:58.640  2948  3485 V WindowManager: Relayout Window{1634378d0 u0 com.yatra.base/com.yatra.flights.activity.LocationSearchActivity}: viewVisibility=8 req=1080x1920 WM.LayoutParams{(0,0)(fillxfill) sim=#113 ty=1 fl=#81810100 wanim=0x1030465 vsysui=0x600 needsMenuKey=2 naviIconColor=0}
03-24 09:57:58.647 26251 26251 D ViewRootImpl@87d7127[LocationSearchActivity]: Relayout returned: oldFrame=[0,0][1080,1920] newFrame=[0,0][1080,1920] result=0x5 surface={isValid=false 0} surfaceGenerationChanged=true
03-24 09:57:58.734 26251 30654 I ytlog   : RestUtilImpl:Approving certificate for 172.16.6.15
03-24 09:57:58.784  3830  3840 I art     : Background partial concurrent mark sweep GC freed 398923(17MB) AllocSpace objects, 17(2MB) LOS objects, 39% free, 24MB/40MB, paused 1.896ms total 196.446ms
03-24 09:57:59.005  2948  3001 I WindowManager_SurfaceController: Destroying surface Surface(name=com.yatra.base/com.yatra.flights.activity.LocationSearchActivity_dim) called by com.android.server.wm.WindowStateAnimator.finishExit:606 com.android.server.wm.AppWindowAnimator.stepAnimationLocked:557 com.android.server.wm.WindowAnimator.updateAppWindowsLocked:228 com.android.server.wm.WindowAnimator.animateLocked:946 com.android.server.wm.WindowAnimator.-wrap0:-1 com.android.server.wm.WindowAnimator$1.doFrame:181 android.view.Choreographer$CallbackRecord.run:957 android.view.Choreographer.doCallbacks:734 
03-24 09:57:59.006  2412  3648 I SurfaceFlinger: id=895 Removed com.yatra.base/com.yatra.flights.activity.LocationSearchActivity_dim (3/6)
03-24 09:57:59.006  2412 13186 I SurfaceFlinger: id=895 Removed com.yatra.base/com.yatra.flights.activity.LocationSearchActivity_dim (-2/6)
03-24 09:57:59.023  2948  3001 D CustomFrequencyManagerService: releaseDVFSLockLocked : Getting Lock type frm List : DVFS_MIN_LIMIT  frequency : 1352000  uid : 1000  pid : 2948  tag : AMS_ACT_RESUME@CPU_MIN@26
03-24 09:57:59.025  2948  3001 D ActivityManagerPerformance: AMP_release() ACT_RESUME
03-24 09:57:59.028 26251 26251 V MoEngage_v7716: Activity onStop called for com.yatra.flights.activity.LocationSearchActivity@a4f0bab
03-24 09:57:59.028 26251 26251 V MoEngage_v7716: InAppManager: unregisterInAppManager -- 
03-24 09:57:59.029 26251 26251 V MoEngage_v7716: Trying to add ACTIVITY_STOP to the queue
03-24 09:57:59.029 26251 26251 V MoEngage_v7716: ACTIVITY_STOP added to queue
