03-24 09:58:01.225  2948  3098 D wifi    : android_net_wifi_getLinkLayerStats: radio_stat.rx_time = 0
03-24 09:58:01.230  2948  3098 D WifiStateMachine: Current network is: "JusticeLeague" , ID is: 3
03-24 09:58:01.230  2948  3098 D WifiStateMachine: Current network is still qualified due to heavy traffic, txSuccessRate=29.782380694414712 rxSuccessRate=30.66128751135887
03-24 09:58:01.230  2948  3098 D WifiStateMachine: Current network is 5GHz, bail out...
03-24 09:58:01.248  2948  3058 D InputReader: Input event(4): value=0 when=35194933258000
03-24 09:58:01.248  2948  3058 D InputReader: Input event(4): value=0 when=35194933258000
03-24 09:58:01.248  2948  3058 I InputReader: Touch event's action is 0x1 (deviceType=0) [pCnt=1, s=] when=35194933258000
03-24 09:58:01.249  2948  3057 I InputDispatcher: Delivering touch to (26251): action: 0x1, toolType: 1
03-24 09:58:01.249 26251 26251 D ViewRootImpl@a2c88a7[LocationSearchActivity]: ViewPostImeInputStage processPointer 1
03-24 09:58:01.249 26251 26251 D AbsListView: onTouchUp() mTouchMode : 0
03-24 09:58:01.320  2948  6362 W MultiScreenManagerService: moveTaskBackToDisplayIfNeeded(): The task has more than one activity
03-24 09:58:01.320  2948  6362 D ActivityManager: moveToFront() : reason=finishActivity adjustFocus setFocusedActivity isAttached=true TaskRecord{96adba9d0 #194 A=com.yatra.base U=0 StackId=1 sz=3}
03-24 09:58:01.325  2948  6362 D InputDispatcher: Focused application set to: xxxx
03-24 09:58:01.325  2948  6362 D ActivityTrigger: ActivityTrigger activityPauseTrigger 
03-24 09:58:01.327  2948  6362 D GameManagerService: sem_perfomance_mode: 3
03-24 09:58:01.331 26251 26251 D ytlog   : pauseCollectingLifecycleData called
03-24 09:58:01.332  2948  3089 D ActivityManager: isCustomScaleDownAnimationAllowed() : true
03-24 09:58:01.332  2948  3089 D ActivityManager: setAppIconInfo(), x : 646, y : 1532, width : 200, height : 309, isHomeItem : false
03-24 09:58:01.332  2948  3089 D ActivityManager: resumeTopActivityInnerLocked() : #1 prevTask=TaskRecord{96adba9d0 #194 A=com.yatra.base U=0 StackId=1 sz=3} next=ActivityRecord{65c87fd0 u0 com.yatra.base/com.yatra.flights.activity.FlightBookingActivity t194} mFocusedStack=ActivityStack{9122ec4d0 stackId=1, 1 tasks}
03-24 09:58:01.337  2948  3370 E Watchdog: !@Sync 1172 [2018-03-24 09:58:01.337]
03-24 09:58:01.346  2948  3089 D CustomFrequencyManagerService: acquireDVFSLockLocked : type : DVFS_MIN_LIMIT  frequency : 1352000  uid : 1000  pid : 2948  pkgName : AMS_ACT_RESUME@CPU_MIN@26
03-24 09:58:01.347  2948  3089 D ActivityManagerPerformance: AMP_acquire() ACT_RESUME
03-24 09:58:01.347  2948  3089 D ActivityManager: applyOptionsLocked(), pendingOptions : null
03-24 09:58:01.354  2948  3089 D GameManagerService: sem_perfomance_mode: 3
03-24 09:58:01.355  2948  2948 D GameManagerService: NotifyRunnable. pkg: com.yatra.base, type: 4, isMinimized: false, isTunableApp: false
03-24 09:58:01.355  2948  2948 D GameManagerService: unexpected mPrevNotiType: -1
03-24 09:58:01.355  2948  3089 D MARsPolicyManager: handlePackageResumedFG pkgName = com.yatra.base, userId = 0
03-24 09:58:01.366 26251 26251 V MoEngage_v7716: MoEDispatcher:onStart ----
03-24 09:58:01.366 26251 26251 V MoEngage_v7716: Trying to add START_ACTIVITY to the queue
03-24 09:58:01.366 26251 26251 V MoEngage_v7716: START_ACTIVITY added to queue
03-24 09:58:01.367 26251 26251 V MoEngage_v7716: MoEDispatcher: Fetch or query in app message
03-24 09:58:01.367 26251 32548 V MoEngage_v7716: ActivityStartTask : started execution
03-24 09:58:01.367 26251 32548 V MoEngage_v7716: ActivityLifecycleStart : com.yatra.flights.activity.FlightBookingActivity started
03-24 09:58:01.367 26251 26251 V MoEngage_v7716: InAppManager: isFetchRequired: Next server sync will happen in 655 seconds. Is synced in this session ? --> true
03-24 09:58:01.367 26251 26251 V MoEngage_v7716: Trying to add CHECK_IN_APPS to the queue
03-24 09:58:01.367 26251 26251 V MoEngage_v7716: CHECK_IN_APPS added to queue
03-24 09:58:01.367 26251 26251 V MoEngage_v7716: Trying to add SHOW_SELF_HANDLED_INAPP to the queue
03-24 09:58:01.367 26251 26251 V MoEngage_v7716: SHOW_SELF_HANDLED_INAPP added to queue
03-24 09:58:01.367 26251 26251 V MoEngage_v7716: Location: isSyncRequired: Next server sync will happen in 655 seconds
03-24 09:58:01.367 26251 26251 V MoEngage_v7716: InAppManager: registerInAppmanager -- 
03-24 09:58:01.367 26251 26251 V MoEngage_v7716: MoEDispatcher:onStart ----
03-24 09:58:01.367 26251 26251 V MoEngage_v7716: Trying to add START_ACTIVITY to the queue
03-24 09:58:01.367 26251 26251 V MoEngage_v7716: START_ACTIVITY added to queue
03-24 09:58:01.368 26251 26251 V MoEngage_v7716: MoEDispatcher: Fetch or query in app message
03-24 09:58:01.368 26251 26251 V MoEngage_v7716: InAppManager: isFetchRequired: Next server sync will happen in 655 seconds. Is synced in this session ? --> true
03-24 09:58:01.368 26251 26251 V MoEngage_v7716: Trying to add CHECK_IN_APPS to the queue
03-24 09:58:01.368 26251 26251 V MoEngage_v7716: CHECK_IN_APPS added to queue
03-24 09:58:01.368 26251 26251 V MoEngage_v7716: Trying to add SHOW_SELF_HANDLED_INAPP to the queue
03-24 09:58:01.368 26251 26251 V MoEngage_v7716: SHOW_SELF_HANDLED_INAPP added to queue
03-24 09:58:01.368 26251 26251 V MoEngage_v7716: Location: isSyncRequired: Next server sync will happen in 655 seconds
03-24 09:58:01.368 26251 26251 V MoEngage_v7716: InAppManager: registerInAppmanager -- 
03-24 09:58:01.369 26251 32548 V MoEngage_v7716: MoEProvider: Deleted 0 record(s) for URI: content://com.yatra.base.moengage.provider/inapps
03-24 09:58:01.369 26251 32548 V MoEngage_v7716: MoEDAO:removeExpiredData: Number of IN APP records deleted: 0
03-24 09:58:01.370 26251 26251 D Adobe   : Start ----------------------------------------------------------
03-24 09:58:01.370 26251 26251 D Adobe   : TrackState key : value areadobe.event.screenload:1
03-24 09:58:01.370 26251 26251 D Adobe   : TrackState key : value areadobe.content.platform:app android
03-24 09:58:01.370 26251 26251 D Adobe   : TrackState key : value areadobe.content.pageType:business
03-24 09:58:01.370 26251 26251 D Adobe   : TrackState key : value areadobe.content.siteSection:flight home
03-24 09:58:01.370 26251 26251 D Adobe   : TrackState key : value areadobe.content.pagename:yt:flight:home
03-24 09:58:01.370 26251 26251 D Adobe   : TrackState key : value areadobe.user.mcvid:41961425672373672691171310670694127665
03-24 09:58:01.370 26251 26251 D Adobe   : TrackState key : value areadobe.user.loginstatus:logged-in
03-24 09:58:01.370 26251 26251 D Adobe   : TrackState key : value areadobe.user.registrationToken:apa91bgoto9nllnnt9utwx_n-pxr8cj7bhpe84ryf_3gr5fw34sauyeqclfyhf1j4tzpt97syrzl9-qlnu6pwhnh771ktyvghufupdju0ewbvwha6pblazi
03-24 09:58:01.370 26251 26251 D Adobe   : TrackState key : value areadobe.user.email:hH8XQtT1cC3nut5mPsfqtaOW+70gG5yEPAKlcplXxnA=
03-24 09:58:01.370 26251 26251 D Adobe   : TrackState key : value areadobe.content.LOB:flight
03-24 09:58:01.370 26251 26251 D Adobe   : TrackState key : value areadobe.user.number:rMwqHWQV+9H8O/lAhLb0rQ==
03-24 09:58:01.370 26251 26251 D Adobe   : TrackState key : value areadobe.content.sessionid:ef5dd9610bb29e6d15218293704969919
03-24 09:58:01.370 26251 26251 D Adobe   : TrackState state name yt:flight:home
03-24 09:58:01.370 26251 26251 D Adobe   : ---------------------------------------------------------- End
03-24 09:58:01.375 26251 32548 V MoEngage_v7716: MoEProvider: Deleted 0 record(s) for URI: content://com.yatra.base.moengage.provider/messages
03-24 09:58:01.375 26251 32548 V MoEngage_v7716: MoEDAO:removeExpiredData: Number of PromotionalMessage records deleted: 0
03-24 09:58:01.377 26251 32548 V MoEngage_v7716: MoEProvider: Deleted 0 record(s) for URI: content://com.yatra.base.moengage.provider/ubox
03-24 09:58:01.377 26251 32548 V MoEngage_v7716: MoEDAO:removeExpiredData: Number of Unified Inbox records deleted: 0
03-24 09:58:01.377 26251 26251 V MoEngage_v7716: Activity onResume called for com.yatra.flights.activity.FlightBookingActivity@ba05b19
03-24 09:58:01.377 26251 26251 D ytlog   : collectLifecycleData called for FlightBookingActivity
03-24 09:58:01.378 26251 26251 V MoEngage_v7716: Activity onResume called for com.yatra.flights.activity.FlightBookingActivity@ba05b19
03-24 09:58:01.378 26251 26251 D ytlog   : collectLifecycleData called for FlightBookingActivity
03-24 09:58:01.379 26251 26251 E Request Parameters::: {origin=CCU, showOnwardFares=true, destination=MAA, showReturnFares=true, flightType=R}
03-24 09:58:01.380 26251 32548 V MoEngage_v7716: MoEProvider: Deleted 0 record(s) for URI: content://com.yatra.base.moengage.provider/campaignlist
03-24 09:58:01.380 26251 32548 V MoEngage_v7716: MoEDAO:removeExpiredData: Number of CampaignList records deleted: 0
03-24 09:58:01.380 26251 26251 D ytlog   :  Post Method Request String is deviceId=ef5dd9610bb29e6d&showOnwardFares=true&destination=MAA&appVersion=236&showReturnFares=true&flightType=R&osVersion=24&origin=CCU&sessionId=ef5dd9610bb29e6d15218293704969919
03-24 09:58:01.382 26251 26251 D ytlog   : collectLifecycleData called for FlightBookingActivity
03-24 09:58:01.383 26251 30645 D ytlog   : URL:https://172.16.6.15:2438/ccwebapp/mobile/flight/mdomandroid/getFares.htm
03-24 09:58:01.388 26251 32653 I System.out: ****** Test(HTTPLog)-Static: isSBSettingEnabled false
03-24 09:58:01.388 26251 32653 I System.out: (HTTPLog)-Static: isSBSettingEnabled false
03-24 09:58:01.394  2948  3993 D SamsungAlarmManager: Cancel Alarm calling from uid:10022 pid :4031 / op:PendingIntent{84d2c57: PendingIntentRecord{eb39663 com.google.android.gms broadcastIntent}}
03-24 09:58:01.399 26251 30645 D ytlog   : Sso token:::BEARER ZGQyZTgwOGQtMzkzMS00NDk0LTljNWQtZGIyOWVmZTdjZjll
03-24 09:58:01.400 26251 30645 I System.out: (HTTPLog)-Static: isSBSettingEnabled false
03-24 09:58:01.400 26251 30645 I System.out: (HTTPLog)-Static: isSBSettingEnabled false
03-24 09:58:01.408 26251 32554 V MoEngage_v7716: NudgeView: fetchAndShowNudge: Checking for Nudge
03-24 09:58:01.408  2948  4771 D ActivityManager: post active user change for 0 fullscreen true isHomeActivity() false
03-24 09:58:01.408 26251 32554 I MoEngage_v7716: InAppManager: getInAppMessageToShow for type: GENERAL ALIGN_TYPE: EMBED
03-24 09:58:01.409 26251 26251 I ContainerHSingleton: getting value
03-24 09:58:01.432  2948  3989 D SamsungAlarmManager: Cancel Alarm calling from uid:10022 pid :4031 / op:PendingIntent{89f6562: PendingIntentRecord{eb39663 com.google.android.gms broadcastIntent}}
03-24 09:58:01.435  2948  4771 D SamsungAlarmManager: Cancel Alarm calling from uid:10022 pid :3884 / op:PendingIntent{88e36f3: PendingIntentRecord{75f1ecc com.google.android.gms broadcastIntent}}
03-24 09:58:01.456  2948  4771 D SamsungAlarmManager: setInexact Intent (T:2/F:0/AC:false) 20180324T102251 - CU:10022/CP:3884
03-24 09:58:01.469  2948  3985 D SamsungAlarmManager: Cancel Alarm calling from uid:10022 pid :3884 / op:PendingIntent{89275ae: PendingIntentRecord{75f1ecc com.google.android.gms broadcastIntent}}
03-24 09:58:01.477  2948  2975 V WindowManager: Relayout Window{6f1725fd0 u0 com.yatra.base/com.yatra.flights.activity.FlightBookingActivity}: viewVisibility=0 req=1080x1920 WM.LayoutParams{(0,0)(fillxfill) sim=#10 ty=1 fl=#81810100 wanim=0x1030465 vsysui=0x700 needsMenuKey=2 naviIconColor=0}
03-24 09:58:01.478  2412  2412 I SurfaceFlinger: id=898 createSurf (1080x1920),1 flag=404, com.yatra.base/com.yatra.flights.activity.FlightBookingActivity
03-24 09:58:01.479  2948  2992 D WindowManager: set systemUiVisibility of statusbar : systemUiFlags= 0x708 fullscreenStackSysUiFlag= 0x0
03-24 09:58:01.482  2948  2975 D InputDispatcher: Focus left window: 26251
03-24 09:58:01.482  2948  2975 D InputDispatcher: Focus entered window: 26251
03-24 09:58:01.483  2948  3464 D WindowManager: adjustSystemUiVisibilityLw : vis= 0x708
03-24 09:58:01.484 26251 26251 D ViewRootImpl@5f3fd63[FlightBookingActivity]: Relayout returned: oldFrame=[0,0][1080,1920] newFrame=[0,0][1080,1920] result=0x7 surface={isValid=true -1069551616} surfaceGenerationChanged=true
03-24 09:58:01.484 26251 26251 D ViewRootImpl@5f3fd63[FlightBookingActivity]: mHardwareRenderer.initialize() mSurface={isValid=true -1069551616} hwInitialized=true
03-24 09:58:01.485 26251 30596 D mali_winsys: EGLint new_window_surface(egl_winsys_display*, void*, EGLSurface, EGLConfig, egl_winsys_surface**, egl_color_buffer_format*, EGLBoolean) returns 0x3000,  [1080x1920]-format:1
03-24 09:58:01.488  2948  9619 D SamsungAlarmManager: setInexact Intent (T:2/F:0/AC:false) 20180324T102251 - CU:10022/CP:3884
03-24 09:58:01.490 26251 26251 W Activity: AppLock checkAppLockState locked:false verifying:false pkgName = com.yatra.base isInMultiWindowMode:false
03-24 09:58:01.491 26251 32548 V MoEngage_v7716: ActivityStartTask : completed execution
03-24 09:58:01.491 26251 32548 V MoEngage_v7716: Task completed : START_ACTIVITY
03-24 09:58:01.491 26251 32542 V MoEngage_v7716: ShowSelfHandledInAppTask : executing task
03-24 09:58:01.492 26251 32542 I MoEngage_v7716: InAppManager: getInAppMessageToShow for type: SELF_HANDLED ALIGN_TYPE: null
03-24 09:58:01.492 26251 32542 V MoEngage_v7716: ShowSelfHandledInAppTask : completed task
03-24 09:58:01.492 26251 32542 V MoEngage_v7716: Task completed : SHOW_SELF_HANDLED_INAPP
03-24 09:58:01.492 26251 32548 V MoEngage_v7716: CheckInAppTask  :execution started
03-24 09:58:01.492 26251 32548 I MoEngage_v7716: InAppManager: getInAppMessageToShow for type: GENERAL ALIGN_TYPE: null
03-24 09:58:01.492 26251 32548 V MoEngage_v7716: CheckInAppTask  :execution completed
03-24 09:58:01.492 26251 32548 V MoEngage_v7716: Task completed : CHECK_IN_APPS
03-24 09:58:01.492 26251 32548 V MoEngage_v7716: CheckInAppTask : executing postExecute
03-24 09:58:01.492 26251 32548 V MoEngage_v7716: CheckInAppTask : completed postExecute
03-24 09:58:01.492 26251 32542 V MoEngage_v7716: ShowSelfHandledInAppTask : executing task
03-24 09:58:01.492 26251 32542 I MoEngage_v7716: InAppManager: getInAppMessageToShow for type: SELF_HANDLED ALIGN_TYPE: null
03-24 09:58:01.493 26251 32542 V MoEngage_v7716: ShowSelfHandledInAppTask : completed task
03-24 09:58:01.493 26251 32542 V MoEngage_v7716: Task completed : SHOW_SELF_HANDLED_INAPP
03-24 09:58:01.493 26251 32548 V MoEngage_v7716: CheckInAppTask  :execution started
03-24 09:58:01.493 26251 32548 I MoEngage_v7716: InAppManager: getInAppMessageToShow for type: GENERAL ALIGN_TYPE: null
03-24 09:58:01.493 26251 32548 V MoEngage_v7716: CheckInAppTask  :execution completed
03-24 09:58:01.493 26251 32548 V MoEngage_v7716: Task completed : CHECK_IN_APPS
03-24 09:58:01.493 26251 32548 V MoEngage_v7716: CheckInAppTask : executing postExecute
03-24 09:58:01.493 26251 32548 V MoEngage_v7716: CheckInAppTask : completed postExecute
03-24 09:58:01.493 26251 32542 V MoEngage_v7716: ActivityStartTask : started execution
03-24 09:58:01.493 26251 32542 V MoEngage_v7716: ActivityLifecycleStart : com.yatra.flights.activity.FlightBookingActivity started
03-24 09:58:01.495 26251 32542 V MoEngage_v7716: MoEProvider: Deleted 0 record(s) for URI: content://com.yatra.base.moengage.provider/inapps
03-24 09:58:01.495 26251 32542 V MoEngage_v7716: MoEDAO:removeExpiredData: Number of IN APP records deleted: 0
03-24 09:58:01.500 26251 32542 V MoEngage_v7716: MoEProvider: Deleted 0 record(s) for URI: content://com.yatra.base.moengage.provider/messages
03-24 09:58:01.500 26251 32542 V MoEngage_v7716: MoEDAO:removeExpiredData: Number of PromotionalMessage records deleted: 0
03-24 09:58:01.502 26251 32542 V MoEngage_v7716: MoEProvider: Deleted 0 record(s) for URI: content://com.yatra.base.moengage.provider/ubox
03-24 09:58:01.502 26251 32542 V MoEngage_v7716: MoEDAO:removeExpiredData: Number of Unified Inbox records deleted: 0
03-24 09:58:01.503 26251 32542 V MoEngage_v7716: MoEProvider: Deleted 0 record(s) for URI: content://com.yatra.base.moengage.provider/campaignlist
03-24 09:58:01.503 26251 32542 V MoEngage_v7716: MoEDAO:removeExpiredData: Number of CampaignList records deleted: 0
03-24 09:58:01.548  2948  9620 D WindowManager: finishDrawingWindow: Window{6f1725fd0 u0 com.yatra.base/com.yatra.flights.activity.FlightBookingActivity} mDrawState=DRAW_PENDING
03-24 09:58:01.548 26251 26251 D ViewRootImpl@5f3fd63[FlightBookingActivity]: MSG_WINDOW_FOCUS_CHANGED 1
03-24 09:58:01.549 26251 26251 D ViewRootImpl@5f3fd63[FlightBookingActivity]: mHardwareRenderer.initializeIfNeeded()#2 mSurface={isValid=true -1069551616}
03-24 09:58:01.552 26251 26251 V InputMethodManager: Starting input: tba=android.view.inputmethod.EditorInfo@5e51ed6 nm : com.yatra.base ic=null
03-24 09:58:01.552 26251 26251 I InputMethodManager: [IMM] startInputInner - mService.startInputOrWindowGainedFocus
03-24 09:58:01.553  2948 13154 D InputMethodManagerService: windowGainedFocus mCurrentFocusedUserId - 0 and mSecureKeypadEnabled-false
03-24 09:58:01.559  2412  2412 I SurfaceFlinger: id=899 createSurf (1080x1920),-1 flag=20004, com.yatra.base/com.yatra.flights.activity.LocationSearchActivity_dim
03-24 09:58:01.563  2948 13154 V InputMethodManagerService: windowGainedFocus: reason=WINDOW_FOCUS_GAIN client=android.os.BinderProxy@67b3bb7 inputContext=null missingMethods= attribute=android.view.inputmethod.EditorInfo@c32c2e3 nm = com.yatra.base controlFlags=#105 softInputMode=#10 windowFlags=#81810100
03-24 09:58:01.563  2948 13154 V InputMethodManagerService: Unspecified window will hide input
03-24 09:58:01.563  2948 13154 V InputMethodManagerService: hideCurrentInputLocked - !shouldHideSoftInput
03-24 09:58:01.563  2948 13154 D InputTransport: Input channel constructed: fd=404
03-24 09:58:01.563  2948 13154 D InputTransport: Input channel destroyed: fd=404
03-24 09:58:01.563 26251 26251 D InputTransport: Input channel constructed: fd=158
03-24 09:58:01.563 26251 26251 D InputTransport: Input channel destroyed: fd=136
03-24 09:58:01.563  4339  4339 I SKBD    : SamsungKeypad onFinishInput took nanoTime: 266193
03-24 09:58:01.563  4339  4339 I SKBD    : SamsungKeypad [IMI] onStartInput - caller packageName : com.yatra.base
03-24 09:58:01.566 26251 32542 V MoEngage_v7716: ActivityStartTask : completed execution
03-24 09:58:01.566 26251 32542 V MoEngage_v7716: Task completed : START_ACTIVITY
03-24 09:58:01.567 26251 26251 W IInputConnectionWrapper: finishComposingText on inactive InputConnection
03-24 09:58:01.568 26251 26251 D ViewRootImpl@a2c88a7[LocationSearchActivity]: MSG_WINDOW_FOCUS_CHANGED 0
03-24 09:58:01.580  2412  2412 D SurfaceFlinger:   Display[0] configurations (* current):
03-24 09:58:01.580  2412  2412 D SurfaceFlinger:     * 0: 1080x1920, xdpi=403.411011, ydpi=403.040985, refresh=16949152
03-24 09:58:01.580  2412  2412 D SurfaceFlinger:   numHwLayers=5, flags=00000000
03-24 09:58:01.580  2412  2412 D SurfaceFlinger:     type   |  handle  | hint | flag | tr | blnd |   format    |     source crop (l,t,r,b)      |          frame         | name 
03-24 09:58:01.580  2412  2412 D SurfaceFlinger: -----------+----------+------+------+----+------+-------------+--------------------------------+------------------------+------
03-24 09:58:01.580  2412  2412 D SurfaceFlinger:        HWC | f338c320 | 0000 | 0020 | 00 | 0100 | RGBA_8888   |   75.0,    0.0, 1080.0, 1920.0 |    0,    0, 1005, 1920 | com.yatra.base/com.yatra.flights.activity.FlightBookingActivity
03-24 09:58:01.580  2412  2412 D SurfaceFlinger:       GLES | 00000000 | 0000 | 0200 | 00 | 0105 | ? ffffffff  |    0.0,    0.0,   -1.0,   -1.0 |    0,    0, 1080, 1920 | com.yatra.base/com.yatra.flights.activity.LocationSearchActivity_dim
03-24 09:58:01.580  2412  2412 D SurfaceFlinger:       GLES | f3184aa0 | 0000 | 0020 | 00 | 0100 | RGBA_8888   |    0.0,    0.0, 1074.0, 1920.0 |    6,    0, 1080, 1920 | com.yatra.base/com.yatra.flights.activity.LocationSearchActivity
03-24 09:58:01.580  2412  2412 D SurfaceFlinger:        HWC | f338c1e0 | 0000 | 0000 | 00 | 0105 | RGBA_8888
03-24 09:58:01.580  2412  2412 D SurfaceFlinger:    |    0.0,    0.0, 1080.0,   63.0 |    0,    0, 1080,   63 | StatusBar
03-24 09:58:01.580  2412  2412 D SurfaceFlinger:  FB TARGET | f3184280 | 0000 | 0000 | 00 | 0105 | RGBA_8888   |    0.0,    0.0, 1080.0, 1920.0 |    0,    0, 1080, 1920 | HWC_FRAMEBUFFER_TARGET
03-24 09:58:01.588 26251 30596 D OpenGLRenderer: endAllActiveAnimators on 0xbfda4100 (ListView) with handle 0xba9c2e90
03-24 09:58:01.588 26251 26251 D ViewRootImpl@a2c88a7[LocationSearchActivity]: mHardwareRenderer.destroy()#1
03-24 09:58:01.590  2948  3991 V WindowManager: Relayout Window{1171ddad0 u0 com.yatra.base/com.yatra.flights.activity.LocationSearchActivity}: viewVisibility=8 req=1080x1920 WM.LayoutParams{(0,0)(fillxfill) sim=#113 ty=1 fl=#81810100 wanim=0x1030465 vsysui=0x600 needsMenuKey=2 naviIconColor=0}
03-24 09:58:01.591  2510  2967 D EnterpriseController: netId is 0
03-24 09:58:01.591  2510  2967 D Netd    : getNetworkForDns: using netid 513 for uid 10103
03-24 09:58:01.591  2510  2967 D DnsProxyListener: DNSDBG::dns addrinfo af 0
03-24 09:58:01.595 26251 26251 D ViewRootImpl@a2c88a7[LocationSearchActivity]: Relayout returned: oldFrame=[0,0][1080,1920] newFrame=[0,0][1080,1920] result=0x5 surface={isValid=false 0} surfaceGenerationChanged=true
03-24 09:58:01.650  2948  3385 D SLocation: getCurrentLac failed! network is unavailable
03-24 09:58:01.652  2948  3385 D SLocation: getCurrentCellId failed! network is unavailable
03-24 09:58:01.653  2948 13153 I SamsungAlarmManager: setLocked to kernel - T:2 / 20180324T095841, SetElapsed=231269710, nowELAPSED=231230361
03-24 09:58:01.654  2948 13153 D SamsungAlarmManager: setInexact Intent (T:2/F:0/AC:false) 20180324T100300 - CU:10022/CP:3884
03-24 09:58:01.663  2948  3485 D SamsungAlarmManager: Cancel Alarm calling from uid:10022 pid :3884 / listener:android.app.IAlarmListener$Stub$Proxy@e55df0c
03-24 09:58:01.668  2948  9620 D SamsungAlarmManager: setExact Listener (T:3/F:1/AC:false) 20180324T100001 - CU:10022/CP:3884
03-24 09:58:01.669  2948 13154 D SamsungAlarmManager: Cancel Alarm calling from uid:10022 pid :3884 / listener:android.app.IAlarmListener$Stub$Proxy@9681cd1
03-24 09:58:01.674  2948  4773 D SamsungAlarmManager: setExact Listener (T:3/F:1/AC:false) 20180324T100701 - CU:10022/CP:3884
03-24 09:58:01.686  3884 29468 I GCoreUlr: Successfully inserted 1 locations
03-24 09:58:01.690  3884 29468 E GCoreUlr: Received null location result
03-24 09:58:01.711 26251 30645 I ytlog   : RestUtilImpl:Approving certificate for 172.16.6.15
03-24 09:58:01.965  2948  3001 I WindowManager_SurfaceController: Destroying surface Surface(name=com.yatra.base/com.yatra.flights.activity.LocationSearchActivity_dim) called by com.android.server.wm.WindowStateAnimator.finishExit:606 com.android.server.wm.AppWindowAnimator.stepAnimationLocked:557 com.android.server.wm.WindowAnimator.updateAppWindowsLocked:228 com.android.server.wm.WindowAnimator.animateLocked:946 com.android.server.wm.WindowAnimator.-wrap0:-1 com.android.server.wm.WindowAnimator$1.doFrame:181 android.view.Choreographer$CallbackRecord.run:957 android.view.Choreographer.doCallbacks:734 
03-24 09:58:01.965  2412  3648 I SurfaceFlinger: id=899 Removed com.yatra.base/com.yatra.flights.activity.LocationSearchActivity_dim (3/6)
03-24 09:58:01.965  2412  2423 I SurfaceFlinger: id=899 Removed com.yatra.base/com.yatra.flights.activity.LocationSearchActivity_dim (-2/6)
03-24 09:58:01.980  2948  3001 D CustomFrequencyManagerService: releaseDVFSLockLocked : Getting Lock type frm List : DVFS_MIN_LIMIT  frequency : 1352000  uid : 1000  pid : 2948  tag : AMS_ACT_RESUME@CPU_MIN@26
03-24 09:58:01.981  2948  3001 D ActivityManagerPerformance: AMP_release() ACT_RESUME
03-24 09:58:01.985 26251 26251 V MoEngage_v7716: Activity onStop called for com.yatra.flights.activity.LocationSearchActivity@b70fa5c
03-24 09:58:01.985 26251 26251 V MoEngage_v7716: InAppManager: unregisterInAppManager -- 
03-24 09:58:01.986 26251 26251 V MoEngage_v7716: Trying to add ACTIVITY_STOP to the queue
03-24 09:58:01.986 26251 26251 V MoEngage_v7716: ACTIVITY_STOP added to queue
03-24 09:58:01.986 26251 32542 V MoEngage_v7716: ActivityStopTask : executing task
03-24 09:58:01.986 26251 32542 V MoEngage_v7716: ActivityLifecycleStop : com.yatra.flights.activity.LocationSearchActivity stopped
03-24 09:58:01.986 26251 32542 D MoEngage_v7716: ActivityStopTask: activity counter 2
03-24 09:58:01.986 26251 32542 V MoEngage_v7716: ActivityStopTask : completed execution
03-24 09:58:01.986 26251 32542 V MoEngage_v7716: Task completed : ACTIVITY_STOP
03-24 09:58:02.010 26251 26251 D TextView: SYANI: Clipboard API is calling: clearFilter()
03-24 09:58:02.010 26251 26251 D TextView: SYANI: Clipboard API is calling: unregisterClipboardEventListener()
03-24 09:58:02.011 26251 26251 D ViewRootImpl@a2c88a7[LocationSearchActivity]: mHardwareRenderer.destroy()#4
03-24 09:58:02.011 26251 26251 D ViewRootImpl@a2c88a7[LocationSearchActivity]: dispatchDetachedFromWindow
03-24 09:58:02.012  2948  3108 D WindowManager: disposeInputChannel mInputChannel: 1171dda com.yatra.base/com.yatra.flights.activity.LocationSearchActivity (server)
03-24 09:58:02.012  2948  3108 I WindowManager_SurfaceController: Destroying surface Surface(name=com.yatra.base/com.yatra.flights.activity.LocationSearchActivity) called by com.android.server.wm.WindowStateAnimator.destroySurface:3070 com.android.server.wm.WindowStateAnimator.destroySurfaceLocked:1138 com.android.server.wm.WindowState.removeLocked:1923 com.android.server.wm.WindowManagerService.removeWindowInnerLocked:2998 com.android.server.wm.WindowManagerService.removeWindowInnerLocked:2958 com.android.server.wm.WindowManagerService.removeWindowLocked:2938 com.android.server.wm.WindowManagerService.removeWindowLocked:2740 com.android.server.wm.WindowManagerService.removeWindowLocked:2735 
03-24 09:58:02.012  2412 13186 I SurfaceFlinger: id=896 Removed com.yatra.base/com.yatra.flights.activity.LocationSearchActivity (4/5)
03-24 09:58:02.013  2412  3056 I SurfaceFlinger: id=896 Removed com.yatra.base/com.yatra.flights.activity.LocationSearchActivity (-2/5)
03-24 09:58:02.015  2948  3108 D InputTransport: Input channel destroyed: fd=387
03-24 09:58:02.016 26251 26251 D InputTransport: Input channel destroyed: fd=156
03-24 09:58:02.064  4339  4339 I SKBD    : mz writeDBdataToFileOnFinishInput()
03-24 09:58:02.138 28001 28026 D [ACT]:ao: processing priority = HIGH
03-24 09:58:02.176 28050 28081 D [ACT]:ao: processing priority = HIGH
03-24 09:58:02.202  3698  3698 D io_stats: !@ 179,0 r 205454 7964448 w 308096 6219504 d 32324 55257216 f 151041 150941 iot 316350 279800 th 51200 0 0 pt 0 inp 0 0 35195.886
03-24 09:58:02.353 26251 30645 D ytlog   : ResponseContainer [resCode=200, resMessage=Success, interactionId=5f7399f3-acc0-4566-bc70-f0aaf376a04c, sessionId=ef5dd9610bb29e6d15218293704969919, interactionType=FlightMonthlyFareData, action=null, requestCode=null]
03-24 09:58:02.355 26251 26251 D ytlog   : Sending API Latency to GA  Service Name getFares.htm time taken 973139192 Interaction Id 5f7399f3-acc0-4566-bc70-f0aaf376a04c session id ef5dd9610bb29e6d15218293704969919
03-24 09:58:02.430  2948  3058 D InputReader: Input event(4): value=1 when=35196114796000
03-24 09:58:02.430  2948  3058 D InputReader: Input event(4): value=1 when=35196114796000
03-24 09:58:02.430  2948  3058 I InputReader: Touch event's action is 0x0 (deviceType=0) [pCnt=1, s=0.1757 ] when=35196114796000
03-24 09:58:02.430  2948  3057 I InputDispatcher: Delivering touch to (3216): action: 0x4, toolType: 1
03-24 09:58:02.430  2948  3057 I InputDispatcher: Delivering touch to (26251): action: 0x0, toolType: 1
03-24 09:58:02.431 26251 26251 D ViewRootImpl@5f3fd63[FlightBookingActivity]: ViewPostImeInputStage processPointer 0
03-24 09:58:02.455  2948  3058 D InputReader: Input event(4): value=0 when=35196139702000
03-24 09:58:02.455  2948  3058 D InputReader: Input event(4): value=0 when=35196139702000
03-24 09:58:02.455  2948  3058 I InputReader: Touch event's action is 0x1 (deviceType=0) [pCnt=1, s=] when=35196139702000
03-24 09:58:02.455  2948  3057 I InputDispatcher: Delivering touch to (26251): action: 0x1, toolType: 1
03-24 09:58:02.456 26251 26251 D ViewRootImpl@5f3fd63[FlightBookingActivity]: ViewPostImeInputStage processPointer 1
03-24 09:58:02.458 26251 26251 E Request Parameters::: {origin=CCU, showOnwardFares=true, destination=MAA, showReturnFares=true, flightType=R}
03-24 09:58:02.460 26251 26251 D ytlog   :  Post Method Request String is deviceId=ef5dd9610bb29e6d&showOnwardFares=true&destination=MAA&appVersion=236&showReturnFares=true&flightType=R&osVersion=24&origin=CCU&sessionId=ef5dd9610bb29e6d15218293704969919
03-24 09:58:02.463 26251 30656 D ytlog   : URL:https://172.16.6.15:2438/ccwebapp/mobile/flight/mdomandroid/getFares.htm
03-24 09:58:02.482 26251 30656 D ytlog   : Sso token:::BEARER ZGQyZTgwOGQtMzkzMS00NDk0LTljNWQtZGIyOWVmZTdjZjll
03-24 09:58:02.483 26251 30656 I System.out: ****** Test(HTTPLog)-Static: isSBSettingEnabled false
03-24 09:58:02.484 26251 30656 I System.out: (HTTPLog)-Static: isSBSettingEnabled false
03-24 09:58:02.561 26251 26251 I ContainerHSingleton: getting value
03-24 09:58:02.569 26251 26251 D ytlog   : MonthFragmentGoTo position 7
03-24 09:58:02.634 26251 26251 D Adobe   : Start ----------------------------------------------------------
03-24 09:58:02.634 26251 26251 D Adobe   : TrackState key : value areadobe.event.screenload:1
03-24 09:58:02.634 26251 26251 D Adobe   : TrackState key : value areadobe.content.platform:app android
03-24 09:58:02.634 26251 26251 D Adobe   : TrackState key : value areadobe.content.pageType:business
03-24 09:58:02.634 26251 26251 D Adobe   : TrackState key : value areadobe.content.siteSection:flight home
03-24 09:58:02.634 26251 26251 D Adobe   : TrackState key : value areadobe.content.siteSubSectionLevel1:calendar
03-24 09:58:02.634 26251 26251 D Adobe   : TrackState key : value areadobe.user.mcvid:41961425672373672691171310670694127665
03-24 09:58:02.634 26251 26251 D Adobe   : TrackState key : value areadobe.content.pagename:yt:flight:home:calendar
03-24 09:58:02.634 26251 26251 D Adobe   : TrackState key : value areadobe.user.loginstatus:logged-in
03-24 09:58:02.635 26251 26251 D Adobe   : TrackState key : value areadobe.user.registrationToken:apa91bgoto9nllnnt9utwx_n-pxr8cj7bhpe84ryf_3gr5fw34sauyeqclfyhf1j4tzpt97syrzl9-qlnu6pwhnh771ktyvghufupdju0ewbvwha6pblazi
03-24 09:58:02.635 26251 26251 D Adobe   : TrackState key : value areadobe.user.email:hH8XQtT1cC3nut5mPsfqtaOW+70gG5yEPAKlcplXxnA=
03-24 09:58:02.635 26251 26251 D Adobe   : TrackState key : value areadobe.content.LOB:flight
03-24 09:58:02.635 26251 26251 D Adobe   : TrackState key : value areadobe.user.number:rMwqHWQV+9H8O/lAhLb0rQ==
03-24 09:58:02.635 26251 26251 D Adobe   : TrackState key : value areadobe.content.sessionid:ef5dd9610bb29e6d15218293704969919
03-24 09:58:02.635 26251 26251 D Adobe   : TrackState state name yt:flight:home:calendar
03-24 09:58:02.635 26251 26251 D Adobe   : ---------------------------------------------------------- End
03-24 09:58:02.636 26251 26251 I ContainerHSingleton: getting value
03-24 09:58:02.649 26251 32657 I System.out: (HTTPLog)-Static: isSBSettingEnabled false
03-24 09:58:02.650 26251 32657 I System.out: (HTTPLog)-Static: isSBSettingEnabled false
03-24 09:58:02.667 26251 26251 D AbsListView:  in onLayout changed 
03-24 09:58:02.668 26251 26251 W View    : requestLayout() improperly called by android.support.v7.widget.AppCompatTextView{a5de117 V.ED..... ......ID 53,27-53,78 #7f1310ac app:id/txt_month_dock} during layout: running second layout pass
03-24 09:58:02.668 26251 26251 I ViewRootImpl@5f3fd63[FlightBookingActivity]: requestLayout is already in process
03-24 09:58:02.714 26251 26257 I art     : Do full code cache collection, code=195KB, data=246KB
03-24 09:58:02.715 26251 26257 I art     : After code cache collection, code=167KB, data=174KB
03-24 09:58:02.718 26251 26251 I ContainerHSingleton: getting value
03-24 09:58:02.748 26251 26251 I ContainerHSingleton: getting value
03-24 09:58:02.760 26251 26251 W View    : requestLayout() improperly called by android.support.v7.widget.AppCompatTextView{a5de117 V.ED..... ......ID 53,27-276,78 #7f1310ac app:id/txt_month_dock} during layout: running second layout pass
03-24 09:58:02.760 26251 26251 I ViewRootImpl@5f3fd63[FlightBookingActivity]: requestLayout is already in process
03-24 09:58:02.792 26251 26251 I ContainerHSingleton: getting value
03-24 09:58:02.807 26251 26251 I ContainerHSingleton: getting value
03-24 09:58:02.816 26251 30656 I ytlog   : RestUtilImpl:Approving certificate for 172.16.6.15
03-24 09:58:03.358 26251 30656 D ytlog   : ResponseContainer [resCode=200, resMessage=Success, interactionId=10761a39-c780-4b5a-8e3c-669e8d16892c, sessionId=ef5dd9610bb29e6d15218293704969919, interactionType=FlightMonthlyFareData, action=null, requestCode=null]
03-24 09:58:03.358 26251 26251 D ytlog   : Sending API Latency to GA  Service Name getFares.htm time taken 896069999 Interaction Id 10761a39-c780-4b5a-8e3c-669e8d16892c session id ef5dd9610bb29e6d15218293704969919
03-24 09:58:03.593  2510  2967 D EnterpriseController: netId is 0
03-24 09:58:03.593  2510  2967 D Netd    : getNetworkForDns: using netid 513 for uid 10103
03-24 09:58:03.593  2510  2967 D DnsProxyListener: DNSDBG::dns addrinfo af 0
03-24 09:58:03.766  2948  3058 D InputReader: Input event(4): value=1 when=35197451009000
03-24 09:58:03.766  2948  3058 D InputReader: Input event(4): value=1 when=35197451009000
03-24 09:58:03.766  2948  3058 I InputReader: Touch event's action is 0x0 (deviceType=0) [pCnt=1, s=0.1758 ] when=35197451009000
03-24 09:58:03.767  2948  3057 I InputDispatcher: Delivering touch to (3216): action: 0x4, toolType: 1
03-24 09:58:03.767  2948  3057 I InputDispatcher: Delivering touch to (26251): action: 0x0, toolType: 1
03-24 09:58:03.767 26251 26251 D ViewRootImpl@5f3fd63[FlightBookingActivity]: ViewPostImeInputStage processPointer 0
03-24 09:58:03.818  2948  3058 D InputReader: Input event(4): value=0 when=35197503058000
03-24 09:58:03.818  2948  3058 D InputReader: Input event(4): value=0 when=35197503058000
03-24 09:58:03.818  2948  3058 I InputReader: Touch event's action is 0x1 (deviceType=0) [pCnt=1, s=] when=35197503058000
03-24 09:58:03.818  2948  3057 I InputDispatcher: Delivering touch to (26251): action: 0x1, toolType: 1
03-24 09:58:03.819 26251 26251 D ViewRootImpl@5f3fd63[FlightBookingActivity]: ViewPostImeInputStage processPointer 1
03-24 09:58:03.824 26251 26251 D ytlog   : MonthFragmentGoTo position 8
03-24 09:58:03.843 26251 26251 W View    : requestLayout() improperly called by android.support.v7.widget.AppCompatTextView{a5de117 V.ED..... ......ID 53,27-355,78 #7f1310ac app:id/txt_month_dock} during layout: running second layout pass
03-24 09:58:03.843 26251 26251 I ViewRootImpl@5f3fd63[FlightBookingActivity]: requestLayout is already in process
03-24 09:58:03.844 26251 26251 I ViewRootImpl@5f3fd63[FlightBookingActivity]: requestLayoutDuringLayout is already in process
03-24 09:58:03.872 26251 26251 I ContainerHSingleton: getting value
03-24 09:58:03.893 26251 26251 I ContainerHSingleton: getting value
03-24 09:58:03.898 26251 26251 W View    : requestLayout() improperly called by android.support.v7.widget.AppCompatTextView{a5de117 V.ED..... ......ID 53,27-355,78 #7f1310ac app:id/txt_month_dock} during layout: running second layout pass
03-24 09:58:03.898 26251 26251 I ViewRootImpl@5f3fd63[FlightBookingActivity]: requestLayout is already in process
03-24 09:58:03.900 26251 26251 I ViewRootImpl@5f3fd63[FlightBookingActivity]: requestLayoutDuringLayout is already in process
03-24 09:58:03.921 26251 26251 I ContainerHSingleton: getting value
03-24 09:58:03.937 26251 26251 I ContainerHSingleton: getting value
03-24 09:58:03.940 26251 26251 W View    : requestLayout() improperly called by android.support.v7.widget.AppCompatTextView{a5de117 V.ED..... ........ 53,27-355,78 #7f1310ac app:id/txt_month_dock} during second layout pass: posting in next frame
03-24 09:58:03.942 26251 26251 W View    : requestLayout() improperly called by android.support.v7.widget.AppCompatTextView{a5de117 V.ED..... ......ID 53,27-355,78 #7f1310ac app:id/txt_month_dock} during layout: running second layout pass
03-24 09:58:03.943 26251 26251 I ViewRootImpl@5f3fd63[FlightBookingActivity]: requestLayout is already in process
03-24 09:58:03.944 26251 26251 I ViewRootImpl@5f3fd63[FlightBookingActivity]: requestLayoutDuringLayout is already in process
03-24 09:58:03.968 26251 26251 I ContainerHSingleton: getting value
03-24 09:58:03.983 26251 26251 I ContainerHSingleton: getting value
03-24 09:58:03.984 26251 26251 W View    : requestLayout() improperly called by android.support.v7.widget.AppCompatTextView{a5de117 V.ED..... ........ 53,27-355,78 #7f1310ac app:id/txt_month_dock} during second layout pass: posting in next frame
03-24 09:58:03.987 26251 26251 W View    : requestLayout() improperly called by android.support.v7.widget.AppCompatTextView{a5de117 V.ED..... ......ID 53,27-355,78 #7f1310ac app:id/txt_month_dock} during layout: running second layout pass
03-24 09:58:03.987 26251 26251 I ViewRootImpl@5f3fd63[FlightBookingActivity]: requestLayout is already in process
03-24 09:58:03.988 26251 26251 I ViewRootImpl@5f3fd63[FlightBookingActivity]: requestLayoutDuringLayout is already in process
03-24 09:58:04.011 26251 26251 I ContainerHSingleton: getting value
03-24 09:58:04.029 26251 26251 I ContainerHSingleton: getting value
03-24 09:58:04.030 26251 26251 W View    : requestLayout() improperly called by android.support.v7.widget.AppCompatTextView{a5de117 V.ED..... ........ 53,27-355,78 #7f1310ac app:id/txt_month_dock} during second layout pass: posting in next frame
03-24 09:58:04.033 26251 26251 W View    : requestLayout() improperly called by android.support.v7.widget.AppCompatTextView{a5de117 V.ED..... ......ID 53,27-355,78 #7f1310ac app:id/txt_month_dock} during layout: running second layout pass
03-24 09:58:04.033 26251 26251 I ViewRootImpl@5f3fd63[FlightBookingActivity]: requestLayout is already in process
03-24 09:58:04.035 26251 26251 I ViewRootImpl@5f3fd63[FlightBookingActivity]: requestLayoutDuringLayout is already in process
03-24 09:58:04.058 26251 26251 I ContainerHSingleton: getting value
03-24 09:58:04.060 26251 26257 I art     : Do partial code cache collection, code=172KB, data=190KB
03-24 09:58:04.061 26251 26257 I art     : After code cache collection, code=172KB, data=190KB
03-24 09:58:04.061 26251 26257 I art     : Increasing code cache capacity to 1024KB
03-24 09:58:04.075 26251 26251 I ContainerHSingleton: getting value
03-24 09:58:04.076 26251 26251 W View    : requestLayout() improperly called by android.support.v7.widget.AppCompatTextView{a5de117 V.ED..... ........ 53,27-355,78 #7f1310ac app:id/txt_month_dock} during second layout pass: posting in next frame
03-24 09:58:04.079 26251 26251 W View    : requestLayout() improperly called by android.support.v7.widget.AppCompatTextView{a5de117 V.ED..... ......ID 53,27-355,78 #7f1310ac app:id/txt_month_dock} during layout: running second layout pass
03-24 09:58:04.079 26251 26251 I ViewRootImpl@5f3fd63[FlightBookingActivity]: requestLayout is already in process
03-24 09:58:04.081 26251 26251 I ViewRootImpl@5f3fd63[FlightBookingActivity]: requestLayoutDuringLayout is already in process
03-24 09:58:04.101 26251 26251 I ContainerHSingleton: getting value
03-24 09:58:04.115 26251 26251 I ContainerHSingleton: getting value
03-24 09:58:04.116 26251 26251 W View    : requestLayout() improperly called by android.support.v7.widget.AppCompatTextView{a5de117 V.ED..... ........ 53,27-355,78 #7f1310ac app:id/txt_month_dock} during second layout pass: posting in next frame
03-24 09:58:04.119 26251 26251 W View    : requestLayout() improperly called by android.support.v7.widget.AppCompatTextView{a5de117 V.ED..... ......ID 53,27-355,78 #7f1310ac app:id/txt_month_dock} during layout: running second layout pass
03-24 09:58:04.119 26251 26251 I ViewRootImpl@5f3fd63[FlightBookingActivity]: requestLayout is already in process
03-24 09:58:04.121 26251 26251 I ViewRootImpl@5f3fd63[FlightBookingActivity]: requestLayoutDuringLayout is already in process
03-24 09:58:04.137 26251 26251 I ContainerHSingleton: getting value
03-24 09:58:04.138 28001 28026 D [ACT]:ao: processing priority = NORMAL
03-24 09:58:04.152 26251 26251 I ContainerHSingleton: getting value
03-24 09:58:04.153 26251 26251 W View    : requestLayout() improperly called by android.support.v7.widget.AppCompatTextView{a5de117 V.ED..... ........ 53,27-355,78 #7f1310ac app:id/txt_month_dock} during second layout pass: posting in next frame
03-24 09:58:04.156 26251 26251 W View    : requestLayout() improperly called by android.support.v7.widget.AppCompatTextView{a5de117 V.ED..... ......ID 53,27-355,78 #7f1310ac app:id/txt_month_dock} during layout: running second layout pass
03-24 09:58:04.156 26251 26251 I ViewRootImpl@5f3fd63[FlightBookingActivity]: requestLayout is already in process
03-24 09:58:04.158 26251 26251 I ViewRootImpl@5f3fd63[FlightBookingActivity]: requestLayoutDuringLayout is already in process
03-24 09:58:04.176 26251 26251 I ContainerHSingleton: getting value
03-24 09:58:04.176 28050 28081 D [ACT]:ao: processing priority = NORMAL
03-24 09:58:04.187 26251 26251 I ContainerHSingleton: getting value
03-24 09:58:04.189 26251 26251 W View    : requestLayout() improperly called by android.support.v7.widget.AppCompatTextView{a5de117 V.ED..... ........ 53,27-355,78 #7f1310ac app:id/txt_month_dock} during second layout pass: posting in next frame
03-24 09:58:04.191 26251 26251 W View    : requestLayout() improperly called by android.support.v7.widget.AppCompatTextView{a5de117 V.ED..... ......ID 53,27-355,78 #7f1310ac app:id/txt_month_dock} during layout: running second layout pass
03-24 09:58:04.191 26251 26251 I ViewRootImpl@5f3fd63[FlightBookingActivity]: requestLayout is already in process
03-24 09:58:04.193 26251 26251 I ViewRootImpl@5f3fd63[FlightBookingActivity]: requestLayoutDuringLayout is already in process
03-24 09:58:04.209 26251 26251 I ContainerHSingleton: getting value
03-24 09:58:04.225 26251 26251 I ContainerHSingleton: getting value
03-24 09:58:04.227 26251 26251 W View    : requestLayout() improperly called by android.support.v7.widget.AppCompatTextView{a5de117 V.ED..... ........ 53,27-355,78 #7f1310ac app:id/txt_month_dock} during second layout pass: posting in next frame
03-24 09:58:04.230 26251 26251 W View    : requestLayout() improperly called by android.support.v7.widget.AppCompatTextView{a5de117 V.ED..... ......ID 53,27-355,78 #7f1310ac app:id/txt_month_dock} during layout: running second layout pass
03-24 09:58:04.230 26251 26251 I ViewRootImpl@5f3fd63[FlightBookingActivity]: requestLayout is already in process
03-24 09:58:04.231 26251 26251 I ViewRootImpl@5f3fd63[FlightBookingActivity]: requestLayoutDuringLayout is already in process
03-24 09:58:04.239  2948  3098 D wifi    : onLinkStatsResults: radio_stat.on_time = 116
03-24 09:58:04.239  2948  3098 D wifi    : onLinkStatsResults: radio_stat.tx_time = 0
03-24 09:58:04.239  2948  3098 D wifi    : onLinkStatsResults: radio_stat.rx_time = 0
03-24 09:58:04.239  2948  3098 D wifi    : android_net_wifi_getLinkLayerStats: radio_stat.on_time = 116
03-24 09:58:04.239  2948  3098 D wifi    : android_net_wifi_getLinkLayerStats: radio_stat.tx_time = 0
03-24 09:58:04.239  2948  3098 D wifi    : android_net_wifi_getLinkLayerStats: radio_stat.rx_time = 0
03-24 09:58:04.242  2948  3098 D WifiStateMachine: Current network is: "JusticeLeague" , ID is: 3
03-24 09:58:04.243  2948  3098 D WifiStateMachine: Current network is still qualified due to heavy traffic, txSuccessRate=41.391190347207356 rxSuccessRate=42.33064375567943
03-24 09:58:04.243  2948  3098 D WifiStateMachine: Current network is 5GHz, bail out...
03-24 09:58:04.251 26251 26251 I ContainerHSingleton: getting value
03-24 09:58:04.261 26251 26251 I ContainerHSingleton: getting value
03-24 09:58:04.263 26251 26251 W View    : requestLayout() improperly called by android.support.v7.widget.AppCompatTextView{a5de117 V.ED..... ........ 53,27-355,78 #7f1310ac app:id/txt_month_dock} during second layout pass: posting in next frame
03-24 09:58:04.265 26251 26251 W View    : requestLayout() improperly called by android.support.v7.widget.AppCompatTextView{a5de117 V.ED..... ......ID 53,27-355,78 #7f1310ac app:id/txt_month_dock} during layout: running second layout pass
03-24 09:58:04.265 26251 26251 I ViewRootImpl@5f3fd63[FlightBookingActivity]: requestLayout is already in process
03-24 09:58:04.267 26251 26251 I ViewRootImpl@5f3fd63[FlightBookingActivity]: requestLayoutDuringLayout is already in process
03-24 09:58:04.283 26251 26251 I ContainerHSingleton: getting value
03-24 09:58:04.295 26251 26251 I ContainerHSingleton: getting value
03-24 09:58:04.296 26251 26251 W View    : requestLayout() improperly called by android.support.v7.widget.AppCompatTextView{a5de117 V.ED..... ........ 53,27-355,78 #7f1310ac app:id/txt_month_dock} during second layout pass: posting in next frame
03-24 09:58:04.317 26251 26251 W View    : requestLayout() improperly called by android.support.v7.widget.AppCompatTextView{a5de117 V.ED..... ......ID 53,27-355,78 #7f1310ac app:id/txt_month_dock} during layout: running second layout pass
03-24 09:58:04.317 26251 26251 I ViewRootImpl@5f3fd63[FlightBookingActivity]: requestLayout is already in process
03-24 09:58:04.318 26251 26251 I ViewRootImpl@5f3fd63[FlightBookingActivity]: requestLayoutDuringLayout is already in process
03-24 09:58:04.332 26251 26251 I ContainerHSingleton: getting value
03-24 09:58:04.346 26251 26251 I ContainerHSingleton: getting value
03-24 09:58:04.347 26251 26251 W View    : requestLayout() improperly called by android.support.v7.widget.AppCompatTextView{a5de117 V.ED..... ........ 53,27-355,78 #7f1310ac app:id/txt_month_dock} during second layout pass: posting in next frame
03-24 09:58:04.367 26251 26251 W View    : requestLayout() improperly called by android.support.v7.widget.AppCompatTextView{a5de117 V.ED..... ......ID 53,27-355,78 #7f1310ac app:id/txt_month_dock} during layout: running second layout pass
03-24 09:58:04.367 26251 26251 I ViewRootImpl@5f3fd63[FlightBookingActivity]: requestLayout is already in process
03-24 09:58:04.369 26251 26251 I ViewRootImpl@5f3fd63[FlightBookingActivity]: requestLayoutDuringLayout is already in process
03-24 09:58:04.390 26251 26251 I ContainerHSingleton: getting value
03-24 09:58:04.402 26251 26251 I ContainerHSingleton: getting value
03-24 09:58:04.403 26251 26251 W View    : requestLayout() improperly called by android.support.v7.widget.AppCompatTextView{a5de117 V.ED..... ........ 53,27-355,78 #7f1310ac app:id/txt_month_dock} during second layout pass: posting in next frame
03-24 09:58:04.418 26251 26251 W View    : requestLayout() improperly called by android.support.v7.widget.AppCompatTextView{a5de117 V.ED..... ......ID 53,27-355,78 #7f1310ac app:id/txt_month_dock} during layout: running second layout pass
03-24 09:58:04.419 26251 26251 I ViewRootImpl@5f3fd63[FlightBookingActivity]: requestLayout is already in process
03-24 09:58:04.420 26251 26251 I ViewRootImpl@5f3fd63[FlightBookingActivity]: requestLayoutDuringLayout is already in process
03-24 09:58:04.436 26251 26251 I ContainerHSingleton: getting value
03-24 09:58:04.449 26251 26251 I ContainerHSingleton: getting value
03-24 09:58:04.450 26251 26251 W View    : requestLayout() improperly called by android.support.v7.widget.AppCompatTextView{a5de117 V.ED..... ........ 53,27-355,78 #7f1310ac app:id/txt_month_dock} during second layout pass: posting in next frame
03-24 09:58:04.469 26251 26251 W View    : requestLayout() improperly called by android.support.v7.widget.AppCompatTextView{a5de117 V.ED..... ......ID 53,27-355,78 #7f1310ac app:id/txt_month_dock} during layout: running second layout pass
03-24 09:58:04.469 26251 26251 I ViewRootImpl@5f3fd63[FlightBookingActivity]: requestLayout is already in process
03-24 09:58:04.470 26251 26251 I ViewRootImpl@5f3fd63[FlightBookingActivity]: requestLayoutDuringLayout is already in process
03-24 09:58:04.486 26251 26251 I ContainerHSingleton: getting value
03-24 09:58:04.503 26251 26251 I ContainerHSingleton: getting value
03-24 09:58:04.504 26251 26251 W View    : requestLayout() improperly called by android.support.v7.widget.AppCompatTextView{a5de117 V.ED..... ........ 53,27-355,78 #7f1310ac app:id/txt_month_dock} during second layout pass: posting in next frame
03-24 09:58:04.520 26251 26251 W View    : requestLayout() improperly called by android.support.v7.widget.AppCompatTextView{a5de117 V.ED..... ......ID 53,27-355,78 #7f1310ac app:id/txt_month_dock} during layout: running second layout pass
03-24 09:58:04.520 26251 26251 I ViewRootImpl@5f3fd63[FlightBookingActivity]: requestLayout is already in process
03-24 09:58:04.521 26251 26251 I ViewRootImpl@5f3fd63[FlightBookingActivity]: requestLayoutDuringLayout is already in process
03-24 09:58:04.536 26251 26251 I ContainerHSingleton: getting value
03-24 09:58:04.547 26251 26251 I ContainerHSingleton: getting value
03-24 09:58:04.548 26251 26251 W View    : requestLayout() improperly called by android.support.v7.widget.AppCompatTextView{a5de117 V.ED..... ........ 53,27-355,78 #7f1310ac app:id/txt_month_dock} during second layout pass: posting in next frame
03-24 09:58:04.556 26251 26251 W View    : requestLayout() improperly called by android.support.v7.widget.AppCompatTextView{a5de117 V.ED..... ......ID 53,27-355,78 #7f1310ac app:id/txt_month_dock} during layout: running second layout pass
03-24 09:58:04.556 26251 26251 I ViewRootImpl@5f3fd63[FlightBookingActivity]: requestLayout is already in process
