--------- beginning of main
03-24 09:57:37.142  2948  3098 D wifi    : onLinkStatsResults: radio_stat.on_time = 116
03-24 09:57:37.142  2948  3098 D wifi    : onLinkStatsResults: radio_stat.tx_time = 0
03-24 09:57:37.142  2948  3098 D wifi    : onLinkStatsResults: radio_stat.rx_time = 0
03-24 09:57:37.142  2948  3098 D wifi    : android_net_wifi_getLinkLayerStats: radio_stat.on_time = 116
03-24 09:57:37.142  2948  3098 D wifi    : android_net_wifi_getLinkLayerStats: radio_stat.tx_time = 0
03-24 09:57:37.142  2948  3098 D wifi    : android_net_wifi_getLinkLayerStats: radio_stat.rx_time = 0
03-24 09:57:37.145  2948  3098 D WifiStateMachine: Current network is: "JusticeLeague" , ID is: 3
03-24 09:57:37.145  2948  3098 D WifiStateMachine: Current network is still qualified due to heavy traffic, txSuccessRate=2.289457770165953 rxSuccessRate=3.28960290787075
03-24 09:57:37.145  2948  3098 D WifiStateMachine: Current network is 5GHz, bail out...
--------- beginning of system
03-24 09:57:37.187  3698  3698 D io_stats: !@ 179,0 r 204887 7951940 w 306800 6198328 d 32210 55251804 f 150546 150451 iot 315330 278906 th 51200 0 0 pt 0 inp 0 0 35170.871
03-24 09:57:37.562  2510  2967 D EnterpriseController: netId is 0
03-24 09:57:37.562  2510  2967 D Netd    : getNetworkForDns: using netid 513 for uid 10103
03-24 09:57:37.562  2510  2967 D DnsProxyListener: DNSDBG::dns addrinfo af 0
03-24 09:57:38.138 28001 28026 D [ACT]:ao: processing priority = HIGH
03-24 09:57:38.176 28050 28081 D [ACT]:ao: processing priority = HIGH
03-24 09:57:39.564  2510  2967 D EnterpriseController: netId is 0
03-24 09:57:39.564  2510  2967 D Netd    : getNetworkForDns: using netid 513 for uid 10103
03-24 09:57:39.564  2510  2967 D DnsProxyListener: DNSDBG::dns addrinfo af 0
03-24 09:57:40.138 28001 28026 D [ACT]:ao: processing priority = NORMAL
03-24 09:57:40.153  2948  3098 D wifi    : onLinkStatsResults: radio_stat.on_time = 116
03-24 09:57:40.153  2948  3098 D wifi    : onLinkStatsResults: radio_stat.tx_time = 0
03-24 09:57:40.153  2948  3098 D wifi    : onLinkStatsResults: radio_stat.rx_time = 0
03-24 09:57:40.154  2948  3098 D wifi    : android_net_wifi_getLinkLayerStats: radio_stat.on_time = 116
03-24 09:57:40.154  2948  3098 D wifi    : android_net_wifi_getLinkLayerStats: radio_stat.tx_time = 0
03-24 09:57:40.154  2948  3098 D wifi    : android_net_wifi_getLinkLayerStats: radio_stat.rx_time = 0
03-24 09:57:40.157  2948  3098 D WifiStateMachine: Current network is: "JusticeLeague" , ID is: 3
03-24 09:57:40.157  2948  3098 D WifiStateMachine: Current network is still qualified due to heavy traffic, txSuccessRate=2.1447288850829764 rxSuccessRate=2.644801453935375
03-24 09:57:40.157  2948  3098 D WifiStateMachine: Current network is 5GHz, bail out...
03-24 09:57:40.160  3830  3840 I art     : Background partial concurrent mark sweep GC freed 375513(17MB) AllocSpace objects, 16(2MB) LOS objects, 39% free, 24MB/40MB, paused 2.809ms total 173.603ms
03-24 09:57:40.176 28050 28081 D [ACT]:ao: processing priority = NORMAL
03-24 09:57:40.533  2948  6362 D BatteryService: !@BatteryListener : batteryPropertiesChanged!
03-24 09:57:40.533  2948  6362 D BatteryService: level:54, scale:100, status:2, health:2, present:true, voltage: 3914, temperature: 327, technology: Li-ion, AC powered:false, USB powered:true, POGO powered:false, Wireless powered:false, icon:17303707, invalid charger:0, maxChargingCurrent:0, maxChargingVoltage:0, chargeCounter:0
03-24 09:57:40.533  2948  6362 D BatteryService: online:6, current avg:460, charge type:1, power sharing:false, high voltage charger:false, capacity:280000, batterySWSelfDischarging:false, misc_event:0, current_event:0, current_now:471
03-24 09:57:40.533  2948  2948 D BatteryService: Sending ACTION_BATTERY_CHANGED.
03-24 09:57:40.534  2948  2948 D SamsungPhoneWindowManager: ACTION_BATTERY_CHANGED - Level :: 54, battStatus :: 2
03-24 09:57:40.534  2948  2948 V UiModeManager: updateLocked: null action, mDockState=0, category=null
03-24 09:57:40.534  2948  2948 D UiModeManager: updateConfigurationLocked: mDockState=0; mCarMode=false; mNightMode=1; uiMode=17
03-24 09:57:40.534  2948  2948 D GameManagerService: new battery level: 54
03-24 09:57:40.535  3216  3216 D KeyguardUpdateMonitor: received broadcast android.intent.action.BATTERY_CHANGED
03-24 09:57:40.535  3216  3216 D KeyguardUpdateMonitor: handleBatteryUpdate
03-24 09:57:40.537  3216  3216 D PowerUI : priorPlugType = 2 mPlugType =  2
03-24 09:57:40.537  3216  3216 D PowerUI.Notification: Charging estimate time is not supported and connected cable is not a fast/slow charger, so return!
03-24 09:57:40.538  3216  3216 D BatteryMeterDrawable: isSomethingChanged - false
03-24 09:57:40.538  3216  3216 D BatteryMeterDrawable: isSomethingChanged - false
03-24 09:57:40.539 30625 30625 D PowerPlanningReceiver: onReceive : android.intent.action.BATTERY_CHANGED
03-24 09:57:40.539 30625 30625 D PowerPlanningReceiver: ACTION_BAT_MAN_BATTERY_CHANGED = com.samsung.android.app.powerplanning.service.PowerPlanningService@264608c
03-24 09:57:40.539  3216  3216 D BatteryController: onReceive - ACTION_BATTERY_CHANGED : mLevel = 54
03-24 09:57:40.540 30625 30625 D com.samsung.android.app.powerplanning.utils.BatteryUtils: getUpsTime Actual Battery values are used 6450
03-24 09:57:40.540 30625 30625 D PowerPlanningReceiver: Battery update received, Percentage: 54, UPS hours: 6450
03-24 09:57:41.566  2510  2967 D EnterpriseController: netId is 0
03-24 09:57:41.566  2510  2967 D Netd    : getNetworkForDns: using netid 513 for uid 10103
03-24 09:57:41.566  2510  2967 D DnsProxyListener: DNSDBG::dns addrinfo af 0
03-24 09:57:42.138 28001 28026 D [ACT]:ao: processing priority = HIGH
03-24 09:57:42.176 28050 28081 D [ACT]:ao: processing priority = HIGH
03-24 09:57:42.190  3698  3698 D io_stats: !@ 179,0 r 204887 7951940 w 306840 6198988 d 32210 55251804 f 150547 150452 iot 315330 278915 th 51200 0 0 pt 0 inp 0 0 35175.874
03-24 09:57:43.166  2948  3098 D wifi    : onLinkStatsResults: radio_stat.on_time = 116
03-24 09:57:43.166  2948  3098 D wifi    : onLinkStatsResults: radio_stat.tx_time = 0
03-24 09:57:43.166  2948  3098 D wifi    : onLinkStatsResults: radio_stat.rx_time = 0
03-24 09:57:43.166  2948  3098 D wifi    : android_net_wifi_getLinkLayerStats: radio_stat.on_time = 116
03-24 09:57:43.166  2948  3098 D wifi    : android_net_wifi_getLinkLayerStats: radio_stat.tx_time = 0
03-24 09:57:43.166  2948  3098 D wifi    : android_net_wifi_getLinkLayerStats: radio_stat.rx_time = 0
03-24 09:57:43.170  2948  3098 D WifiStateMachine: Current network is: "JusticeLeague" , ID is: 3
03-24 09:57:43.170  2948  3098 D WifiStateMachine: Current network is still qualified due to heavy traffic, txSuccessRate=1.0723644425414882 rxSuccessRate=1.3224007269676874
03-24 09:57:43.170  2948  3098 D WifiStateMachine: Current network is 5GHz, bail out...
03-24 09:57:43.568  2510  2967 D EnterpriseController: netId is 0
03-24 09:57:43.568  2510  2967 D Netd    : getNetworkForDns: using netid 513 for uid 10103
03-24 09:57:43.568  2510  2967 D DnsProxyListener: DNSDBG::dns addrinfo af 0
03-24 09:57:44.019  4077  4129 D ContactsProvider_EventLog: contents_sample_state: [ contacts(27) data(146) accounts({vnd.sec.contact.phone (1)=2, com.google (2)=28}) accounts deleted({}) calls([]) countryIso(IN) userId(0)  ]

03-24 09:57:44.019  4077  4129 D ContactsProvider_EventLog: contents_sample_state: [ agr({[1 ,2 ,2]=1, [2]=25, [1 ,2]=1})  ]

03-24 09:57:44.019  4077  4129 D ContactsProvider_EventLog: contents_sample_state: [ actCnt({android.process.acore=1, com.google.android.gms=6})  ]
03-24 09:57:44.022  4077  4129 E ContactsProvider_EventLog: Flush buffer to file cnt : 1 size : 0Kb duration : 2ms lastUpdatedAfter : 34826 ms mFlush_time_threasold : 2000 mCurrentSize : 361
03-24 09:57:44.138 28001 28026 D [ACT]:ao: processing priority = NORMAL
03-24 09:57:44.176 28050 28081 D [ACT]:ao: processing priority = NORMAL
03-24 09:57:45.570  2510  2967 D EnterpriseController: netId is 0
03-24 09:57:45.570  2510  2967 D Netd    : getNetworkForDns: using netid 513 for uid 10103
03-24 09:57:45.570  2510  2967 D DnsProxyListener: DNSDBG::dns addrinfo af 0
03-24 09:57:45.609  2948  2948 D SSRM:g  : printTemperature(AP = 350, PST = 360 (W:30), BAT = 327, USB = 0, CHG = 0)
03-24 09:57:46.037  2948  3058 D InputReader: Input event(4): value=1 when=35179721472000
03-24 09:57:46.037  2948  3058 D InputReader: Input event(4): value=1 when=35179721472000
03-24 09:57:46.037  2948  3058 I InputReader: Touch event's action is 0x0 (deviceType=0) [pCnt=1, s=0.1747 ] when=35179721472000
03-24 09:57:46.037  2948  3057 I InputDispatcher: Delivering touch to (3216): action: 0x4, toolType: 1
03-24 09:57:46.037  2948  3057 I InputDispatcher: Delivering touch to (3999): action: 0x0, toolType: 1
03-24 09:57:46.037  2948  3057 I InputDispatcher: Delivering touch to (3216): action: 0x0, toolType: 1
03-24 09:57:46.038  3999  3999 D ViewRootImpl@ca2a926[LauncherActivity]: ViewPostImeInputStage processPointer 0
03-24 09:57:46.038  3999  3999 I System.out: Rect(0, 0 - 1080, 253)
03-24 09:57:46.115  2948  3058 D InputReader: Input event(4): value=0 when=35179800100000
03-24 09:57:46.115  2948  3058 D InputReader: Input event(4): value=0 when=35179800100000
03-24 09:57:46.115  2948  3058 I InputReader: Touch event's action is 0x1 (deviceType=0) [pCnt=1, s=] when=35179800100000
03-24 09:57:46.115  2948  3057 I InputDispatcher: Delivering touch to (3999): action: 0x1, toolType: 1
03-24 09:57:46.115  2948  3057 I InputDispatcher: Delivering touch to (3216): action: 0x1, toolType: 1
03-24 09:57:46.116  3999  3999 D ViewRootImpl@ca2a926[LauncherActivity]: ViewPostImeInputStage processPointer 1
03-24 09:57:46.126  2948  4773 D CustomFrequencyManagerService: acquireDVFSLockLocked : type : DVFS_MIN_LIMIT  frequency : 1586000  uid : 1000  pid : 2948  pkgName : APP_LAUNCH@CPU_MIN@6
03-24 09:57:46.127  3999  3999 D ActivityOptions: semMakeCustomScaleUpAnimation, width : 200, height : 309, opts.mStartX : 646, opts.mStartY : 1532, opts.mIsHomeItem : false
03-24 09:57:46.130  2948  6367 I ActivityManager: START u0 {act=android.intent.action.MAIN typ=null flg=0x10200000 cmp=ComponentInfo{com.yatra.base/com.yatra.base.activity.SplashScreenActivity}} from uid 10073 on display 0
03-24 09:57:46.138 28001 28026 D [ACT]:ao: processing priority = HIGH
03-24 09:57:46.138  2948  6367 D ActivityManager: ActivityRecord() Constructor : multiScreenAttrs=MultiScreenAttrs{mDisplayId=0, mBaseDisplayId=0, mBaseActivity=false}
03-24 09:57:46.139  2948  6367 D CustomFrequencyManagerService: acquireDVFSLockLocked : type : DVFS_MIN_LIMIT  frequency : 1586000  uid : 1000  pid : 2948  pkgName : AMS_APP_SWITCH@CPU_MIN@14
03-24 09:57:46.139  2948  6367 D ActivityManagerPerformance: AMP_acquire() APP_SWITCH
03-24 09:57:46.139  2948  6367 D ActivityManager: moveToFront() : reason=bringingFoundTaskToFront setFocusedActivity isAttached=true TaskRecord{96adba9d0 #194 A=com.yatra.base U=0 StackId=1 sz=1}
03-24 09:57:46.140  2948  5242 D TelephonyManager: getAllCellInfo : Caller (PID / UID / TID): 2948 / 1000 / 5242
03-24 09:57:46.140  2948  6367 D ActivityManager: setFocusStackUnchecked: reason=bringingFoundTaskToFront setFocusedActivity focusCandidate=ActivityStack{9122ec4d0 stackId=1, 1 tasks} caller=com.android.server.am.ActivityStack.moveToFront:879 com.android.server.am.ActivityStackSupervisor.moveActivityStackToFront:2040 
03-24 09:57:46.142  2948  6367 D InputDispatcher: Focused application set to: xxxx
03-24 09:57:46.143  2948  6367 D InputDispatcher: Focus left window: 3999
03-24 09:57:46.145  2948  6367 D ActivityManager: resumeTopActivityInnerLocked() : #1 prevTask=null next=ActivityRecord{7259b7ed0 u0 com.yatra.base/.activity.HomeActivity t194} mFocusedStack=ActivityStack{9122ec4d0 stackId=1, 1 tasks}
03-24 09:57:46.145  2948  6367 D ActivityTrigger: ActivityTrigger activityPauseTrigger 
03-24 09:57:46.145  2948  6367 D GameManagerService: sem_perfomance_mode: 3
03-24 09:57:46.146  2948  6367 D ActivityManager: moveToFront() : reason=sourceStackToFront isAttached=true null
03-24 09:57:46.147  2948  6367 D ActivityTrigger: Activity is Triggerred in full screen 
03-24 09:57:46.148  2948  6367 D ActivityManager: moveToFront() : reason=startedActivity setFocusedActivity isAttached=true TaskRecord{96adba9d0 #194 A=com.yatra.base U=0 StackId=1 sz=2}
03-24 09:57:46.149  2948  6367 D InputDispatcher: Focused application set to: xxxx
03-24 09:57:46.149  2948  6367 D ActivityManager: resumeTopActivityInnerLocked() : #1 prevTask=TaskRecord{96adba9d0 #194 A=com.yatra.base U=0 StackId=1 sz=2} next=ActivityRecord{d27b83d0 u0 com.yatra.base/.activity.SplashScreenActivity t194} mFocusedStack=ActivityStack{9122ec4d0 stackId=1, 1 tasks}
03-24 09:57:46.156  3999  4120 D SamsungAnalytics:1.8.33: [DLC Sender] send result success : 0
03-24 09:57:46.159  3999  3999 D ViewRootImpl@ca2a926[LauncherActivity]: MSG_WINDOW_FOCUS_CHANGED 0
03-24 09:57:46.160  2948  2991 W BroadcastQueue: Permission Denial: broadcasting Intent { act=com.android.launcher3.action.LAUNCH flg=0x10 launchParam=MultiScreenLaunchParams { mDisplayId=0 mBaseDisplayId=0 mFlags=0 } (has extras) } from com.sec.android.app.launcher (pid=3999, uid=10073) requires com.google.android.launcher.permission.RECEIVE_LAUNCH_BROADCASTS due to receiver com.google.android.gms/.icing.proxy.ApplicationLauncherReceiver
03-24 09:57:46.160  2948  2991 W BroadcastQueue: Permission Denial: receiving Intent { act=com.android.launcher3.action.LAUNCH flg=0x10 launchParam=MultiScreenLaunchParams { mDisplayId=0 mBaseDisplayId=0 mFlags=0 } (has extras) } to com.google.android.gms/.chimera.GmsIntentOperationService$GmsExternalReceiver requires com.android.launcher.permission.RECEIVE_LAUNCH_BROADCASTS due to sender com.sec.android.app.launcher (uid 10073)
03-24 09:57:46.164  3999  3999 V Launcher: Launcher.onPause()
03-24 09:57:46.164  3999  3999 D Launcher: setHotWordDetection : call requestHotwordDetection false
03-24 09:57:46.169  2948  3993 D ActivityManager: clearAppIconInfo()
03-24 09:57:46.169  2948  3993 D SamsungAnimationCreator: setAnimationTriggerActivity type 1
03-24 09:57:46.169  2948  3993 D ActivityManager: resumeTopActivityInnerLocked() : #1 prevTask=TaskRecord{ae2f56ed0 #144 I=com.sec.android.app.launcher/com.android.launcher3.Launcher U=0 StackId=0 sz=1} next=ActivityRecord{d27b83d0 u0 com.yatra.base/.activity.SplashScreenActivity t194} mFocusedStack=ActivityStack{9122ec4d0 stackId=1, 1 tasks}
03-24 09:57:46.169  2948  3993 D ActivityManager: applyOptionsLocked(), pendingOptions : ActivityOptions(66340234), mPackageName=com.sec.android.app.launcher, mAnimationType=1001, mStartX=646, mStartY=1532, mWidth=200, mHeight=309
03-24 09:57:46.169  2948  3993 E ActivityManager: applyOptionsLocked: pendingOptions.getStartX()=646pendingOptions.getStartY()=1532
03-24 09:57:46.169  2948  3993 D SamsungAnimationCreator: updateAppTransitionStartValues frame Rect(646, 1532 - 846, 1841)
03-24 09:57:46.170  2948  3993 D ActivityManager: applyOptionsLocked, ANIM_CUSTOM_SCALE_UP, x : 646, y : 1532, isHomeItem : false
03-24 09:57:46.170  2948  3993 D ActivityManager: applyOptionsLocked, ANIM_CUSTOM_SCALE_UP, task.getRootActivity() : ActivityRecord{7259b7ed0 u0 com.yatra.base/.activity.HomeActivity t194}, task.getTaskToReturnTo() : 1
03-24 09:57:46.170  2948  3993 D ActivityManager: setAppIconInfo(), x : 646, y : 1532, width : 200, height : 309, isHomeItem : false
03-24 09:57:46.170  2948  3993 D SamsungAnimationCreator: setAnimationTriggerLauncherScreen type 20
03-24 09:57:46.170  3830  3830 I MicroDetector: Keeping mic open: false
03-24 09:57:46.170  3830 29469 I DeviceStateChecker: DeviceStateChecker cancelled
03-24 09:57:46.170  2948  3993 V WindowManager: rotationForOrientationLw(orient=1, last=0); user=0 USER_ROTATION_LOCKED sensorRotation=-1 mLidState=-1 mDockMode=0 mHdmiPlugged=false
03-24 09:57:46.170  3830  4720 I MicroRecognitionRunner: Stopping hotword detection.
03-24 09:57:46.170  3830 29899 I AudioController: internalShutdown
03-24 09:57:46.171  3830 29894 I MicroRecognitionRunner: Detection finished
03-24 09:57:46.173 26251 26251 D ViewRootImpl@87f4a45[HomeActivity]: mHardwareRenderer.destroy()#1
03-24 09:57:46.174  2948  6367 V WindowManager: Relayout Window{a5a8a25d0 u0 com.yatra.base/com.yatra.base.activity.HomeActivity}: viewVisibility=4 req=1080x1920 WM.LayoutParams{(0,0)(fillxfill) sim=#120 ty=1 fl=#81810100 wanim=0x1030465 vsysui=0x700 needsMenuKey=2 naviIconColor=0}
03-24 09:57:46.177 28050 28081 D [ACT]:ao: processing priority = HIGH
03-24 09:57:46.179 26251 26251 D ViewRootImpl@87f4a45[HomeActivity]: Relayout returned: oldFrame=[0,0][1080,1920] newFrame=[0,0][1080,1920] result=0x1 surface={isValid=false 0} surfaceGenerationChanged=false
03-24 09:57:46.179  2948  3098 D wifi    : onLinkStatsResults: radio_stat.on_time = 116
03-24 09:57:46.179  2948  3098 D wifi    : onLinkStatsResults: radio_stat.tx_time = 0
03-24 09:57:46.179  2948  3098 D wifi    : onLinkStatsResults: radio_stat.rx_time = 0
03-24 09:57:46.179  2948  3098 D wifi    : android_net_wifi_getLinkLayerStats: radio_stat.on_time = 116
03-24 09:57:46.179  2948  3098 D wifi    : android_net_wifi_getLinkLayerStats: radio_stat.tx_time = 0
03-24 09:57:46.179  2948  3098 D wifi    : android_net_wifi_getLinkLayerStats: radio_stat.rx_time = 0
03-24 09:57:46.181  2948  3993 D GameManagerService: sem_perfomance_mode: 3
03-24 09:57:46.181  2948  2948 D GameManagerService: NotifyRunnable. pkg: com.yatra.base, type: 4, isMinimized: false, isTunableApp: false
03-24 09:57:46.182  2948  2948 D GameManagerService: unexpected mPrevNotiType: -1
03-24 09:57:46.182  2948  3993 D MARsPolicyManager: handlePackageResumedFG pkgName = com.yatra.base, userId = 0
03-24 09:57:46.182  2948  3098 D WifiStateMachine: Current network is: "JusticeLeague" , ID is: 3
03-24 09:57:46.182  2948  3098 D WifiStateMachine: Current network is still qualified due to heavy traffic, txSuccessRate=1.036182221270744 rxSuccessRate=1.1612003634838437
03-24 09:57:46.182  2948  3098 D WifiStateMachine: Current network is 5GHz, bail out...
03-24 09:57:46.187  3830 29483 I MicrophoneInputStream: mic_close  SR : 16000 CC : 16 SO : 1999
03-24 09:57:46.189  3425  3456 D ForegroundUtils: could not check pending caller
03-24 09:57:46.190  2948  5242 D GamePkgDataHelper: getGamePkgData(). com.yatra.base
03-24 09:57:46.191  2948  5242 D GameManagerService: identifyGamePackage. com.yatra.base
03-24 09:57:46.193  2948  5242 D GameManagerService: identifyGamePackage. com.yatra.base
03-24 09:57:46.196  2948  2948 D SSRM:g  : printTemperature(AP = 350, PST = 359 (W:30), BAT = 327, USB = 0, CHG = 0)
03-24 09:57:46.197  2948  5242 D GameManagerService: identifyGamePackage. com.yatra.base
03-24 09:57:46.199 26251 26251 V MoEngage_v7716: Trying to add FETCH_MESSAGES to the queue
03-24 09:57:46.199 26251 26251 V MoEngage_v7716: FETCH_MESSAGES added to queue
03-24 09:57:46.200 26251 32542 V MoEngage_v7716: Task completed : FETCH_MESSAGES
03-24 09:57:46.204 26251 26251 V MoEngage_v7716: MoEDispatcher:onStart ----
03-24 09:57:46.204 26251 26251 V MoEngage_v7716: Trying to add START_ACTIVITY to the queue
03-24 09:57:46.204 26251 26251 V MoEngage_v7716: START_ACTIVITY added to queue
03-24 09:57:46.204 26251 32542 V MoEngage_v7716: ActivityStartTask : started execution
03-24 09:57:46.204 26251 26251 V MoEngage_v7716: MoEDispatcher: Fetch or query in app message
03-24 09:57:46.204 26251 32542 V MoEngage_v7716: ActivityLifecycleStart : com.yatra.base.activity.HomeActivity started
03-24 09:57:46.204 26251 26251 V MoEngage_v7716: InAppManager: isFetchRequired: Next server sync will happen in 670 seconds. Is synced in this session ? --> true
03-24 09:57:46.204 26251 26251 V MoEngage_v7716: Trying to add CHECK_IN_APPS to the queue
03-24 09:57:46.204 26251 26251 V MoEngage_v7716: CHECK_IN_APPS added to queue
03-24 09:57:46.204 26251 26251 V MoEngage_v7716: Trying to add SHOW_SELF_HANDLED_INAPP to the queue
03-24 09:57:46.204 26251 26251 V MoEngage_v7716: SHOW_SELF_HANDLED_INAPP added to queue
03-24 09:57:46.204 26251 26251 V MoEngage_v7716: Location: isSyncRequired: Next server sync will happen in 670 seconds
03-24 09:57:46.204 26251 32542 V MoEngage_v7716: Event : {"EVENT_ACTION":"EVENT_ACTION_ACTIVITY_START","EVENT_ATTRS":"{\"ACTIVITY_NAME\":\"com.yatra.base.activity.HomeActivity\"}","EVENT_G_TIME":"1521865666204","EVENT_L_TIME":"24:3:2018:9:57:46"}
03-24 09:57:46.204 26251 26251 V MoEngage_v7716: InAppManager: registerInAppmanager -- 
03-24 09:57:46.207 26251 32542 V MoEngage_v7716: MoEProvider: Added new record : content://com.yatra.base.moengage.provider/datapoints/1
03-24 09:57:46.207  2492  2652 I APM_AudioPolicyManager: stopInput() input 430
03-24 09:57:46.208 26251 32542 V MoEngage_v7716: New Event added with Uri: content://com.yatra.base.moengage.provider/datapoints/1
03-24 09:57:46.211 26251 32542 V MoEngage_v7716: MoEProvider: Deleted 0 record(s) for URI: content://com.yatra.base.moengage.provider/inapps
03-24 09:57:46.211 26251 32542 V MoEngage_v7716: MoEDAO:removeExpiredData: Number of IN APP records deleted: 0
03-24 09:57:46.212  2492 32190 D audio_hw_primary: in_set_parameters: enter: kvpairs: routing=0
03-24 09:57:46.212  2492 32190 V audio_hw_primary: in_set_parameters: exit: status(0)
03-24 09:57:46.212  2492 32190 I audio_hw_primary: do_in_standby : in->standby 0
03-24 09:57:46.213  2492 32190 V audio_hw_primary: select_devices output_scenario:-1 input_scenario:-1 out_snd_device 0x0 in_snd_device:0x0
03-24 09:57:46.213  2492 32190 D audio_hw_spk_amp: check_speaker_amp_off: turning_off_speaker_amp = true 
03-24 09:57:46.213  2492 32190 I audio_hw_primary: skip turning off nxp amp due to google hotword.
03-24 09:57:46.214  2492 32190 I audio_route: > audio_route_reset :
03-24 09:57:46.214  2492 32190 D audio_hw_spk_amp: check_speaker_amp_off: turning_off_speaker_amp = true 
03-24 09:57:46.214  2492 32190 D tfa98xxApp: [NXP] tfa_enable: turning tfa off
03-24 09:57:46.214  2492 32190 D tfa98xxApp: [NXP] tfa_enable: Tfa is already turned off
03-24 09:57:46.214  2492 32190 D tfa_usrdrv: [NXP] tfa_show_status: device = 0, status reg = 0x025d
03-24 09:57:46.214  2492 32190 D tfa98xxApp: [NXP] tfa_enable: end
03-24 09:57:46.214  2492 32190 I audio_route: > audio_route_update_mixer : +
03-24 09:57:46.215 26251 32542 V MoEngage_v7716: MoEProvider: Deleted 0 record(s) for URI: content://com.yatra.base.moengage.provider/messages
03-24 09:57:46.215  2492 32190 I audio_route: > audio_route_update_mixer : changed(7) -
03-24 09:57:46.215  2492 32190 I audio_hw_primary: select_devices - 
03-24 09:57:46.215 26251 32542 V MoEngage_v7716: MoEDAO:removeExpiredData: Number of PromotionalMessage records deleted: 0
03-24 09:57:46.217 26251 32542 V MoEngage_v7716: MoEProvider: Deleted 0 record(s) for URI: content://com.yatra.base.moengage.provider/ubox
03-24 09:57:46.217 26251 32542 V MoEngage_v7716: MoEDAO:removeExpiredData: Number of Unified Inbox records deleted: 0
03-24 09:57:46.217  2948  3485 V WindowManager: Relayout Window{a5a8a25d0 u0 com.yatra.base/com.yatra.base.activity.HomeActivity}: viewVisibility=0 req=1080x1920 WM.LayoutParams{(0,0)(fillxfill) sim=#120 ty=1 fl=#81810100 wanim=0x1030465 vsysui=0x700 needsMenuKey=2 naviIconColor=0}
03-24 09:57:46.219 26251 32542 V MoEngage_v7716: MoEProvider: Deleted 0 record(s) for URI: content://com.yatra.base.moengage.provider/campaignlist
03-24 09:57:46.219  2492  2492 V audio_hw_primary: stop_voice_note_recording
03-24 09:57:46.219  2492  2492 E audio_hw_primary: adev_close_input_stream, set jack_in to null
03-24 09:57:46.219 26251 32542 V MoEngage_v7716: MoEDAO:removeExpiredData: Number of CampaignList records deleted: 0
03-24 09:57:46.221 26251 26251 D ViewRootImpl@87f4a45[HomeActivity]: Relayout returned: oldFrame=[0,0][1080,1920] newFrame=[0,0][1080,1920] result=0x3 surface={isValid=true -1113899008} surfaceGenerationChanged=true
03-24 09:57:46.221 26251 26251 D ViewRootImpl@87f4a45[HomeActivity]: mHardwareRenderer.initialize() mSurface={isValid=true -1113899008} hwInitialized=true
03-24 09:57:46.222 26251 30596 D mali_winsys: EGLint new_window_surface(egl_winsys_display*, void*, EGLSurface, EGLConfig, egl_winsys_surface**, egl_color_buffer_format*, EGLBoolean) returns 0x3000,  [1080x1920]-format:1
03-24 09:57:46.230 26251 32543 I System.out: (HTTPLog)-Static: isSBSettingEnabled false
03-24 09:57:46.230 26251 32543 I System.out: (HTTPLog)-Static: isSBSettingEnabled false
03-24 09:57:46.232  2510  2967 D EnterpriseController: netId is 0
03-24 09:57:46.232  2510  2967 D Netd    : getNetworkForDns: using netid 513 for uid 10178
03-24 09:57:46.232  2510  2967 D DnsProxyListener: DNSDBG::dns addrinfo af 0
03-24 09:57:46.244 26251 26251 D ytlog   :  App already started , So Closing this activity to show the existing activity
03-24 09:57:46.245  2948  3485 W MultiScreenManagerService: moveTaskBackToDisplayIfNeeded(): The task has more than one activity
03-24 09:57:46.246  2948  3485 D ActivityManager: moveToFront() : reason=finishActivity adjustFocus setFocusedActivity isAttached=true TaskRecord{96adba9d0 #194 A=com.yatra.base U=0 StackId=1 sz=2}
03-24 09:57:46.248  2948  3485 D InputDispatcher: Focused application set to: xxxx
03-24 09:57:46.248  2948  2992 D WindowManager: set systemUiVisibility of statusbar : systemUiFlags= 0x708 fullscreenStackSysUiFlag= 0x0
03-24 09:57:46.249  2948  3485 D InputDispatcher: Focus entered window: 26251
03-24 09:57:46.249  2948  3485 D ActivityTrigger: ActivityTrigger activityPauseTrigger 
03-24 09:57:46.250  2948  3485 D GameManagerService: sem_perfomance_mode: 3
03-24 09:57:46.264 26251 32545 V MoEngage_v7716: MoEPushWorker#onHandleIntent
03-24 09:57:46.271  3830 29483 I PBSessionCacheImpl: Deleted sessionId[16846039772008717] from persistence.
03-24 09:57:46.280  3830  3830 W SearchService: Abort, client detached.
03-24 09:57:46.288  2948  2948 I Telecom : TelecomFeature: getContactsPackageName: com.samsung.android.contacts: TSI.gDDP@Ar8
03-24 09:57:46.288  2948  2948 I Telecom : com.android.server.telecom.TelecomServiceImpl: getUiDefaultPackage : com.samsung.android.contacts: TSI.gDDP@Ar8
03-24 09:57:46.289  2948  2948 I Telecom : TelecomFeature: getContactsPackageName: com.samsung.android.contacts
03-24 09:57:46.309  3216  3216 I ApplicationPackageManager: load=com.android.vending, bg=144-144, dr=126-126, forDefault=true
03-24 09:57:46.310  3216  3216 I ApplicationPackageManager: scaled rate=0.72, size=126, alpha=3, hold=26
03-24 09:57:46.311  3216  3216 D ApplicationPackageManager: iconScale: getScale(): 0.72 getAlpha(): 3
03-24 09:57:46.314  3216  3216 I ApplicationPackageManager: load=com.android.vending-contain, bg=166-166, dr=126-126
03-24 09:57:46.320  2948  3108 D WindowManager: finishDrawingWindow: Window{a5a8a25d0 u0 com.yatra.base/com.yatra.base.activity.HomeActivity} mDrawState=READY_TO_SHOW
03-24 09:57:46.321 26251 26251 D ViewRootImpl@87f4a45[HomeActivity]: MSG_WINDOW_FOCUS_CHANGED 1
03-24 09:57:46.321 26251 26251 D ViewRootImpl@87f4a45[HomeActivity]: mHardwareRenderer.initializeIfNeeded()#2 mSurface={isValid=true -1113899008}
03-24 09:57:46.325 26251 26251 V InputMethodManager: Starting input: tba=android.view.inputmethod.EditorInfo@2889852 nm : com.yatra.base ic=null
03-24 09:57:46.325 26251 26251 I InputMethodManager: [IMM] startInputInner - mService.startInputOrWindowGainedFocus
03-24 09:57:46.325  2948  2974 D InputMethodManagerService: windowGainedFocus mCurrentFocusedUserId - 0 and mSecureKeypadEnabled-false
03-24 09:57:46.326  2948  3150 D MdnieScenarioControlService:  packageName : com.yatra.base    className : com.yatra.base.activity.HomeActivity
03-24 09:57:46.326  2948  2974 V InputMethodManagerService: windowGainedFocus: reason=WINDOW_FOCUS_GAIN client=android.os.BinderProxy@67b3bb7 inputContext=null missingMethods= attribute=android.view.inputmethod.EditorInfo@bce95c nm = com.yatra.base controlFlags=#105 softInputMode=#20 windowFlags=#81810100
03-24 09:57:46.326  2948  2974 V InputMethodManagerService: Unspecified window will hide input
03-24 09:57:46.326  2948  2974 V InputMethodManagerService: hideCurrentInputLocked - !shouldHideSoftInput
03-24 09:57:46.326  2948  3150 V MdnieScenarioControlService: setUIMode from UI function(3)
03-24 09:57:46.327  3999  3999 D InputTransport: Input channel destroyed: fd=86
03-24 09:57:46.327  2948  2974 D InputTransport: Input channel constructed: fd=354
03-24 09:57:46.327  2948  2974 D InputTransport: Input channel destroyed: fd=354
03-24 09:57:46.328 26251 26251 D InputTransport: Input channel constructed: fd=138
03-24 09:57:46.328  4339  4339 I SKBD    : SamsungKeypad onFinishInput took nanoTime: 90231
03-24 09:57:46.328  4339  4339 I SKBD    : SamsungKeypad [IMI] onStartInput - caller packageName : com.yatra.base
03-24 09:57:46.328  2948  9620 D ActivityManager: isCustomScaleDownAnimationAllowed() : true
03-24 09:57:46.328  2948  9620 D ActivityManager: setAppIconInfo(), x : 646, y : 1532, width : 200, height : 309, isHomeItem : false
03-24 09:57:46.329  2948  9620 D ActivityManager: resumeTopActivityInnerLocked() : #1 prevTask=TaskRecord{96adba9d0 #194 A=com.yatra.base U=0 StackId=1 sz=2} next=ActivityRecord{7259b7ed0 u0 com.yatra.base/.activity.HomeActivity t194} mFocusedStack=ActivityStack{9122ec4d0 stackId=1, 1 tasks}
03-24 09:57:46.329  2948  9620 D ActivityManager: applyOptionsLocked(), pendingOptions : null
03-24 09:57:46.336  2948  9620 D GameManagerService: sem_perfomance_mode: 3
03-24 09:57:46.336  2948  9620 D MARsPolicyManager: handlePackageResumedFG pkgName = com.yatra.base, userId = 0
03-24 09:57:46.336  2948  2948 D GameManagerService: NotifyRunnable. pkg: com.yatra.base, type: 4, isMinimized: false, isTunableApp: false
03-24 09:57:46.336  2948  2948 D GameManagerService: unexpected mPrevNotiType: -1
03-24 09:57:46.338  2948  9620 D CHNLowEndSamsungAnimationCreator: createSamsungAnimation type/enter : 12/false
03-24 09:57:46.338  2948  9620 D CHNLowEndSamsungAnimationCreator: createSamsungAnimation wallpaerXOffset : -420
03-24 09:57:46.338  2948  9620 D CHNLowEndSamsungAnimationCreator: createSamsungAnimation isSplit/isFixedOrientation : false/false
03-24 09:57:46.338  2948  9620 D CHNLowEndSamsungAnimationCreator: createSamsungAnimation type/enter : 1001/false
03-24 09:57:46.338  2948  9620 D CHNLowEndSamsungAnimationCreator: createSamsungAnimation wallpaerXOffset : -1
03-24 09:57:46.338  2948  9620 D CHNLowEndSamsungAnimationCreator: createSamsungAnimation isSplit/isFixedOrientation : false/false
03-24 09:57:46.338  2948  9620 D CHNLowEndSamsungAnimationCreator: createSamsungAnimation displayFrame/frame/insets : Rect(0, 0 - 1080, 1920)/Rect(0, 0 - 1080, 1920)/Rect(0, 0 - 0, 0)
03-24 09:57:46.338  2948  9620 D CHNLowEndSamsungAnimationCreator: createSamsungAppEnterAnimation
03-24 09:57:46.339  2948  9620 D CHNLowEndSamsungAnimationCreator: createSamsungAnimation type/enter : 1001/true
03-24 09:57:46.339  2948  9620 D CHNLowEndSamsungAnimationCreator: createSamsungAnimation wallpaerXOffset : -1
03-24 09:57:46.339  2948  9620 D CHNLowEndSamsungAnimationCreator: createSamsungAnimation isSplit/isFixedOrientation : false/false
03-24 09:57:46.339  2948  9620 D CHNLowEndSamsungAnimationCreator: createSamsungAnimation displayFrame/frame/insets : Rect(0, 0 - 1080, 1920)/Rect(0, 0 - 1080, 1920)/Rect(0, 63 - 0, 0)
03-24 09:57:46.339  2948  9620 D CHNLowEndSamsungAnimationCreator: createSamsungAppEnterAnimation
03-24 09:57:46.339  3999  3999 I Launcher: onWindowVisibilityChanged : false
03-24 09:57:46.347 26251 32542 V MoEngage_v7716: ActivityStartTask : completed execution
03-24 09:57:46.347 26251 26251 W IInputConnectionWrapper: reportFullscreenMode on inexistent InputConnection
03-24 09:57:46.347 26251 32542 V MoEngage_v7716: Task completed : START_ACTIVITY
03-24 09:57:46.348 26251 32548 V MoEngage_v7716: ShowSelfHandledInAppTask : executing task
03-24 09:57:46.348 26251 32548 I MoEngage_v7716: InAppManager: getInAppMessageToShow for type: SELF_HANDLED ALIGN_TYPE: null
03-24 09:57:46.348 26251 32548 V MoEngage_v7716: ShowSelfHandledInAppTask : completed task
03-24 09:57:46.348 26251 32548 V MoEngage_v7716: Task completed : SHOW_SELF_HANDLED_INAPP
03-24 09:57:46.349 26251 32542 V MoEngage_v7716: CheckInAppTask  :execution started
03-24 09:57:46.349 26251 32542 I MoEngage_v7716: InAppManager: getInAppMessageToShow for type: GENERAL ALIGN_TYPE: null
03-24 09:57:46.350 26251 32542 V MoEngage_v7716: CheckInAppTask  :execution completed
03-24 09:57:46.350 26251 32542 V MoEngage_v7716: Task completed : CHECK_IN_APPS
03-24 09:57:46.350 26251 32542 V MoEngage_v7716: CheckInAppTask : executing postExecute
03-24 09:57:46.350 26251 32542 V MoEngage_v7716: CheckInAppTask : completed postExecute
03-24 09:57:46.351  2948  3985 D SamsungAlarmManager: Cancel Alarm calling from uid:10022 pid :4031 / op:PendingIntent{32c11e1: PendingIntentRecord{c3c5b06 com.google.android.gms broadcastIntent}}
03-24 09:57:46.358 26251 26251 I Hansel  : Won't sync the hotfixes for another 114712 sec. If you want to sync the hotfixes right away, please delete your application cache or reinstall the application
03-24 09:57:46.358 26251 26251 I Hansel  : app did move to foreground
03-24 09:57:46.358 26251 26251 I AppsFlyer_4.3.8: onBecameForeground
03-24 09:57:46.359  2948  3146 D SamsungAlarmManager: setExact Intent (T:2/F:0/AC:false) 20180324T113927 - CU:10022/CP:4031
03-24 09:57:46.361 26251 26301 I Hansel  : Won't sync the features for another 28313 sec. If you want to sync the hotfixes right away, please delete your application cache or reinstall the application
03-24 09:57:46.361 26251 26251 V MoEngage_v7716: Activity onResume called for com.yatra.base.activity.HomeActivity@9b9fa9a
03-24 09:57:46.361 26251 26301 I Hansel  : Won't sync the secondary hotfixes for another 28315 sec. If you want to sync the hotfixes right away, please delete your application cache or reinstall the application
03-24 09:57:46.361 26251 26251 D ytlog   : collectLifecycleData called for HomeActivity
03-24 09:57:46.362 26251 32550 I System.out: (HTTPLog)-Static: isSBSettingEnabled false
03-24 09:57:46.362 26251 26251 D timeTaken: 1521865666362
03-24 09:57:46.362 26251 32550 I System.out: (HTTPLog)-Static: isSBSettingEnabled false
03-24 09:57:46.364  2510  2967 D EnterpriseController: netId is 0
03-24 09:57:46.364  2510  2967 D Netd    : getNetworkForDns: using netid 513 for uid 10178
03-24 09:57:46.364  2510  2967 D DnsProxyListener: DNSDBG::dns addrinfo af 0
03-24 09:57:46.364 26251 32552 V MoEngage_v7716: NudgeView: fetchAndShowNudge: Checking for Nudge
03-24 09:57:46.364 26251 32551 I AppsFlyer_4.3.8: AsendTrackingWithEvent from activity: com.yatra.base.activity.HomeActivity
03-24 09:57:46.365 26251 32551 I AppsFlyer_4.3.8: ******* sendTrackingWithEvent: Launch
03-24 09:57:46.365 26251 32552 I MoEngage_v7716: InAppManager: getInAppMessageToShow for type: GENERAL ALIGN_TYPE: EMBED
03-24 09:57:46.365 26251 26251 V MoEngage_v7716: Activity onResume called for com.yatra.base.activity.HomeActivity@9b9fa9a
03-24 09:57:46.366 26251 26251 D ytlog   : collectLifecycleData called for HomeActivity
03-24 09:57:46.366 26251 26251 D NotificationViewModel: UnReadNotificationCount: android.arch.lifecycle.ComputableLiveData$1@7c92651
03-24 09:57:46.366 26251 26251 D HomeActivity: updateUnreadPushMessageCount: 3
03-24 09:57:46.366 26251 26251 D HomeActivity: updateUnreadPushMessage_updating:
03-24 09:57:46.367 26251 26251 I ContainerHSingleton: getting value
03-24 09:57:46.367 26251 26251 D com.yatra.base.utils.NotificationFilterUtility: PayLoadFromService: {"data":[{"title":"Party on your mind?","message":"Book hotels in destination of your choice & Get up to 70% OFF |Extra 10% using eCash","code":"HOTEL18","inbox_expiry":"1522520999","notificationType":"OPEN_HOTEL_BE"},{"title":"Steal Deal","message":"Book Now and get up to Rs.15,000 Instant Discount on International Flights| Use code:INTFLY17| T&C","notificationType":"OPEN_FLIGHT_BE"},{"title":"Let us help you plan a Holiday!","message": "UseXplore to find the best Airfares to your Dream Holiday Destination.","notificationType": "OPEN_HOME_PAGE"}]}
03-24 09:57:46.368 26251 26251 D com.yatra.base.utils.NotificationFilterUtility: OldDummyBundleData: For 2:: Bundle[{title=Let us help you plan a Holiday!, message=UseXplore to find the best Airfares to your Dream Holiday Destination., notificationType=OPEN_HOME_PAGE}]
03-24 09:57:46.368 26251 26251 D com.yatra.base.utils.NotificationFilterUtility: NewDummyBundleData: For 2:: Bundle[{title=Let us help you plan a Holiday!, message=UseXplore to find the best Airfares to your Dream Holiday Destination., notificationType=OPEN_HOME_PAGE}]
03-24 09:57:46.368 26251 26251 D com.yatra.base.utils.NotificationFilterUtility: OldDummyBundleData: For 1:: Bundle[{title=Steal Deal, message=Book Now and get up to Rs.15,000 Instant Discount on International Flights| Use code:INTFLY17| T&C, notificationType=OPEN_FLIGHT_BE}]
03-24 09:57:46.369 26251 26251 D com.yatra.base.utils.NotificationFilterUtility: NewDummyBundleData: For 1:: Bundle[{title=Steal Deal, message=Book Now and get up to Rs.15,000 Instant Discount on International Flights| Use code:INTFLY17| T&C, notificationType=OPEN_FLIGHT_BE}]
03-24 09:57:46.369 26251 26251 D com.yatra.base.utils.NotificationFilterUtility: OldDummyBundleData: For 0:: Bundle[{inbox_expiry=1522520999, code=HOTEL18, title=Party on your mind?, message=Book hotels in destination of your choice & Get up to 70% OFF |Extra 10% using eCash, notificationType=OPEN_HOTEL_BE}]
03-24 09:57:46.369 26251 26251 D com.yatra.base.utils.NotificationFilterUtility: NewDummyBundleData: For 0:: Bundle[{inbox_expiry=1522520999, code=HOTEL18, title=Party on your mind?, message=Book hotels in destination of your choice & Get up to 70% OFF |Extra 10% using eCash, notificationType=OPEN_HOTEL_BE}]
03-24 09:57:46.375  2948  9621 D ActivityManager: post active user change for 0 fullscreen true isHomeActivity() false
03-24 09:57:46.382  3999  3999 D ViewRootImpl@ca2a926[LauncherActivity]: mHardwareRenderer.destroy()#1
03-24 09:57:46.383  2948 13154 V WindowManager: Relayout Window{5c16cd6d0 u0 com.sec.android.app.launcher/com.sec.android.app.launcher.activities.LauncherActivity}: viewVisibility=8 req=1080x1920 WM.LayoutParams{(0,0)(fillxfill) sim=#30 ty=1 fl=#81910d00 pfl=0x20000 fmt=-2 wanim=0x103038a vsysui=0x700 needsMenuKey=2}
03-24 09:57:46.391  3999  3999 D ViewRootImpl@ca2a926[LauncherActivity]: Relayout returned: oldFrame=[0,0][1080,1920] newFrame=[0,0][1080,1920] result=0x5 surface={isValid=false 0} surfaceGenerationChanged=true
03-24 09:57:46.393 26251 32551 I AppsFlyer_4.3.8: IMEI was not collected.
03-24 09:57:46.395  2948  3089 V WindowManager: Relayout Window{a5a8a25d0 u0 com.yatra.base/com.yatra.base.activity.HomeActivity}: viewVisibility=0 req=1080x1920 WM.LayoutParams{(0,0)(fillxfill) sim=#120 ty=1 fl=#81810100 wanim=0x1030465 vsysui=0x700 needsMenuKey=2 naviIconColor=0}
03-24 09:57:46.399 26251 32551 I AppsFlyer_4.3.8: Android ID was not collected.
03-24 09:57:46.402 26251 26251 D ViewRootImpl@87f4a45[HomeActivity]: Relayout returned: oldFrame=[0,0][1080,1920] newFrame=[0,0][1080,1920] result=0x1 surface={isValid=true -1113899008} surfaceGenerationChanged=false
03-24 09:57:46.408 26251 26251 W Activity: AppLock checkAppLockState locked:false verifying:false pkgName = com.yatra.base isInMultiWindowMode:false
03-24 09:57:46.429 26251 26257 I art     : Do full code cache collection, code=92KB, data=123KB
03-24 09:57:46.430 26251 26257 I art     : After code cache collection, code=86KB, data=86KB
03-24 09:57:46.441 26251 32551 I AppsFlyer_4.3.8: AppsFlyer: first launch date: 2018-03-23_1749+0530
03-24 09:57:46.441 26251 32551 I AppsFlyer_4.3.8: AppsFlyerLib.sendTrackingWithEvent
03-24 09:57:46.443 26251 32551 I AppsFlyer_4.3.8: url: https://t.appsflyer.com/api/v4/androidevent?buildnumber=3.8&app_id=com.yatra.base
03-24 09:57:46.444 26251 32551 I AppsFlyer_4.3.8: data: {"installAttribution":"{\"af_message\":\"organic install\",\"af_status\":\"Organic\"}","device":"j7y17lte","firstLaunchDate":"2018-03-23_1749+0530","installDate":"2018-03-23_1748+0530","sdk":"24","carrier":"","deviceFingerPrintId":"ffffffff-f5c5-8982-0000-00005f73c336","date1":"2018-03-23_1748+0530","af_preinstalled":"false","advertiserIdEnabled":"true","iaecounter":"2","appsflyerKey":"LC****************WW5V","lang_code":"en","app_version_name":"12.8.3","lang":"English","af_google_instance_id":"cJaLFoQVSuo","timepassedsincelastlaunch":"235","dkh":"LCyNi6Pk","advertiserId":"94137da1-3a18-480e-86f7-383e7ee89ca5","isGaidWithGps":"true","deviceType":"user","af_v":"0219f47078206248a480962bb398811bc095241b","app_version_code":"236","af_events_api":"1","network":"WIFI","platformextension":"android_native","operator":"","country":"GB","date2":"2018-03-23_2031+0530","brand":"samsung","af_timestamp":"1521865666364","uid":"1521807510967-9078637219125729920","isFirstCall":"false","counter":"5","model":"SM-J730GM","product":"j7y17ltextc"}
03-24 09:57:46.445 26251 32551 I System.out: (HTTPLog)-Static: isSBSettingEnabled false
03-24 09:57:46.445 26251 32551 I System.out: (HTTPLog)-Static: isSBSettingEnabled false
03-24 09:57:46.447  2510  2967 D EnterpriseController: netId is 0
03-24 09:57:46.447  2510  2967 D Netd    : getNetworkForDns: using netid 513 for uid 10178
03-24 09:57:46.447  2510  2967 D DnsProxyListener: DNSDBG::dns addrinfo af 0
03-24 09:57:46.581  3216  3216 D ImageWallpaper: onVisibilityChanged: mVisible=true visible=false
03-24 09:57:46.581  3216  3216 D ImageWallpaper: Visibility changed to visible=false
03-24 09:57:46.583  2948  3001 D CustomFrequencyManagerService: acquireDVFSLockLocked : type : DVFS_MIN_LIMIT  frequency : 1482000  uid : 1000  pid : 2948  pkgName : AMS_RESUME_TAIL@CPU_MIN@20
03-24 09:57:46.583  2948  3001 D ActivityManagerPerformance: AMP_acquire() TAIL
03-24 09:57:46.583  2948  3001 D CustomFrequencyManagerService: releaseDVFSLockLocked : Getting Lock type frm List : DVFS_MIN_LIMIT  frequency : 1586000  uid : 1000  pid : 2948  tag : AMS_APP_SWITCH@CPU_MIN@14
03-24 09:57:46.584  2948  3001 D ActivityManagerPerformance: AMP_release() APP_SWITCH
03-24 09:57:46.584  2948  2991 D ActivityTrigger: ActivityTrigger activityStopTrigger 
03-24 09:57:46.586  3999  3999 D StageManager: saved stages : inStack [1, 2] , outStack[]
03-24 09:57:46.595  2948  2974 I WindowManager_SurfaceController: Destroying surface Surface(name=com.sec.android.app.launcher/com.sec.android.app.launcher.activities.LauncherActivity) called by com.android.server.wm.WindowStateAnimator.destroySurface:3070 com.android.server.wm.WindowStateAnimator.destroySurfaceLocked:1138 com.android.server.wm.WindowState.destroyOrSaveSurface:2798 com.android.server.wm.AppWindowToken.destroySurfaces:434 com.android.server.wm.AppWindowToken.destroySurfaces:398 com.android.server.wm.AppWindowToken.notifyAppStopped:478 com.android.server.wm.WindowManagerService.notifyAppStopped:5510 com.android.server.am.ActivityStack.activityStoppedLocked:1593 
03-24 09:57:46.595  2412  3056 I SurfaceFlinger: id=886 Removed com.sec.android.app.launcher/com.sec.android.app.launcher.activities.LauncherActivity (1/5)
03-24 09:57:46.596  2412  2421 I SurfaceFlinger: id=886 Removed com.sec.android.app.launcher/com.sec.android.app.launcher.activities.LauncherActivity (-2/5)
03-24 09:57:46.599  3425  3456 D ForegroundUtils: could not check pending caller
03-24 09:57:46.729  2948  3150 D MdnieScenarioControlService:  packageName : com.yatra.base    className : com.yatra.base.activity.HomeActivity
03-24 09:57:46.730  2948  3150 V MdnieScenarioControlService: setUIMode from UI function(3)
03-24 09:57:46.819  3830  3840 I art     : Background partial concurrent mark sweep GC freed 370376(16MB) AllocSpace objects, 16(3MB) LOS objects, 39% free, 24MB/40MB, paused 2.361ms total 168.879ms
03-24 09:57:47.119 26251 32559 I System.out: (HTTPLog)-Static: isSBSettingEnabled false
03-24 09:57:47.120 26251 32559 I System.out: (HTTPLog)-Static: isSBSettingEnabled false
03-24 09:57:47.121  2510  2967 D EnterpriseController: netId is 0
03-24 09:57:47.121  2510  2967 D Netd    : getNetworkForDns: using netid 513 for uid 10178
03-24 09:57:47.121  2510  2967 D DnsProxyListener: DNSDBG::dns addrinfo af 0
03-24 09:57:47.182  2948 13153 D AppWidgetServiceImpl: updateAppWidgetInstanceLocked, merge! widget = AppWidgetId{3:Host{HostId{user:0, app:10073, hostId:1024, pkg:com.sec.android.app.launcher}}:Provider{ProviderId{user:0, app:10084, cmp:ComponentInfo{com.google.android.googlequicksearchbox/com.google.android.googlequicksearchbox.SearchWidgetProvider}}}}
03-24 09:57:47.183  2948  2948 D CustomFrequencyManagerService: FrequencyrequestList.getNextCStateDisableRequest, index: 1
03-24 09:57:47.184  2948  2948 D CustomFrequencyManagerService: releaseDVFSLockLocked : Getting Lock type frm List : DVFS_MIN_LIMIT  frequency : 1482000  uid : 1000  pid : 2948  tag : AMS_RESUME_TAIL@CPU_MIN@20
03-24 09:57:47.185  2948  2948 D AppWidgetServiceImpl: handleNotifyUpdateAppWidget, w = AppWidgetId{3:Host{HostId{user:0, app:10073, hostId:1024, pkg:com.sec.android.app.launcher}}:Provider{ProviderId{user:0, app:10084, cmp:ComponentInfo{com.google.android.googlequicksearchbox/com.google.android.googlequicksearchbox.SearchWidgetProvider}}}}, isBlackListWidget = false, mIsPolicySeqNum = true, mIsPolicyTooLarge = true, mIsPolicySkipMerge = true
03-24 09:57:47.185  2948  2948 D AppWidgetServiceImpl: handleNotifyUpdateAppWidget, seqNumber = 26
03-24 09:57:47.193  3698  3698 D io_stats: !@ 179,0 r 204889 7951964 w 306962 6200864 d 32222 55251852 f 150592 150497 iot 315430 278988 th 51200 0 0 pt 0 inp 0 0 35180.877
03-24 09:57:47.366 26251 32551 D AppsFlyer_4.3.8: response code: 200
03-24 09:57:47.367 26251 32551 D AppsFlyer_3.8: attribute: af_message = organic install
03-24 09:57:47.367 26251 32551 D AppsFlyer_3.8: attribute: af_status = Organic
03-24 09:57:47.572  2510  2967 D EnterpriseController: netId is 0
03-24 09:57:47.572  2510  2967 D Netd    : getNetworkForDns: using netid 513 for uid 10103
03-24 09:57:47.572  2510  2967 D DnsProxyListener: DNSDBG::dns addrinfo af 0
03-24 09:57:48.136  2948  2974 D CustomFrequencyManagerService: releaseDVFSLockLocked : Getting Lock type frm List : DVFS_MIN_LIMIT  frequency : 1586000  uid : 1000  pid : 2948  tag : APP_LAUNCH@CPU_MIN@6
03-24 09:57:48.138 28001 28026 D [ACT]:ao: processing priority = NORMAL
03-24 09:57:48.177 28050 28081 D [ACT]:ao: processing priority = NORMAL
03-24 09:57:48.428  2948  3058 D InputReader: Input event(4): value=1 when=35182112640000
03-24 09:57:48.428  2948  3058 D InputReader: Input event(4): value=1 when=35182112640000
03-24 09:57:48.428  2948  3058 I InputReader: Touch event's action is 0x0 (deviceType=0) [pCnt=1, s=0.1748 ] when=35182112640000
03-24 09:57:48.428  2948  3057 I InputDispatcher: Delivering touch to (3216): action: 0x4, toolType: 1
03-24 09:57:48.428  2948  3057 I InputDispatcher: Delivering touch to (26251): action: 0x0, toolType: 1
03-24 09:57:48.429 26251 26251 D ViewRootImpl@87f4a45[HomeActivity]: ViewPostImeInputStage processPointer 0
03-24 09:57:48.430 26251 26251 W System  : ClassLoader referenced unknown path: /system/framework/QPerformance.jar
03-24 09:57:48.430 26251 26251 E BoostFramework: BoostFramework() : Exception_1 = java.lang.ClassNotFoundException: Didn't find class "com.qualcomm.qti.Performance" on path: DexPathList[[],nativeLibraryDirectories=[/system/lib, /vendor/lib]]
03-24 09:57:48.431 26251 26251 V BoostFramework: BoostFramework() : mPerf = null
03-24 09:57:48.507  2948  3058 D InputReader: Input event(4): value=0 when=35182192040000
03-24 09:57:48.507  2948  3058 D InputReader: Input event(4): value=0 when=35182192040000
03-24 09:57:48.507  2948  3058 I InputReader: Touch event's action is 0x1 (deviceType=0) [pCnt=1, s=] when=35182192040000
03-24 09:57:48.507  2948  3057 I InputDispatcher: Delivering touch to (26251): action: 0x1, toolType: 1
03-24 09:57:48.508 26251 26251 D ViewRootImpl@87f4a45[HomeActivity]: ViewPostImeInputStage processPointer 1
03-24 09:57:48.511 26251 26251 E Request Parameters::: {lon=77.6118828, lat=12.9372254}
03-24 09:57:48.512 26251 26251 D ytlog   :  Post Method Request String is osVersion=24&deviceId=ef5dd9610bb29e6d&lon=77.6118828&sessionId=ef5dd9610bb29e6d15218293704969919&appVersion=236&lat=12.9372254
03-24 09:57:48.515 26251 32564 D ytlog   : URL:https://172.16.6.15:2438/ccwebapp/mobile/common/mdomandroid/homePageDetails.htm
03-24 09:57:48.530 26251 32564 D ytlog   : Sso token:::BEARER ZGQyZTgwOGQtMzkzMS00NDk0LTljNWQtZGIyOWVmZTdjZjll
03-24 09:57:48.530 26251 32564 I System.out: (HTTPLog)-Static: isSBSettingEnabled false
03-24 09:57:48.531 26251 32564 I System.out: (HTTPLog)-Static: isSBSettingEnabled false
03-24 09:57:48.847 26251 32564 I ytlog   : RestUtilImpl:Approving certificate for 172.16.6.15
03-24 09:57:49.190  2948  3098 D wifi    : onLinkStatsResults: radio_stat.on_time = 116
03-24 09:57:49.191  2948  3098 D wifi    : onLinkStatsResults: radio_stat.tx_time = 0
03-24 09:57:49.191  2948  3098 D wifi    : onLinkStatsResults: radio_stat.rx_time = 0
03-24 09:57:49.191  2948  3098 D wifi    : android_net_wifi_getLinkLayerStats: radio_stat.on_time = 116
03-24 09:57:49.191  2948  3098 D wifi    : android_net_wifi_getLinkLayerStats: radio_stat.tx_time = 0
03-24 09:57:49.191  2948  3098 D wifi    : android_net_wifi_getLinkLayerStats: radio_stat.rx_time = 0
03-24 09:57:49.194  2948  3098 D WifiStateMachine: Current network is: "JusticeLeague" , ID is: 3
03-24 09:57:49.194  2948  3098 D WifiStateMachine: Current network is still qualified due to heavy traffic, txSuccessRate=27.51809111063537 rxSuccessRate=24.58060018174192
03-24 09:57:49.194  2948  3098 D WifiStateMachine: Current network is 5GHz, bail out...
